main.c:122:6:set_home	8	static
main.c:130:6:return_home	8	static
main.c:139:6:move_cursor	16	static
main.c:173:6:draw_char	32	static
main.c:190:5:main	24	static
main.c:286:6:SystemClock_Config	232	static
main.c:360:13:MX_I2C1_Init	8	static
main.c:406:13:MX_I2C2_Init	8	static
main.c:452:13:MX_RNG_Init	8	static
main.c:478:13:MX_SPI2_Init	8	static
main.c:518:13:MX_TIM2_Init	40	static
main.c:564:13:MX_USART2_UART_Init	8	static
main.c:599:13:MX_GPIO_Init	56	static
main.c:810:6:StartDefaultTask	40	static
main.c:899:6:StartTask02	88	static
main.c:1053:6:HAL_TIM_PeriodElapsedCallback	16	static
main.c:1070:6:Error_Handler	4	static
