Archive member included to satisfy reference by file (symbol)

/opt/st/stm32cubeide_1.3.0/plugins/com.st.stm32cube.ide.mcu.externaltools.gnu-tools-for-stm32.7-2018-q2-update.linux64_1.0.0.201904181610/tools/bin/../lib/gcc/arm-none-eabi/7.3.1/../../../../arm-none-eabi/lib/thumb/v7e-m/fpv4-sp/hard/libc_nano.a(lib_a-errno.o)
                              Core/Src/syscalls.o (__errno)
/opt/st/stm32cubeide_1.3.0/plugins/com.st.stm32cube.ide.mcu.externaltools.gnu-tools-for-stm32.7-2018-q2-update.linux64_1.0.0.201904181610/tools/bin/../lib/gcc/arm-none-eabi/7.3.1/../../../../arm-none-eabi/lib/thumb/v7e-m/fpv4-sp/hard/libc_nano.a(lib_a-exit.o)
                              /opt/st/stm32cubeide_1.3.0/plugins/com.st.stm32cube.ide.mcu.externaltools.gnu-tools-for-stm32.7-2018-q2-update.linux64_1.0.0.201904181610/tools/bin/../lib/gcc/arm-none-eabi/7.3.1/../../../../arm-none-eabi/lib/thumb/v7e-m/fpv4-sp/hard/crt0.o (exit)
/opt/st/stm32cubeide_1.3.0/plugins/com.st.stm32cube.ide.mcu.externaltools.gnu-tools-for-stm32.7-2018-q2-update.linux64_1.0.0.201904181610/tools/bin/../lib/gcc/arm-none-eabi/7.3.1/../../../../arm-none-eabi/lib/thumb/v7e-m/fpv4-sp/hard/libc_nano.a(lib_a-impure.o)
                              /opt/st/stm32cubeide_1.3.0/plugins/com.st.stm32cube.ide.mcu.externaltools.gnu-tools-for-stm32.7-2018-q2-update.linux64_1.0.0.201904181610/tools/bin/../lib/gcc/arm-none-eabi/7.3.1/../../../../arm-none-eabi/lib/thumb/v7e-m/fpv4-sp/hard/libc_nano.a(lib_a-exit.o) (_global_impure_ptr)
/opt/st/stm32cubeide_1.3.0/plugins/com.st.stm32cube.ide.mcu.externaltools.gnu-tools-for-stm32.7-2018-q2-update.linux64_1.0.0.201904181610/tools/bin/../lib/gcc/arm-none-eabi/7.3.1/../../../../arm-none-eabi/lib/thumb/v7e-m/fpv4-sp/hard/libc_nano.a(lib_a-init.o)
                              /opt/st/stm32cubeide_1.3.0/plugins/com.st.stm32cube.ide.mcu.externaltools.gnu-tools-for-stm32.7-2018-q2-update.linux64_1.0.0.201904181610/tools/bin/../lib/gcc/arm-none-eabi/7.3.1/../../../../arm-none-eabi/lib/thumb/v7e-m/fpv4-sp/hard/crt0.o (__libc_init_array)
/opt/st/stm32cubeide_1.3.0/plugins/com.st.stm32cube.ide.mcu.externaltools.gnu-tools-for-stm32.7-2018-q2-update.linux64_1.0.0.201904181610/tools/bin/../lib/gcc/arm-none-eabi/7.3.1/../../../../arm-none-eabi/lib/thumb/v7e-m/fpv4-sp/hard/libc_nano.a(lib_a-memcpy-stub.o)
                              Middlewares/FreeRTOS/cmsis_os2.o (memcpy)
/opt/st/stm32cubeide_1.3.0/plugins/com.st.stm32cube.ide.mcu.externaltools.gnu-tools-for-stm32.7-2018-q2-update.linux64_1.0.0.201904181610/tools/bin/../lib/gcc/arm-none-eabi/7.3.1/../../../../arm-none-eabi/lib/thumb/v7e-m/fpv4-sp/hard/libc_nano.a(lib_a-memset.o)
                              /opt/st/stm32cubeide_1.3.0/plugins/com.st.stm32cube.ide.mcu.externaltools.gnu-tools-for-stm32.7-2018-q2-update.linux64_1.0.0.201904181610/tools/bin/../lib/gcc/arm-none-eabi/7.3.1/../../../../arm-none-eabi/lib/thumb/v7e-m/fpv4-sp/hard/crt0.o (memset)
/opt/st/stm32cubeide_1.3.0/plugins/com.st.stm32cube.ide.mcu.externaltools.gnu-tools-for-stm32.7-2018-q2-update.linux64_1.0.0.201904181610/tools/bin/../lib/gcc/arm-none-eabi/7.3.1/../../../../arm-none-eabi/lib/thumb/v7e-m/fpv4-sp/hard/libc_nano.a(lib_a-strlen.o)
                              Core/Src/main.o (strlen)
/opt/st/stm32cubeide_1.3.0/plugins/com.st.stm32cube.ide.mcu.externaltools.gnu-tools-for-stm32.7-2018-q2-update.linux64_1.0.0.201904181610/tools/bin/../lib/gcc/arm-none-eabi/7.3.1/thumb/v7e-m/fpv4-sp/hard/libgcc.a(_aeabi_uldivmod.o)
                              Drivers/STM32L4xx_HAL_Driver/stm32l4xx_hal_uart.o (__aeabi_uldivmod)
/opt/st/stm32cubeide_1.3.0/plugins/com.st.stm32cube.ide.mcu.externaltools.gnu-tools-for-stm32.7-2018-q2-update.linux64_1.0.0.201904181610/tools/bin/../lib/gcc/arm-none-eabi/7.3.1/thumb/v7e-m/fpv4-sp/hard/libgcc.a(_udivmoddi4.o)
                              /opt/st/stm32cubeide_1.3.0/plugins/com.st.stm32cube.ide.mcu.externaltools.gnu-tools-for-stm32.7-2018-q2-update.linux64_1.0.0.201904181610/tools/bin/../lib/gcc/arm-none-eabi/7.3.1/thumb/v7e-m/fpv4-sp/hard/libgcc.a(_aeabi_uldivmod.o) (__udivmoddi4)
/opt/st/stm32cubeide_1.3.0/plugins/com.st.stm32cube.ide.mcu.externaltools.gnu-tools-for-stm32.7-2018-q2-update.linux64_1.0.0.201904181610/tools/bin/../lib/gcc/arm-none-eabi/7.3.1/thumb/v7e-m/fpv4-sp/hard/libgcc.a(_dvmd_tls.o)
                              /opt/st/stm32cubeide_1.3.0/plugins/com.st.stm32cube.ide.mcu.externaltools.gnu-tools-for-stm32.7-2018-q2-update.linux64_1.0.0.201904181610/tools/bin/../lib/gcc/arm-none-eabi/7.3.1/thumb/v7e-m/fpv4-sp/hard/libgcc.a(_aeabi_uldivmod.o) (__aeabi_ldiv0)

Allocating common symbols
Common symbol       size              file

defaultTaskHandle   0x4               Core/Src/main.o
uwTick              0x4               Drivers/STM32L4xx_HAL_Driver/stm32l4xx_hal.o
xQueueRegistry      0x40              Middlewares/FreeRTOS/queue.o
htim1               0x40              Core/Src/stm32l4xx_hal_timebase_tim.o
huart2              0x80              Core/Src/main.o

[...]
Memory Configuration

Name             Origin             Length             Attributes
RAM              0x0000000020000000 0x0000000000018000 xrw
RAM2             0x0000000010000000 0x0000000000008000 xrw
FLASH            0x0000000008000000 0x0000000000100000 xr
*default*        0x0000000000000000 0xffffffffffffffff

Linker script and memory map

LOAD /opt/st/stm32cubeide_1.3.0/plugins/com.st.stm32cube.ide.mcu.externaltools.gnu-tools-for-stm32.7-2018-q2-update.linux64_1.0.0.201904181610/tools/bin/../lib/gcc/arm-none-eabi/7.3.1/thumb/v7e-m/fpv4-sp/hard/crti.o
LOAD /opt/st/stm32cubeide_1.3.0/plugins/com.st.stm32cube.ide.mcu.externaltools.gnu-tools-for-stm32.7-2018-q2-update.linux64_1.0.0.201904181610/tools/bin/../lib/gcc/arm-none-eabi/7.3.1/thumb/v7e-m/fpv4-sp/hard/crtbegin.o
LOAD /opt/st/stm32cubeide_1.3.0/plugins/com.st.stm32cube.ide.mcu.externaltools.gnu-tools-for-stm32.7-2018-q2-update.linux64_1.0.0.201904181610/tools/bin/../lib/gcc/arm-none-eabi/7.3.1/../../../../arm-none-eabi/lib/thumb/v7e-m/fpv4-sp/hard/crt0.o
LOAD Core/Src/freertos.o
LOAD Core/Src/main.o
LOAD Core/Src/stm32l4xx_hal_msp.o
LOAD Core/Src/stm32l4xx_hal_timebase_tim.o
LOAD Core/Src/stm32l4xx_it.o
LOAD Core/Src/syscalls.o
LOAD Core/Src/sysmem.o
LOAD Core/Src/system_stm32l4xx.o
LOAD Core/Startup/startup_stm32l476vgtx.o
LOAD Drivers/STM32L4xx_HAL_Driver/stm32l4xx_hal.o
LOAD Drivers/STM32L4xx_HAL_Driver/stm32l4xx_hal_cortex.o
LOAD Drivers/STM32L4xx_HAL_Driver/stm32l4xx_hal_dma.o
LOAD Drivers/STM32L4xx_HAL_Driver/stm32l4xx_hal_dma_ex.o
LOAD Drivers/STM32L4xx_HAL_Driver/stm32l4xx_hal_exti.o
LOAD Drivers/STM32L4xx_HAL_Driver/stm32l4xx_hal_flash.o
LOAD Drivers/STM32L4xx_HAL_Driver/stm32l4xx_hal_flash_ex.o
LOAD Drivers/STM32L4xx_HAL_Driver/stm32l4xx_hal_flash_ramfunc.o
LOAD Drivers/STM32L4xx_HAL_Driver/stm32l4xx_hal_gpio.o
LOAD Drivers/STM32L4xx_HAL_Driver/stm32l4xx_hal_i2c.o
LOAD Drivers/STM32L4xx_HAL_Driver/stm32l4xx_hal_i2c_ex.o
LOAD Drivers/STM32L4xx_HAL_Driver/stm32l4xx_hal_pwr.o
LOAD Drivers/STM32L4xx_HAL_Driver/stm32l4xx_hal_pwr_ex.o
LOAD Drivers/STM32L4xx_HAL_Driver/stm32l4xx_hal_rcc.o
LOAD Drivers/STM32L4xx_HAL_Driver/stm32l4xx_hal_rcc_ex.o
LOAD Drivers/STM32L4xx_HAL_Driver/stm32l4xx_hal_tim.o
LOAD Drivers/STM32L4xx_HAL_Driver/stm32l4xx_hal_tim_ex.o
LOAD Drivers/STM32L4xx_HAL_Driver/stm32l4xx_hal_uart.o
LOAD Drivers/STM32L4xx_HAL_Driver/stm32l4xx_hal_uart_ex.o
LOAD Middlewares/FreeRTOS/cmsis_os2.o
LOAD Middlewares/FreeRTOS/croutine.o
LOAD Middlewares/FreeRTOS/event_groups.o
LOAD Middlewares/FreeRTOS/heap_4.o
LOAD Middlewares/FreeRTOS/list.o
LOAD Middlewares/FreeRTOS/port.o
LOAD Middlewares/FreeRTOS/queue.o
LOAD Middlewares/FreeRTOS/stream_buffer.o
LOAD Middlewares/FreeRTOS/tasks.o
LOAD Middlewares/FreeRTOS/timers.o
START GROUP
LOAD /opt/st/stm32cubeide_1.3.0/plugins/com.st.stm32cube.ide.mcu.externaltools.gnu-tools-for-stm32.7-2018-q2-update.linux64_1.0.0.201904181610/tools/bin/../lib/gcc/arm-none-eabi/7.3.1/../../../../arm-none-eabi/lib/thumb/v7e-m/fpv4-sp/hard/libc_nano.a
LOAD /opt/st/stm32cubeide_1.3.0/plugins/com.st.stm32cube.ide.mcu.externaltools.gnu-tools-for-stm32.7-2018-q2-update.linux64_1.0.0.201904181610/tools/bin/../lib/gcc/arm-none-eabi/7.3.1/../../../../arm-none-eabi/lib/thumb/v7e-m/fpv4-sp/hard/libm.a
END GROUP
START GROUP
LOAD /opt/st/stm32cubeide_1.3.0/plugins/com.st.stm32cube.ide.mcu.externaltools.gnu-tools-for-stm32.7-2018-q2-update.linux64_1.0.0.201904181610/tools/bin/../lib/gcc/arm-none-eabi/7.3.1/thumb/v7e-m/fpv4-sp/hard/libgcc.a
LOAD /opt/st/stm32cubeide_1.3.0/plugins/com.st.stm32cube.ide.mcu.externaltools.gnu-tools-for-stm32.7-2018-q2-update.linux64_1.0.0.201904181610/tools/bin/../lib/gcc/arm-none-eabi/7.3.1/../../../../arm-none-eabi/lib/thumb/v7e-m/fpv4-sp/hard/libc_nano.a
END GROUP
START GROUP
LOAD /opt/st/stm32cubeide_1.3.0/plugins/com.st.stm32cube.ide.mcu.externaltools.gnu-tools-for-stm32.7-2018-q2-update.linux64_1.0.0.201904181610/tools/bin/../lib/gcc/arm-none-eabi/7.3.1/thumb/v7e-m/fpv4-sp/hard/libgcc.a
LOAD /opt/st/stm32cubeide_1.3.0/plugins/com.st.stm32cube.ide.mcu.externaltools.gnu-tools-for-stm32.7-2018-q2-update.linux64_1.0.0.201904181610/tools/bin/../lib/gcc/arm-none-eabi/7.3.1/../../../../arm-none-eabi/lib/thumb/v7e-m/fpv4-sp/hard/libc_nano.a
LOAD /opt/st/stm32cubeide_1.3.0/plugins/com.st.stm32cube.ide.mcu.externaltools.gnu-tools-for-stm32.7-2018-q2-update.linux64_1.0.0.201904181610/tools/bin/../lib/gcc/arm-none-eabi/7.3.1/../../../../arm-none-eabi/lib/thumb/v7e-m/fpv4-sp/hard/libnosys.a
END GROUP
START GROUP
LOAD /opt/st/stm32cubeide_1.3.0/plugins/com.st.stm32cube.ide.mcu.externaltools.gnu-tools-for-stm32.7-2018-q2-update.linux64_1.0.0.201904181610/tools/bin/../lib/gcc/arm-none-eabi/7.3.1/thumb/v7e-m/fpv4-sp/hard/libgcc.a
LOAD /opt/st/stm32cubeide_1.3.0/plugins/com.st.stm32cube.ide.mcu.externaltools.gnu-tools-for-stm32.7-2018-q2-update.linux64_1.0.0.201904181610/tools/bin/../lib/gcc/arm-none-eabi/7.3.1/../../../../arm-none-eabi/lib/thumb/v7e-m/fpv4-sp/hard/libc_nano.a
LOAD /opt/st/stm32cubeide_1.3.0/plugins/com.st.stm32cube.ide.mcu.externaltools.gnu-tools-for-stm32.7-2018-q2-update.linux64_1.0.0.201904181610/tools/bin/../lib/gcc/arm-none-eabi/7.3.1/../../../../arm-none-eabi/lib/thumb/v7e-m/fpv4-sp/hard/libnosys.a
END GROUP
LOAD /opt/st/stm32cubeide_1.3.0/plugins/com.st.stm32cube.ide.mcu.externaltools.gnu-tools-for-stm32.7-2018-q2-update.linux64_1.0.0.201904181610/tools/bin/../lib/gcc/arm-none-eabi/7.3.1/thumb/v7e-m/fpv4-sp/hard/crtend.o
LOAD /opt/st/stm32cubeide_1.3.0/plugins/com.st.stm32cube.ide.mcu.externaltools.gnu-tools-for-stm32.7-2018-q2-update.linux64_1.0.0.201904181610/tools/bin/../lib/gcc/arm-none-eabi/7.3.1/thumb/v7e-m/fpv4-sp/hard/crtn.o
                0x0000000020018000                _estack = (ORIGIN (RAM) + LENGTH (RAM))
                0x0000000000000200                _Min_Heap_Size = 0x200
                0x0000000000000400                _Min_Stack_Size = 0x400

.isr_vector     0x0000000008000000      0x188
                0x0000000008000000                . = ALIGN (0x4)
 *(.isr_vector)
 .isr_vector    0x0000000008000000      0x188 Core/Startup/startup_stm32l476vgtx.o
                0x0000000008000000                g_pfnVectors
                0x0000000008000188                . = ALIGN (0x4)

.text           0x0000000008000190     0x5f28
                0x0000000008000190                . = ALIGN (0x4)
 *(.text)
 .text          0x0000000008000190       0x40 /opt/st/stm32cubeide_1.3.0/plugins/com.st.stm32cube.ide.mcu.externaltools.gnu-tools-for-stm32.7-2018-q2-update.linux64_1.0.0.201904181610/tools/bin/../lib/gcc/arm-none-eabi/7.3.1/thumb/v7e-m/fpv4-sp/hard/crtbegin.o
 .text          0x00000000080001d0       0x10 /opt/st/stm32cubeide_1.3.0/plugins/com.st.stm32cube.ide.mcu.externaltools.gnu-tools-for-stm32.7-2018-q2-update.linux64_1.0.0.201904181610/tools/bin/../lib/gcc/arm-none-eabi/7.3.1/../../../../arm-none-eabi/lib/thumb/v7e-m/fpv4-sp/hard/libc_nano.a(lib_a-strlen.o)
                0x00000000080001d0                strlen
 .text          0x00000000080001e0       0x30 /opt/st/stm32cubeide_1.3.0/plugins/com.st.stm32cube.ide.mcu.externaltools.gnu-tools-for-stm32.7-2018-q2-update.linux64_1.0.0.201904181610/tools/bin/../lib/gcc/arm-none-eabi/7.3.1/thumb/v7e-m/fpv4-sp/hard/libgcc.a(_aeabi_uldivmod.o)
                0x00000000080001e0                __aeabi_uldivmod
 .text          0x0000000008000210      0x2cc /opt/st/stm32cubeide_1.3.0/plugins/com.st.stm32cube.ide.mcu.externaltools.gnu-tools-for-stm32.7-2018-q2-update.linux64_1.0.0.201904181610/tools/bin/../lib/gcc/arm-none-eabi/7.3.1/thumb/v7e-m/fpv4-sp/hard/libgcc.a(_udivmoddi4.o)
                0x0000000008000210                __udivmoddi4
 .text          0x00000000080004dc        0x4 /opt/st/stm32cubeide_1.3.0/plugins/com.st.stm32cube.ide.mcu.externaltools.gnu-tools-for-stm32.7-2018-q2-update.linux64_1.0.0.201904181610/tools/bin/../lib/gcc/arm-none-eabi/7.3.1/thumb/v7e-m/fpv4-sp/hard/libgcc.a(_dvmd_tls.o)
                0x00000000080004dc                __aeabi_ldiv0
                0x00000000080004dc                __aeabi_idiv0
 *(.text*)
 .text.main     0x00000000080004e0       0x3c Core/Src/main.o
                0x00000000080004e0                main
 .text.SystemClock_Config
                0x000000000800051c       0xca Core/Src/main.o
                0x000000000800051c                SystemClock_Config
 *fill*         0x00000000080005e6        0x2 
 .text.MX_USART2_UART_Init
                0x00000000080005e8       0x60 Core/Src/main.o
 .text.MX_GPIO_Init
                0x0000000008000648       0x48 Core/Src/main.o
 .text.StartDefaultTask
                0x0000000008000690       0x44 Core/Src/main.o
                0x0000000008000690                StartDefaultTask
 .text.HAL_TIM_PeriodElapsedCallback
                0x00000000080006d4       0x24 Core/Src/main.o
                0x00000000080006d4                HAL_TIM_PeriodElapsedCallback
 .text.Error_Handler
                0x00000000080006f8        0xe Core/Src/main.o
                0x00000000080006f8                Error_Handler
 *fill*         0x0000000008000706        0x2 
 .text.HAL_MspInit
                0x0000000008000708       0x50 Core/Src/stm32l4xx_hal_msp.o
                0x0000000008000708                HAL_MspInit
 .text.HAL_UART_MspInit
                0x0000000008000758       0x88 Core/Src/stm32l4xx_hal_msp.o
                0x0000000008000758                HAL_UART_MspInit
 .text.HAL_InitTick
                0x00000000080007e0       0xac Core/Src/stm32l4xx_hal_timebase_tim.o
                0x00000000080007e0                HAL_InitTick
 .text.NMI_Handler
                0x000000000800088c        0xe Core/Src/stm32l4xx_it.o
                0x000000000800088c                NMI_Handler
 .text.HardFault_Handler
                0x000000000800089a        0x6 Core/Src/stm32l4xx_it.o
                0x000000000800089a                HardFault_Handler
 .text.MemManage_Handler
                0x00000000080008a0        0x6 Core/Src/stm32l4xx_it.o
                0x00000000080008a0                MemManage_Handler
 .text.BusFault_Handler
                0x00000000080008a6        0x6 Core/Src/stm32l4xx_it.o
                0x00000000080008a6                BusFault_Handler
 .text.UsageFault_Handler
                0x00000000080008ac        0x6 Core/Src/stm32l4xx_it.o
                0x00000000080008ac                UsageFault_Handler
 .text.DebugMon_Handler
                0x00000000080008b2        0xe Core/Src/stm32l4xx_it.o
                0x00000000080008b2                DebugMon_Handler
 .text.TIM1_UP_TIM16_IRQHandler
                0x00000000080008c0       0x14 Core/Src/stm32l4xx_it.o
                0x00000000080008c0                TIM1_UP_TIM16_IRQHandler
 .text.SystemInit
                0x00000000080008d4       0x6c Core/Src/system_stm32l4xx.o
                0x00000000080008d4                SystemInit
 .text.Reset_Handler
                0x0000000008000940       0x50 Core/Startup/startup_stm32l476vgtx.o
                0x0000000008000940                Reset_Handler
 .text.Default_Handler
                0x0000000008000990        0x2 Core/Startup/startup_stm32l476vgtx.o
                0x0000000008000990                RTC_Alarm_IRQHandler
                0x0000000008000990                EXTI2_IRQHandler
                0x0000000008000990                TIM8_TRG_COM_IRQHandler
                0x0000000008000990                TIM8_CC_IRQHandler
                0x0000000008000990                TIM1_CC_IRQHandler
                0x0000000008000990                TSC_IRQHandler
                0x0000000008000990                TAMP_STAMP_IRQHandler
                0x0000000008000990                EXTI3_IRQHandler
                0x0000000008000990                LPTIM2_IRQHandler
                0x0000000008000990                DFSDM1_FLT1_IRQHandler
                0x0000000008000990                I2C3_ER_IRQHandler
                0x0000000008000990                DFSDM1_FLT2_IRQHandler
                0x0000000008000990                EXTI0_IRQHandler
                0x0000000008000990                I2C2_EV_IRQHandler
                0x0000000008000990                CAN1_RX0_IRQHandler
                0x0000000008000990                FPU_IRQHandler
                0x0000000008000990                ADC1_2_IRQHandler
                0x0000000008000990                SPI1_IRQHandler
                0x0000000008000990                TIM6_DAC_IRQHandler
                0x0000000008000990                TIM8_UP_IRQHandler
                0x0000000008000990                DMA2_Channel2_IRQHandler
                0x0000000008000990                DMA1_Channel4_IRQHandler
                0x0000000008000990                SAI2_IRQHandler
                0x0000000008000990                DFSDM1_FLT3_IRQHandler
                0x0000000008000990                USART3_IRQHandler
                0x0000000008000990                DMA1_Channel7_IRQHandler
                0x0000000008000990                CAN1_RX1_IRQHandler
                0x0000000008000990                LCD_IRQHandler
                0x0000000008000990                UART5_IRQHandler
                0x0000000008000990                ADC3_IRQHandler
                0x0000000008000990                TIM4_IRQHandler
                0x0000000008000990                DMA2_Channel1_IRQHandler
                0x0000000008000990                QUADSPI_IRQHandler
                0x0000000008000990                I2C1_EV_IRQHandler
                0x0000000008000990                DMA1_Channel6_IRQHandler
                0x0000000008000990                UART4_IRQHandler
                0x0000000008000990                DMA2_Channel4_IRQHandler
                0x0000000008000990                TIM3_IRQHandler
                0x0000000008000990                RCC_IRQHandler
                0x0000000008000990                DMA1_Channel1_IRQHandler
                0x0000000008000990                Default_Handler
                0x0000000008000990                DMA2_Channel7_IRQHandler
                0x0000000008000990                EXTI15_10_IRQHandler
                0x0000000008000990                TIM7_IRQHandler
                0x0000000008000990                SDMMC1_IRQHandler
                0x0000000008000990                TIM5_IRQHandler
                0x0000000008000990                I2C3_EV_IRQHandler
                0x0000000008000990                EXTI9_5_IRQHandler
                0x0000000008000990                RTC_WKUP_IRQHandler
                0x0000000008000990                PVD_PVM_IRQHandler
                0x0000000008000990                SPI2_IRQHandler
                0x0000000008000990                CAN1_TX_IRQHandler
                0x0000000008000990                DMA2_Channel5_IRQHandler
                0x0000000008000990                DMA1_Channel5_IRQHandler
                0x0000000008000990                EXTI4_IRQHandler
                0x0000000008000990                RNG_IRQHandler
                0x0000000008000990                TIM1_TRG_COM_TIM17_IRQHandler
                0x0000000008000990                DMA1_Channel3_IRQHandler
                0x0000000008000990                COMP_IRQHandler
                0x0000000008000990                WWDG_IRQHandler
                0x0000000008000990                LPUART1_IRQHandler
                0x0000000008000990                DMA2_Channel6_IRQHandler
                0x0000000008000990                TIM2_IRQHandler
                0x0000000008000990                EXTI1_IRQHandler
                0x0000000008000990                USART2_IRQHandler
                0x0000000008000990                DFSDM1_FLT0_IRQHandler
                0x0000000008000990                I2C2_ER_IRQHandler
                0x0000000008000990                DMA1_Channel2_IRQHandler
                0x0000000008000990                TIM8_BRK_IRQHandler
                0x0000000008000990                CAN1_SCE_IRQHandler
                0x0000000008000990                FLASH_IRQHandler
                0x0000000008000990                USART1_IRQHandler
                0x0000000008000990                OTG_FS_IRQHandler
                0x0000000008000990                SPI3_IRQHandler
                0x0000000008000990                I2C1_ER_IRQHandler
                0x0000000008000990                FMC_IRQHandler
                0x0000000008000990                SWPMI1_IRQHandler
                0x0000000008000990                LPTIM1_IRQHandler
                0x0000000008000990                SAI1_IRQHandler
                0x0000000008000990                DMA2_Channel3_IRQHandler
                0x0000000008000990                TIM1_BRK_TIM15_IRQHandler
 .text.HAL_Init
                0x0000000008000992       0x30 Drivers/STM32L4xx_HAL_Driver/stm32l4xx_hal.o
                0x0000000008000992                HAL_Init
 *fill*         0x00000000080009c2        0x2 
 .text.HAL_IncTick
                0x00000000080009c4       0x24 Drivers/STM32L4xx_HAL_Driver/stm32l4xx_hal.o
                0x00000000080009c4                HAL_IncTick
 .text.HAL_GetTick
                0x00000000080009e8       0x18 Drivers/STM32L4xx_HAL_Driver/stm32l4xx_hal.o
                0x00000000080009e8                HAL_GetTick
 .text.__NVIC_SetPriorityGrouping
                0x0000000008000a00       0x48 Drivers/STM32L4xx_HAL_Driver/stm32l4xx_hal_cortex.o
 .text.__NVIC_GetPriorityGrouping
                0x0000000008000a48       0x1c Drivers/STM32L4xx_HAL_Driver/stm32l4xx_hal_cortex.o
 .text.__NVIC_EnableIRQ
                0x0000000008000a64       0x3c Drivers/STM32L4xx_HAL_Driver/stm32l4xx_hal_cortex.o
 .text.__NVIC_SetPriority
                0x0000000008000aa0       0x54 Drivers/STM32L4xx_HAL_Driver/stm32l4xx_hal_cortex.o
 .text.NVIC_EncodePriority
                0x0000000008000af4       0x66 Drivers/STM32L4xx_HAL_Driver/stm32l4xx_hal_cortex.o
 .text.HAL_NVIC_SetPriorityGrouping
                0x0000000008000b5a       0x16 Drivers/STM32L4xx_HAL_Driver/stm32l4xx_hal_cortex.o
                0x0000000008000b5a                HAL_NVIC_SetPriorityGrouping
 .text.HAL_NVIC_SetPriority
                0x0000000008000b70       0x38 Drivers/STM32L4xx_HAL_Driver/stm32l4xx_hal_cortex.o
                0x0000000008000b70                HAL_NVIC_SetPriority
 .text.HAL_NVIC_EnableIRQ
                0x0000000008000ba8       0x1c Drivers/STM32L4xx_HAL_Driver/stm32l4xx_hal_cortex.o
                0x0000000008000ba8                HAL_NVIC_EnableIRQ
 .text.HAL_GPIO_Init
                0x0000000008000bc4      0x350 Drivers/STM32L4xx_HAL_Driver/stm32l4xx_hal_gpio.o
                0x0000000008000bc4                HAL_GPIO_Init
 .text.HAL_PWREx_GetVoltageRange
                0x0000000008000f14       0x1c Drivers/STM32L4xx_HAL_Driver/stm32l4xx_hal_pwr_ex.o
                0x0000000008000f14                HAL_PWREx_GetVoltageRange
 .text.HAL_PWREx_ControlVoltageScaling
                0x0000000008000f30       0xac Drivers/STM32L4xx_HAL_Driver/stm32l4xx_hal_pwr_ex.o
                0x0000000008000f30                HAL_PWREx_ControlVoltageScaling
 .text.HAL_RCC_OscConfig
                0x0000000008000fdc      0x7cc Drivers/STM32L4xx_HAL_Driver/stm32l4xx_hal_rcc.o
                0x0000000008000fdc                HAL_RCC_OscConfig
 .text.HAL_RCC_ClockConfig
                0x00000000080017a8      0x1c4 Drivers/STM32L4xx_HAL_Driver/stm32l4xx_hal_rcc.o
                0x00000000080017a8                HAL_RCC_ClockConfig
 .text.HAL_RCC_GetSysClockFreq
                0x000000000800196c      0x114 Drivers/STM32L4xx_HAL_Driver/stm32l4xx_hal_rcc.o
                0x000000000800196c                HAL_RCC_GetSysClockFreq
 .text.HAL_RCC_GetHCLKFreq
                0x0000000008001a80       0x18 Drivers/STM32L4xx_HAL_Driver/stm32l4xx_hal_rcc.o
                0x0000000008001a80                HAL_RCC_GetHCLKFreq
 .text.HAL_RCC_GetPCLK1Freq
                0x0000000008001a98       0x2c Drivers/STM32L4xx_HAL_Driver/stm32l4xx_hal_rcc.o
                0x0000000008001a98                HAL_RCC_GetPCLK1Freq
 .text.HAL_RCC_GetPCLK2Freq
                0x0000000008001ac4       0x2c Drivers/STM32L4xx_HAL_Driver/stm32l4xx_hal_rcc.o
                0x0000000008001ac4                HAL_RCC_GetPCLK2Freq
 .text.HAL_RCC_GetClockConfig
                0x0000000008001af0       0x64 Drivers/STM32L4xx_HAL_Driver/stm32l4xx_hal_rcc.o
                0x0000000008001af0                HAL_RCC_GetClockConfig
 .text.RCC_SetFlashLatencyFromMSIRange
                0x0000000008001b54       0xc0 Drivers/STM32L4xx_HAL_Driver/stm32l4xx_hal_rcc.o
 .text.HAL_RCCEx_PeriphCLKConfig
                0x0000000008001c14      0x5cc Drivers/STM32L4xx_HAL_Driver/stm32l4xx_hal_rcc_ex.o
                0x0000000008001c14                HAL_RCCEx_PeriphCLKConfig
 .text.RCCEx_PLLSAI1_Config
                0x00000000080021e0      0x1e0 Drivers/STM32L4xx_HAL_Driver/stm32l4xx_hal_rcc_ex.o
 .text.RCCEx_PLLSAI2_Config
                0x00000000080023c0      0x1b4 Drivers/STM32L4xx_HAL_Driver/stm32l4xx_hal_rcc_ex.o
 .text.HAL_TIM_Base_Init
                0x0000000008002574       0x56 Drivers/STM32L4xx_HAL_Driver/stm32l4xx_hal_tim.o
                0x0000000008002574                HAL_TIM_Base_Init
 .text.HAL_TIM_Base_MspInit
                0x00000000080025ca       0x14 Drivers/STM32L4xx_HAL_Driver/stm32l4xx_hal_tim.o
                0x00000000080025ca                HAL_TIM_Base_MspInit
 *fill*         0x00000000080025de        0x2 
 .text.HAL_TIM_Base_Start_IT
                0x00000000080025e0       0x54 Drivers/STM32L4xx_HAL_Driver/stm32l4xx_hal_tim.o
                0x00000000080025e0                HAL_TIM_Base_Start_IT
 .text.HAL_TIM_IRQHandler
                0x0000000008002634      0x23e Drivers/STM32L4xx_HAL_Driver/stm32l4xx_hal_tim.o
                0x0000000008002634                HAL_TIM_IRQHandler
 .text.HAL_TIM_OC_DelayElapsedCallback
                0x0000000008002872       0x14 Drivers/STM32L4xx_HAL_Driver/stm32l4xx_hal_tim.o
                0x0000000008002872                HAL_TIM_OC_DelayElapsedCallback
 .text.HAL_TIM_IC_CaptureCallback
                0x0000000008002886       0x14 Drivers/STM32L4xx_HAL_Driver/stm32l4xx_hal_tim.o
                0x0000000008002886                HAL_TIM_IC_CaptureCallback
 .text.HAL_TIM_PWM_PulseFinishedCallback
                0x000000000800289a       0x14 Drivers/STM32L4xx_HAL_Driver/stm32l4xx_hal_tim.o
                0x000000000800289a                HAL_TIM_PWM_PulseFinishedCallback
 .text.HAL_TIM_TriggerCallback
                0x00000000080028ae       0x14 Drivers/STM32L4xx_HAL_Driver/stm32l4xx_hal_tim.o
                0x00000000080028ae                HAL_TIM_TriggerCallback
 *fill*         0x00000000080028c2        0x2 
 .text.TIM_Base_SetConfig
                0x00000000080028c4      0x134 Drivers/STM32L4xx_HAL_Driver/stm32l4xx_hal_tim.o
                0x00000000080028c4                TIM_Base_SetConfig
 .text.HAL_TIMEx_CommutCallback
                0x00000000080029f8       0x14 Drivers/STM32L4xx_HAL_Driver/stm32l4xx_hal_tim_ex.o
                0x00000000080029f8                HAL_TIMEx_CommutCallback
 .text.HAL_TIMEx_BreakCallback
                0x0000000008002a0c       0x14 Drivers/STM32L4xx_HAL_Driver/stm32l4xx_hal_tim_ex.o
                0x0000000008002a0c                HAL_TIMEx_BreakCallback
 .text.HAL_TIMEx_Break2Callback
                0x0000000008002a20       0x14 Drivers/STM32L4xx_HAL_Driver/stm32l4xx_hal_tim_ex.o
                0x0000000008002a20                HAL_TIMEx_Break2Callback
 .text.HAL_UART_Init
                0x0000000008002a34       0x9c Drivers/STM32L4xx_HAL_Driver/stm32l4xx_hal_uart.o
                0x0000000008002a34                HAL_UART_Init
 .text.HAL_UART_Transmit
                0x0000000008002ad0      0x126 Drivers/STM32L4xx_HAL_Driver/stm32l4xx_hal_uart.o
                0x0000000008002ad0                HAL_UART_Transmit
 *fill*         0x0000000008002bf6        0x2 
 .text.UART_SetConfig
                0x0000000008002bf8      0x6e4 Drivers/STM32L4xx_HAL_Driver/stm32l4xx_hal_uart.o
                0x0000000008002bf8                UART_SetConfig
 .text.UART_AdvFeatureConfig
                0x00000000080032dc      0x144 Drivers/STM32L4xx_HAL_Driver/stm32l4xx_hal_uart.o
                0x00000000080032dc                UART_AdvFeatureConfig
 .text.UART_CheckIdleState
                0x0000000008003420       0x8a Drivers/STM32L4xx_HAL_Driver/stm32l4xx_hal_uart.o
                0x0000000008003420                UART_CheckIdleState
 .text.UART_WaitOnFlagUntilTimeout
                0x00000000080034aa       0xf6 Drivers/STM32L4xx_HAL_Driver/stm32l4xx_hal_uart.o
                0x00000000080034aa                UART_WaitOnFlagUntilTimeout
 .text.SVC_Setup
                0x00000000080035a0        0xe Middlewares/FreeRTOS/cmsis_os2.o
 *fill*         0x00000000080035ae        0x2 
 .text.osKernelInitialize
                0x00000000080035b0       0x68 Middlewares/FreeRTOS/cmsis_os2.o
                0x00000000080035b0                osKernelInitialize
 .text.osKernelStart
                0x0000000008003618       0x6c Middlewares/FreeRTOS/cmsis_os2.o
                0x0000000008003618                osKernelStart
 .text.osThreadNew
                0x0000000008003684      0x14c Middlewares/FreeRTOS/cmsis_os2.o
                0x0000000008003684                osThreadNew
 .text.osDelay  0x00000000080037d0       0x5c Middlewares/FreeRTOS/cmsis_os2.o
                0x00000000080037d0                osDelay
 .text.vApplicationGetIdleTaskMemory
                0x000000000800382c       0x34 Middlewares/FreeRTOS/cmsis_os2.o
                0x000000000800382c                vApplicationGetIdleTaskMemory
 .text.vApplicationGetTimerTaskMemory
                0x0000000008003860       0x34 Middlewares/FreeRTOS/cmsis_os2.o
                0x0000000008003860                vApplicationGetTimerTaskMemory
 .text.pvPortMalloc
                0x0000000008003894      0x184 Middlewares/FreeRTOS/heap_4.o
                0x0000000008003894                pvPortMalloc
 .text.vPortFree
                0x0000000008003a18       0xb0 Middlewares/FreeRTOS/heap_4.o
                0x0000000008003a18                vPortFree
 .text.prvHeapInit
                0x0000000008003ac8       0xc4 Middlewares/FreeRTOS/heap_4.o
 .text.prvInsertBlockIntoFreeList
                0x0000000008003b8c       0xb4 Middlewares/FreeRTOS/heap_4.o
 .text.vListInitialise
                0x0000000008003c40       0x40 Middlewares/FreeRTOS/list.o
                0x0000000008003c40                vListInitialise
 .text.vListInitialiseItem
                0x0000000008003c80       0x1a Middlewares/FreeRTOS/list.o
                0x0000000008003c80                vListInitialiseItem
 .text.vListInsertEnd
                0x0000000008003c9a       0x48 Middlewares/FreeRTOS/list.o
                0x0000000008003c9a                vListInsertEnd
 .text.vListInsert
                0x0000000008003ce2       0x72 Middlewares/FreeRTOS/list.o
                0x0000000008003ce2                vListInsert
 .text.uxListRemove
                0x0000000008003d54       0x54 Middlewares/FreeRTOS/list.o
                0x0000000008003d54                uxListRemove
 .text.pxPortInitialiseStack
                0x0000000008003da8       0x68 Middlewares/FreeRTOS/port.o
                0x0000000008003da8                pxPortInitialiseStack
 .text.prvTaskExitError
                0x0000000008003e10       0x54 Middlewares/FreeRTOS/port.o
 *fill*         0x0000000008003e64        0xc 
 .text.SVC_Handler
                0x0000000008003e70       0x28 Middlewares/FreeRTOS/port.o
                0x0000000008003e70                SVC_Handler
 .text.prvPortStartFirstTask
                0x0000000008003e98       0x28 Middlewares/FreeRTOS/port.o
 .text.xPortStartScheduler
                0x0000000008003ec0      0x13c Middlewares/FreeRTOS/port.o
                0x0000000008003ec0                xPortStartScheduler
 .text.vPortEnterCritical
                0x0000000008003ffc       0x5c Middlewares/FreeRTOS/port.o
                0x0000000008003ffc                vPortEnterCritical
 .text.vPortExitCritical
                0x0000000008004058       0x50 Middlewares/FreeRTOS/port.o
                0x0000000008004058                vPortExitCritical
 *fill*         0x00000000080040a8        0x8 
 .text.PendSV_Handler
                0x00000000080040b0       0x68 Middlewares/FreeRTOS/port.o
                0x00000000080040b0                PendSV_Handler
 .text.SysTick_Handler
                0x0000000008004118       0x40 Middlewares/FreeRTOS/port.o
                0x0000000008004118                SysTick_Handler
 .text.vPortSetupTimerInterrupt
                0x0000000008004158       0x48 Middlewares/FreeRTOS/port.o
                0x0000000008004158                vPortSetupTimerInterrupt
 .text.vPortEnableVFP
                0x00000000080041a0       0x14 Middlewares/FreeRTOS/port.o
 .text.vPortValidateInterruptPriority
                0x00000000080041b4       0x7c Middlewares/FreeRTOS/port.o
                0x00000000080041b4                vPortValidateInterruptPriority
 .text.xQueueGenericReset
                0x0000000008004230       0xd0 Middlewares/FreeRTOS/queue.o
                0x0000000008004230                xQueueGenericReset
 .text.xQueueGenericCreateStatic
                0x0000000008004300       0xe6 Middlewares/FreeRTOS/queue.o
                0x0000000008004300                xQueueGenericCreateStatic
 .text.prvInitialiseNewQueue
                0x00000000080043e6       0x46 Middlewares/FreeRTOS/queue.o
 .text.xQueueGenericSend
                0x000000000800442c      0x1f4 Middlewares/FreeRTOS/queue.o
                0x000000000800442c                xQueueGenericSend
 .text.xQueueGenericSendFromISR
                0x0000000008004620      0x128 Middlewares/FreeRTOS/queue.o
                0x0000000008004620                xQueueGenericSendFromISR
 .text.xQueueReceive
                0x0000000008004748      0x1b8 Middlewares/FreeRTOS/queue.o
                0x0000000008004748                xQueueReceive
 .text.prvCopyDataToQueue
                0x0000000008004900       0xd4 Middlewares/FreeRTOS/queue.o
 .text.prvCopyDataFromQueue
                0x00000000080049d4       0x4c Middlewares/FreeRTOS/queue.o
 .text.prvUnlockQueue
                0x0000000008004a20       0xa4 Middlewares/FreeRTOS/queue.o
 .text.prvIsQueueEmpty
                0x0000000008004ac4       0x2c Middlewares/FreeRTOS/queue.o
 .text.prvIsQueueFull
                0x0000000008004af0       0x30 Middlewares/FreeRTOS/queue.o
 .text.vQueueAddToRegistry
                0x0000000008004b20       0x50 Middlewares/FreeRTOS/queue.o
                0x0000000008004b20                vQueueAddToRegistry
 .text.vQueueWaitForMessageRestricted
                0x0000000008004b70       0x68 Middlewares/FreeRTOS/queue.o
                0x0000000008004b70                vQueueWaitForMessageRestricted
 .text.xTaskCreateStatic
                0x0000000008004bd8       0xb4 Middlewares/FreeRTOS/tasks.o
                0x0000000008004bd8                xTaskCreateStatic
 .text.xTaskCreate
                0x0000000008004c8c       0x8a Middlewares/FreeRTOS/tasks.o
                0x0000000008004c8c                xTaskCreate
 .text.prvInitialiseNewTask
                0x0000000008004d16      0x11c Middlewares/FreeRTOS/tasks.o
 *fill*         0x0000000008004e32        0x2 
 .text.prvAddNewTaskToReadyList
                0x0000000008004e34       0xe0 Middlewares/FreeRTOS/tasks.o
 .text.vTaskDelay
                0x0000000008004f14       0x68 Middlewares/FreeRTOS/tasks.o
                0x0000000008004f14                vTaskDelay
 .text.vTaskStartScheduler
                0x0000000008004f7c       0xc8 Middlewares/FreeRTOS/tasks.o
                0x0000000008004f7c                vTaskStartScheduler
 .text.vTaskSuspendAll
                0x0000000008005044       0x1c Middlewares/FreeRTOS/tasks.o
                0x0000000008005044                vTaskSuspendAll
 .text.xTaskResumeAll
                0x0000000008005060      0x138 Middlewares/FreeRTOS/tasks.o
                0x0000000008005060                xTaskResumeAll
 .text.xTaskGetTickCount
                0x0000000008005198       0x20 Middlewares/FreeRTOS/tasks.o
                0x0000000008005198                xTaskGetTickCount
 .text.xTaskIncrementTick
                0x00000000080051b8      0x170 Middlewares/FreeRTOS/tasks.o
                0x00000000080051b8                xTaskIncrementTick
 .text.vTaskSwitchContext
                0x0000000008005328       0xb8 Middlewares/FreeRTOS/tasks.o
                0x0000000008005328                vTaskSwitchContext
 .text.vTaskPlaceOnEventList
                0x00000000080053e0       0x48 Middlewares/FreeRTOS/tasks.o
                0x00000000080053e0                vTaskPlaceOnEventList
 .text.vTaskPlaceOnEventListRestricted
                0x0000000008005428       0x54 Middlewares/FreeRTOS/tasks.o
                0x0000000008005428                vTaskPlaceOnEventListRestricted
 .text.xTaskRemoveFromEventList
                0x000000000800547c       0xc4 Middlewares/FreeRTOS/tasks.o
                0x000000000800547c                xTaskRemoveFromEventList
 .text.vTaskInternalSetTimeOutState
                0x0000000008005540       0x2c Middlewares/FreeRTOS/tasks.o
                0x0000000008005540                vTaskInternalSetTimeOutState
 .text.xTaskCheckForTimeOut
                0x000000000800556c       0xc0 Middlewares/FreeRTOS/tasks.o
                0x000000000800556c                xTaskCheckForTimeOut
 .text.vTaskMissedYield
                0x000000000800562c       0x18 Middlewares/FreeRTOS/tasks.o
                0x000000000800562c                vTaskMissedYield
 .text.prvIdleTask
                0x0000000008005644       0x30 Middlewares/FreeRTOS/tasks.o
 .text.prvInitialiseTaskLists
                0x0000000008005674       0x80 Middlewares/FreeRTOS/tasks.o
 .text.prvCheckTasksWaitingTermination
                0x00000000080056f4       0x58 Middlewares/FreeRTOS/tasks.o
 .text.prvDeleteTCB
                0x000000000800574c       0x5c Middlewares/FreeRTOS/tasks.o
 .text.prvResetNextTaskUnblockTime
                0x00000000080057a8       0x40 Middlewares/FreeRTOS/tasks.o
 .text.xTaskGetSchedulerState
                0x00000000080057e8       0x3c Middlewares/FreeRTOS/tasks.o
                0x00000000080057e8                xTaskGetSchedulerState
 .text.xTaskPriorityDisinherit
                0x0000000008005824       0xd8 Middlewares/FreeRTOS/tasks.o
                0x0000000008005824                xTaskPriorityDisinherit
 .text.prvAddCurrentTaskToDelayedList
                0x00000000080058fc       0xa8 Middlewares/FreeRTOS/tasks.o
 .text.xTimerCreateTimerTask
                0x00000000080059a4       0x90 Middlewares/FreeRTOS/timers.o
                0x00000000080059a4                xTimerCreateTimerTask
 .text.xTimerGenericCommand
                0x0000000008005a34       0x98 Middlewares/FreeRTOS/timers.o
                0x0000000008005a34                xTimerGenericCommand
 .text.prvProcessExpiredTimer
                0x0000000008005acc       0x98 Middlewares/FreeRTOS/timers.o
 .text.prvTimerTask
                0x0000000008005b64       0x24 Middlewares/FreeRTOS/timers.o
 .text.prvProcessTimerOrBlockTask
                0x0000000008005b88       0x9c Middlewares/FreeRTOS/timers.o
 .text.prvGetNextExpireTime
                0x0000000008005c24       0x48 Middlewares/FreeRTOS/timers.o
 .text.prvSampleTimeNow
                0x0000000008005c6c       0x40 Middlewares/FreeRTOS/timers.o
 .text.prvInsertTimerInActiveList
                0x0000000008005cac       0x84 Middlewares/FreeRTOS/timers.o
 .text.prvProcessReceivedCommands
                0x0000000008005d30      0x1b8 Middlewares/FreeRTOS/timers.o
 .text.prvSwitchTimerLists
                0x0000000008005ee8       0xc8 Middlewares/FreeRTOS/timers.o
 .text.prvCheckForValidListAndQueue
                0x0000000008005fb0       0x80 Middlewares/FreeRTOS/timers.o
 .text.__libc_init_array
                0x0000000008006030       0x48 /opt/st/stm32cubeide_1.3.0/plugins/com.st.stm32cube.ide.mcu.externaltools.gnu-tools-for-stm32.7-2018-q2-update.linux64_1.0.0.201904181610/tools/bin/../lib/gcc/arm-none-eabi/7.3.1/../../../../arm-none-eabi/lib/thumb/v7e-m/fpv4-sp/hard/libc_nano.a(lib_a-init.o)
                0x0000000008006030                __libc_init_array
 .text.memcpy   0x0000000008006078       0x16 /opt/st/stm32cubeide_1.3.0/plugins/com.st.stm32cube.ide.mcu.externaltools.gnu-tools-for-stm32.7-2018-q2-update.linux64_1.0.0.201904181610/tools/bin/../lib/gcc/arm-none-eabi/7.3.1/../../../../arm-none-eabi/lib/thumb/v7e-m/fpv4-sp/hard/libc_nano.a(lib_a-memcpy-stub.o)
                0x0000000008006078                memcpy
 .text.memset   0x000000000800608e       0x10 /opt/st/stm32cubeide_1.3.0/plugins/com.st.stm32cube.ide.mcu.externaltools.gnu-tools-for-stm32.7-2018-q2-update.linux64_1.0.0.201904181610/tools/bin/../lib/gcc/arm-none-eabi/7.3.1/../../../../arm-none-eabi/lib/thumb/v7e-m/fpv4-sp/hard/libc_nano.a(lib_a-memset.o)
                0x000000000800608e                memset
 *(.glue_7)
 .glue_7        0x000000000800609e        0x0 linker stubs
 *(.glue_7t)
 .glue_7t       0x000000000800609e        0x0 linker stubs
 *(.eh_frame)
 *fill*         0x000000000800609e        0x2 
 .eh_frame      0x00000000080060a0        0x0 /opt/st/stm32cubeide_1.3.0/plugins/com.st.stm32cube.ide.mcu.externaltools.gnu-tools-for-stm32.7-2018-q2-update.linux64_1.0.0.201904181610/tools/bin/../lib/gcc/arm-none-eabi/7.3.1/thumb/v7e-m/fpv4-sp/hard/crtbegin.o
 *(.init)
 .init          0x00000000080060a0        0x4 /opt/st/stm32cubeide_1.3.0/plugins/com.st.stm32cube.ide.mcu.externaltools.gnu-tools-for-stm32.7-2018-q2-update.linux64_1.0.0.201904181610/tools/bin/../lib/gcc/arm-none-eabi/7.3.1/thumb/v7e-m/fpv4-sp/hard/crti.o
                0x00000000080060a0                _init
 .init          0x00000000080060a4        0x8 /opt/st/stm32cubeide_1.3.0/plugins/com.st.stm32cube.ide.mcu.externaltools.gnu-tools-for-stm32.7-2018-q2-update.linux64_1.0.0.201904181610/tools/bin/../lib/gcc/arm-none-eabi/7.3.1/thumb/v7e-m/fpv4-sp/hard/crtn.o
 *(.fini)
 .fini          0x00000000080060ac        0x4 /opt/st/stm32cubeide_1.3.0/plugins/com.st.stm32cube.ide.mcu.externaltools.gnu-tools-for-stm32.7-2018-q2-update.linux64_1.0.0.201904181610/tools/bin/../lib/gcc/arm-none-eabi/7.3.1/thumb/v7e-m/fpv4-sp/hard/crti.o
                0x00000000080060ac                _fini
 .fini          0x00000000080060b0        0x8 /opt/st/stm32cubeide_1.3.0/plugins/com.st.stm32cube.ide.mcu.externaltools.gnu-tools-for-stm32.7-2018-q2-update.linux64_1.0.0.201904181610/tools/bin/../lib/gcc/arm-none-eabi/7.3.1/thumb/v7e-m/fpv4-sp/hard/crtn.o
                0x00000000080060b8                . = ALIGN (0x4)
                0x00000000080060b8                _etext = .

.vfp11_veneer   0x00000000080060b8        0x0
 .vfp11_veneer  0x00000000080060b8        0x0 linker stubs

.v4_bx          0x00000000080060b8        0x0
 .v4_bx         0x00000000080060b8        0x0 linker stubs

.iplt           0x00000000080060b8        0x0
 .iplt          0x00000000080060b8        0x0 /opt/st/stm32cubeide_1.3.0/plugins/com.st.stm32cube.ide.mcu.externaltools.gnu-tools-for-stm32.7-2018-q2-update.linux64_1.0.0.201904181610/tools/bin/../lib/gcc/arm-none-eabi/7.3.1/thumb/v7e-m/fpv4-sp/hard/crtbegin.o

.rodata         0x00000000080060b8       0xa0
                0x00000000080060b8                . = ALIGN (0x4)
 *(.rodata)
 .rodata        0x00000000080060b8       0x1a Core/Src/main.o
 *fill*         0x00000000080060d2        0x2 
 .rodata        0x00000000080060d4        0x5 Middlewares/FreeRTOS/tasks.o
 *fill*         0x00000000080060d9        0x3 
 .rodata        0x00000000080060dc        0xd Middlewares/FreeRTOS/timers.o
 *(.rodata*)
 *fill*         0x00000000080060e9        0x3 
 .rodata.defaultTask_attributes
                0x00000000080060ec       0x24 Core/Src/main.o
                0x00000000080060ec                defaultTask_attributes
 .rodata.AHBPrescTable
                0x0000000008006110       0x10 Core/Src/system_stm32l4xx.o
                0x0000000008006110                AHBPrescTable
 .rodata.APBPrescTable
                0x0000000008006120        0x8 Core/Src/system_stm32l4xx.o
                0x0000000008006120                APBPrescTable
 .rodata.MSIRangeTable
                0x0000000008006128       0x30 Core/Src/system_stm32l4xx.o
                0x0000000008006128                MSIRangeTable
                0x0000000008006158                . = ALIGN (0x4)

.ARM.extab      0x0000000008006158        0x0
                0x0000000008006158                . = ALIGN (0x4)
 *(.ARM.extab* .gnu.linkonce.armextab.*)
                0x0000000008006158                . = ALIGN (0x4)

.ARM            0x0000000008006158        0x8
                0x0000000008006158                . = ALIGN (0x4)
                0x0000000008006158                __exidx_start = .
 *(.ARM.exidx*)
 .ARM.exidx     0x0000000008006158        0x8 /opt/st/stm32cubeide_1.3.0/plugins/com.st.stm32cube.ide.mcu.externaltools.gnu-tools-for-stm32.7-2018-q2-update.linux64_1.0.0.201904181610/tools/bin/../lib/gcc/arm-none-eabi/7.3.1/thumb/v7e-m/fpv4-sp/hard/libgcc.a(_udivmoddi4.o)
                0x0000000008006160                __exidx_end = .
                0x0000000008006160                . = ALIGN (0x4)

.rel.dyn        0x0000000008006160        0x0
 .rel.iplt      0x0000000008006160        0x0 /opt/st/stm32cubeide_1.3.0/plugins/com.st.stm32cube.ide.mcu.externaltools.gnu-tools-for-stm32.7-2018-q2-update.linux64_1.0.0.201904181610/tools/bin/../lib/gcc/arm-none-eabi/7.3.1/thumb/v7e-m/fpv4-sp/hard/crtbegin.o

.preinit_array  0x0000000008006160        0x0
                0x0000000008006160                . = ALIGN (0x4)
                0x0000000008006160                PROVIDE (__preinit_array_start = .)
 *(.preinit_array*)
                0x0000000008006160                PROVIDE (__preinit_array_end = .)
                0x0000000008006160                . = ALIGN (0x4)

.init_array     0x0000000008006160        0x4
                0x0000000008006160                . = ALIGN (0x4)
                0x0000000008006160                PROVIDE (__init_array_start = .)
 *(SORT_BY_NAME(.init_array.*))
 *(.init_array*)
 .init_array    0x0000000008006160        0x4 /opt/st/stm32cubeide_1.3.0/plugins/com.st.stm32cube.ide.mcu.externaltools.gnu-tools-for-stm32.7-2018-q2-update.linux64_1.0.0.201904181610/tools/bin/../lib/gcc/arm-none-eabi/7.3.1/thumb/v7e-m/fpv4-sp/hard/crtbegin.o
                0x0000000008006164                PROVIDE (__init_array_end = .)
                0x0000000008006164                . = ALIGN (0x4)

.fini_array     0x0000000008006164        0x4
                0x0000000008006164                . = ALIGN (0x4)
                [!provide]                        PROVIDE (__fini_array_start = .)
 *(SORT_BY_NAME(.fini_array.*))
 *(.fini_array*)
 .fini_array    0x0000000008006164        0x4 /opt/st/stm32cubeide_1.3.0/plugins/com.st.stm32cube.ide.mcu.externaltools.gnu-tools-for-stm32.7-2018-q2-update.linux64_1.0.0.201904181610/tools/bin/../lib/gcc/arm-none-eabi/7.3.1/thumb/v7e-m/fpv4-sp/hard/crtbegin.o
                [!provide]                        PROVIDE (__fini_array_end = .)
                0x0000000008006168                . = ALIGN (0x4)
                0x0000000008006168                _sidata = LOADADDR (.data)

.data           0x0000000020000000       0x10 load address 0x0000000008006168
                0x0000000020000000                . = ALIGN (0x4)
                0x0000000020000000                _sdata = .
 *(.data)
 *(.data*)
 .data.SystemCoreClock
                0x0000000020000000        0x4 Core/Src/system_stm32l4xx.o
                0x0000000020000000                SystemCoreClock
 .data.uwTickPrio
                0x0000000020000004        0x4 Drivers/STM32L4xx_HAL_Driver/stm32l4xx_hal.o
                0x0000000020000004                uwTickPrio
 .data.uwTickFreq
                0x0000000020000008        0x4 Drivers/STM32L4xx_HAL_Driver/stm32l4xx_hal.o
                0x0000000020000008                uwTickFreq
 .data.uxCriticalNesting
                0x000000002000000c        0x4 Middlewares/FreeRTOS/port.o
                0x0000000020000010                . = ALIGN (0x4)
                0x0000000020000010                _edata = .

.igot.plt       0x0000000020000010        0x0 load address 0x0000000008006178
 .igot.plt      0x0000000020000010        0x0 /opt/st/stm32cubeide_1.3.0/plugins/com.st.stm32cube.ide.mcu.externaltools.gnu-tools-for-stm32.7-2018-q2-update.linux64_1.0.0.201904181610/tools/bin/../lib/gcc/arm-none-eabi/7.3.1/thumb/v7e-m/fpv4-sp/hard/crtbegin.o
                0x0000000020000010                . = ALIGN (0x4)

.bss            0x0000000020000010     0x19e4 load address 0x0000000008006178
                0x0000000020000010                _sbss = .
                0x0000000020000010                __bss_start__ = _sbss
 *(.bss)
 .bss           0x0000000020000010       0x1c /opt/st/stm32cubeide_1.3.0/plugins/com.st.stm32cube.ide.mcu.externaltools.gnu-tools-for-stm32.7-2018-q2-update.linux64_1.0.0.201904181610/tools/bin/../lib/gcc/arm-none-eabi/7.3.1/thumb/v7e-m/fpv4-sp/hard/crtbegin.o
 *(.bss*)
 .bss.KernelState
                0x000000002000002c        0x4 Middlewares/FreeRTOS/cmsis_os2.o
 .bss.Idle_TCB  0x0000000020000030       0x5c Middlewares/FreeRTOS/cmsis_os2.o
 .bss.Idle_Stack
                0x000000002000008c      0x200 Middlewares/FreeRTOS/cmsis_os2.o
 .bss.Timer_TCB
                0x000000002000028c       0x5c Middlewares/FreeRTOS/cmsis_os2.o
 .bss.Timer_Stack
                0x00000000200002e8      0x400 Middlewares/FreeRTOS/cmsis_os2.o
 .bss.ucHeap    0x00000000200006e8      0xbb8 Middlewares/FreeRTOS/heap_4.o
 .bss.xStart    0x00000000200012a0        0x8 Middlewares/FreeRTOS/heap_4.o
 .bss.pxEnd     0x00000000200012a8        0x4 Middlewares/FreeRTOS/heap_4.o
 .bss.xFreeBytesRemaining
                0x00000000200012ac        0x4 Middlewares/FreeRTOS/heap_4.o
 .bss.xMinimumEverFreeBytesRemaining
                0x00000000200012b0        0x4 Middlewares/FreeRTOS/heap_4.o
 .bss.xBlockAllocatedBit
                0x00000000200012b4        0x4 Middlewares/FreeRTOS/heap_4.o
 .bss.ucMaxSysCallPriority
                0x00000000200012b8        0x1 Middlewares/FreeRTOS/port.o
 *fill*         0x00000000200012b9        0x3 
 .bss.ulMaxPRIGROUPValue
                0x00000000200012bc        0x4 Middlewares/FreeRTOS/port.o
 .bss.pxCurrentTCB
                0x00000000200012c0        0x4 Middlewares/FreeRTOS/tasks.o
                0x00000000200012c0                pxCurrentTCB
 .bss.pxReadyTasksLists
                0x00000000200012c4      0x460 Middlewares/FreeRTOS/tasks.o
 .bss.xDelayedTaskList1
                0x0000000020001724       0x14 Middlewares/FreeRTOS/tasks.o
 .bss.xDelayedTaskList2
                0x0000000020001738       0x14 Middlewares/FreeRTOS/tasks.o
 .bss.pxDelayedTaskList
                0x000000002000174c        0x4 Middlewares/FreeRTOS/tasks.o
 .bss.pxOverflowDelayedTaskList
                0x0000000020001750        0x4 Middlewares/FreeRTOS/tasks.o
 .bss.xPendingReadyList
                0x0000000020001754       0x14 Middlewares/FreeRTOS/tasks.o
 .bss.xTasksWaitingTermination
                0x0000000020001768       0x14 Middlewares/FreeRTOS/tasks.o
 .bss.uxDeletedTasksWaitingCleanUp
                0x000000002000177c        0x4 Middlewares/FreeRTOS/tasks.o
 .bss.xSuspendedTaskList
                0x0000000020001780       0x14 Middlewares/FreeRTOS/tasks.o
 .bss.uxCurrentNumberOfTasks
                0x0000000020001794        0x4 Middlewares/FreeRTOS/tasks.o
 .bss.xTickCount
                0x0000000020001798        0x4 Middlewares/FreeRTOS/tasks.o
 .bss.uxTopReadyPriority
                0x000000002000179c        0x4 Middlewares/FreeRTOS/tasks.o
 .bss.xSchedulerRunning
                0x00000000200017a0        0x4 Middlewares/FreeRTOS/tasks.o
 .bss.uxPendedTicks
                0x00000000200017a4        0x4 Middlewares/FreeRTOS/tasks.o
 .bss.xYieldPending
                0x00000000200017a8        0x4 Middlewares/FreeRTOS/tasks.o
 .bss.xNumOfOverflows
                0x00000000200017ac        0x4 Middlewares/FreeRTOS/tasks.o
 .bss.uxTaskNumber
                0x00000000200017b0        0x4 Middlewares/FreeRTOS/tasks.o
 .bss.xNextTaskUnblockTime
                0x00000000200017b4        0x4 Middlewares/FreeRTOS/tasks.o
 .bss.xIdleTaskHandle
                0x00000000200017b8        0x4 Middlewares/FreeRTOS/tasks.o
 .bss.uxSchedulerSuspended
                0x00000000200017bc        0x4 Middlewares/FreeRTOS/tasks.o
 .bss.xActiveTimerList1
                0x00000000200017c0       0x14 Middlewares/FreeRTOS/timers.o
 .bss.xActiveTimerList2
                0x00000000200017d4       0x14 Middlewares/FreeRTOS/timers.o
 .bss.pxCurrentTimerList
                0x00000000200017e8        0x4 Middlewares/FreeRTOS/timers.o
 .bss.pxOverflowTimerList
                0x00000000200017ec        0x4 Middlewares/FreeRTOS/timers.o
 .bss.xTimerQueue
                0x00000000200017f0        0x4 Middlewares/FreeRTOS/timers.o
 .bss.xTimerTaskHandle
                0x00000000200017f4        0x4 Middlewares/FreeRTOS/timers.o
 .bss.xLastTime.6741
                0x00000000200017f8        0x4 Middlewares/FreeRTOS/timers.o
 .bss.ucStaticTimerQueueStorage.6792
                0x00000000200017fc       0xa0 Middlewares/FreeRTOS/timers.o
 .bss.xStaticTimerQueue.6791
                0x000000002000189c       0x50 Middlewares/FreeRTOS/timers.o
 *(COMMON)
 COMMON         0x00000000200018ec       0x84 Core/Src/main.o
                0x00000000200018ec                defaultTaskHandle
                0x00000000200018f0                huart2
 COMMON         0x0000000020001970       0x40 Core/Src/stm32l4xx_hal_timebase_tim.o
                0x0000000020001970                htim1
 COMMON         0x00000000200019b0        0x4 Drivers/STM32L4xx_HAL_Driver/stm32l4xx_hal.o
                0x00000000200019b0                uwTick
 COMMON         0x00000000200019b4       0x40 Middlewares/FreeRTOS/queue.o
                0x00000000200019b4                xQueueRegistry
                0x00000000200019f4                . = ALIGN (0x4)
                0x00000000200019f4                _ebss = .
                0x00000000200019f4                __bss_end__ = _ebss

._user_heap_stack
                0x00000000200019f4      0x604 load address 0x0000000008006178
                0x00000000200019f8                . = ALIGN (0x8)
 *fill*         0x00000000200019f4        0x4 
                0x00000000200019f8                PROVIDE (end = .)
                [!provide]                        PROVIDE (_end = .)
                0x0000000020001bf8                . = (. + _Min_Heap_Size)
 *fill*         0x00000000200019f8      0x200 
                0x0000000020001ff8                . = (. + _Min_Stack_Size)
 *fill*         0x0000000020001bf8      0x400 
                0x0000000020001ff8                . = ALIGN (0x8)

/DISCARD/
 libc.a(*)
 libm.a(*)
 libgcc.a(*)

.ARM.attributes
                0x0000000000000000       0x30
 *(.ARM.attributes)
 .ARM.attributes
                0x0000000000000000       0x22 /opt/st/stm32cubeide_1.3.0/plugins/com.st.stm32cube.ide.mcu.externaltools.gnu-tools-for-stm32.7-2018-q2-update.linux64_1.0.0.201904181610/tools/bin/../lib/gcc/arm-none-eabi/7.3.1/thumb/v7e-m/fpv4-sp/hard/crti.o
 .ARM.attributes
                0x0000000000000022       0x34 /opt/st/stm32cubeide_1.3.0/plugins/com.st.stm32cube.ide.mcu.externaltools.gnu-tools-for-stm32.7-2018-q2-update.linux64_1.0.0.201904181610/tools/bin/../lib/gcc/arm-none-eabi/7.3.1/thumb/v7e-m/fpv4-sp/hard/crtbegin.o
 .ARM.attributes
                0x0000000000000056       0x39 Core/Src/main.o
 .ARM.attributes
                0x000000000000008f       0x39 Core/Src/stm32l4xx_hal_msp.o
 .ARM.attributes
                0x00000000000000c8       0x39 Core/Src/stm32l4xx_hal_timebase_tim.o
 .ARM.attributes
                0x0000000000000101       0x39 Core/Src/stm32l4xx_it.o
 .ARM.attributes
                0x000000000000013a       0x39 Core/Src/system_stm32l4xx.o
 .ARM.attributes
                0x0000000000000173       0x21 Core/Startup/startup_stm32l476vgtx.o
 .ARM.attributes
                0x0000000000000194       0x39 Drivers/STM32L4xx_HAL_Driver/stm32l4xx_hal.o
 .ARM.attributes
                0x00000000000001cd       0x39 Drivers/STM32L4xx_HAL_Driver/stm32l4xx_hal_cortex.o
 .ARM.attributes
                0x0000000000000206       0x39 Drivers/STM32L4xx_HAL_Driver/stm32l4xx_hal_gpio.o
 .ARM.attributes
                0x000000000000023f       0x39 Drivers/STM32L4xx_HAL_Driver/stm32l4xx_hal_pwr_ex.o
 .ARM.attributes
                0x0000000000000278       0x39 Drivers/STM32L4xx_HAL_Driver/stm32l4xx_hal_rcc.o
 .ARM.attributes
                0x00000000000002b1       0x39 Drivers/STM32L4xx_HAL_Driver/stm32l4xx_hal_rcc_ex.o
 .ARM.attributes
                0x00000000000002ea       0x39 Drivers/STM32L4xx_HAL_Driver/stm32l4xx_hal_tim.o
 .ARM.attributes
                0x0000000000000323       0x39 Drivers/STM32L4xx_HAL_Driver/stm32l4xx_hal_tim_ex.o
 .ARM.attributes
                0x000000000000035c       0x39 Drivers/STM32L4xx_HAL_Driver/stm32l4xx_hal_uart.o
 .ARM.attributes
                0x0000000000000395       0x39 Middlewares/FreeRTOS/cmsis_os2.o
 .ARM.attributes
                0x00000000000003ce       0x39 Middlewares/FreeRTOS/heap_4.o
 .ARM.attributes
                0x0000000000000407       0x39 Middlewares/FreeRTOS/list.o
 .ARM.attributes
                0x0000000000000440       0x39 Middlewares/FreeRTOS/port.o
 .ARM.attributes
                0x0000000000000479       0x39 Middlewares/FreeRTOS/queue.o
 .ARM.attributes
                0x00000000000004b2       0x39 Middlewares/FreeRTOS/tasks.o
 .ARM.attributes
                0x00000000000004eb       0x39 Middlewares/FreeRTOS/timers.o
 .ARM.attributes
                0x0000000000000524       0x34 /opt/st/stm32cubeide_1.3.0/plugins/com.st.stm32cube.ide.mcu.externaltools.gnu-tools-for-stm32.7-2018-q2-update.linux64_1.0.0.201904181610/tools/bin/../lib/gcc/arm-none-eabi/7.3.1/../../../../arm-none-eabi/lib/thumb/v7e-m/fpv4-sp/hard/libc_nano.a(lib_a-init.o)
 .ARM.attributes
                0x0000000000000558       0x34 /opt/st/stm32cubeide_1.3.0/plugins/com.st.stm32cube.ide.mcu.externaltools.gnu-tools-for-stm32.7-2018-q2-update.linux64_1.0.0.201904181610/tools/bin/../lib/gcc/arm-none-eabi/7.3.1/../../../../arm-none-eabi/lib/thumb/v7e-m/fpv4-sp/hard/libc_nano.a(lib_a-memcpy-stub.o)
 .ARM.attributes
                0x000000000000058c       0x34 /opt/st/stm32cubeide_1.3.0/plugins/com.st.stm32cube.ide.mcu.externaltools.gnu-tools-for-stm32.7-2018-q2-update.linux64_1.0.0.201904181610/tools/bin/../lib/gcc/arm-none-eabi/7.3.1/../../../../arm-none-eabi/lib/thumb/v7e-m/fpv4-sp/hard/libc_nano.a(lib_a-memset.o)
 .ARM.attributes
                0x00000000000005c0       0x1b /opt/st/stm32cubeide_1.3.0/plugins/com.st.stm32cube.ide.mcu.externaltools.gnu-tools-for-stm32.7-2018-q2-update.linux64_1.0.0.201904181610/tools/bin/../lib/gcc/arm-none-eabi/7.3.1/../../../../arm-none-eabi/lib/thumb/v7e-m/fpv4-sp/hard/libc_nano.a(lib_a-strlen.o)
 .ARM.attributes
                0x00000000000005db       0x22 /opt/st/stm32cubeide_1.3.0/plugins/com.st.stm32cube.ide.mcu.externaltools.gnu-tools-for-stm32.7-2018-q2-update.linux64_1.0.0.201904181610/tools/bin/../lib/gcc/arm-none-eabi/7.3.1/thumb/v7e-m/fpv4-sp/hard/libgcc.a(_aeabi_uldivmod.o)
 .ARM.attributes
                0x00000000000005fd       0x34 /opt/st/stm32cubeide_1.3.0/plugins/com.st.stm32cube.ide.mcu.externaltools.gnu-tools-for-stm32.7-2018-q2-update.linux64_1.0.0.201904181610/tools/bin/../lib/gcc/arm-none-eabi/7.3.1/thumb/v7e-m/fpv4-sp/hard/libgcc.a(_udivmoddi4.o)
 .ARM.attributes
                0x0000000000000631       0x22 /opt/st/stm32cubeide_1.3.0/plugins/com.st.stm32cube.ide.mcu.externaltools.gnu-tools-for-stm32.7-2018-q2-update.linux64_1.0.0.201904181610/tools/bin/../lib/gcc/arm-none-eabi/7.3.1/thumb/v7e-m/fpv4-sp/hard/libgcc.a(_dvmd_tls.o)
 .ARM.attributes
                0x0000000000000653       0x22 /opt/st/stm32cubeide_1.3.0/plugins/com.st.stm32cube.ide.mcu.externaltools.gnu-tools-for-stm32.7-2018-q2-update.linux64_1.0.0.201904181610/tools/bin/../lib/gcc/arm-none-eabi/7.3.1/thumb/v7e-m/fpv4-sp/hard/crtn.o
OUTPUT(project5_game.elf elf32-littlearm)

.debug_info     0x0000000000000000    0x1a649
 .debug_info    0x0000000000000000     0x1b25 Core/Src/main.o
 .debug_info    0x0000000000001b25      0xd9b Core/Src/stm32l4xx_hal_msp.o
 .debug_info    0x00000000000028c0      0xc8b Core/Src/stm32l4xx_hal_timebase_tim.o
 .debug_info    0x000000000000354b      0x7bf Core/Src/stm32l4xx_it.o
 .debug_info    0x0000000000003d0a      0x6f6 Core/Src/system_stm32l4xx.o
 .debug_info    0x0000000000004400       0x22 Core/Startup/startup_stm32l476vgtx.o
 .debug_info    0x0000000000004422      0xbe0 Drivers/STM32L4xx_HAL_Driver/stm32l4xx_hal.o
 .debug_info    0x0000000000005002      0xf3c Drivers/STM32L4xx_HAL_Driver/stm32l4xx_hal_cortex.o
 .debug_info    0x0000000000005f3e      0x982 Drivers/STM32L4xx_HAL_Driver/stm32l4xx_hal_gpio.o
 .debug_info    0x00000000000068c0      0xb04 Drivers/STM32L4xx_HAL_Driver/stm32l4xx_hal_pwr_ex.o
 .debug_info    0x00000000000073c4      0xcfe Drivers/STM32L4xx_HAL_Driver/stm32l4xx_hal_rcc.o
 .debug_info    0x00000000000080c2      0xf10 Drivers/STM32L4xx_HAL_Driver/stm32l4xx_hal_rcc_ex.o
 .debug_info    0x0000000000008fd2     0x266f Drivers/STM32L4xx_HAL_Driver/stm32l4xx_hal_tim.o
 .debug_info    0x000000000000b641     0x13d8 Drivers/STM32L4xx_HAL_Driver/stm32l4xx_hal_tim_ex.o
 .debug_info    0x000000000000ca19     0x180e Drivers/STM32L4xx_HAL_Driver/stm32l4xx_hal_uart.o
 .debug_info    0x000000000000e227     0x401f Middlewares/FreeRTOS/cmsis_os2.o
 .debug_info    0x0000000000012246      0xbea Middlewares/FreeRTOS/heap_4.o
 .debug_info    0x0000000000012e30      0xacb Middlewares/FreeRTOS/list.o
 .debug_info    0x00000000000138fb      0x533 Middlewares/FreeRTOS/port.o
 .debug_info    0x0000000000013e2e     0x239c Middlewares/FreeRTOS/queue.o
 .debug_info    0x00000000000161ca     0x29c5 Middlewares/FreeRTOS/tasks.o
 .debug_info    0x0000000000018b8f     0x1aba Middlewares/FreeRTOS/timers.o

.debug_abbrev   0x0000000000000000     0x2f6e
 .debug_abbrev  0x0000000000000000      0x293 Core/Src/main.o
 .debug_abbrev  0x0000000000000293      0x195 Core/Src/stm32l4xx_hal_msp.o
 .debug_abbrev  0x0000000000000428      0x19d Core/Src/stm32l4xx_hal_timebase_tim.o
 .debug_abbrev  0x00000000000005c5      0x15a Core/Src/stm32l4xx_it.o
 .debug_abbrev  0x000000000000071f      0x150 Core/Src/system_stm32l4xx.o
 .debug_abbrev  0x000000000000086f       0x12 Core/Startup/startup_stm32l476vgtx.o
 .debug_abbrev  0x0000000000000881      0x1fb Drivers/STM32L4xx_HAL_Driver/stm32l4xx_hal.o
 .debug_abbrev  0x0000000000000a7c      0x2fa Drivers/STM32L4xx_HAL_Driver/stm32l4xx_hal_cortex.o
 .debug_abbrev  0x0000000000000d76      0x1c0 Drivers/STM32L4xx_HAL_Driver/stm32l4xx_hal_gpio.o
 .debug_abbrev  0x0000000000000f36      0x1cb Drivers/STM32L4xx_HAL_Driver/stm32l4xx_hal_pwr_ex.o
 .debug_abbrev  0x0000000000001101      0x245 Drivers/STM32L4xx_HAL_Driver/stm32l4xx_hal_rcc.o
 .debug_abbrev  0x0000000000001346      0x238 Drivers/STM32L4xx_HAL_Driver/stm32l4xx_hal_rcc_ex.o
 .debug_abbrev  0x000000000000157e      0x230 Drivers/STM32L4xx_HAL_Driver/stm32l4xx_hal_tim.o
 .debug_abbrev  0x00000000000017ae      0x21e Drivers/STM32L4xx_HAL_Driver/stm32l4xx_hal_tim_ex.o
 .debug_abbrev  0x00000000000019cc      0x205 Drivers/STM32L4xx_HAL_Driver/stm32l4xx_hal_uart.o
 .debug_abbrev  0x0000000000001bd1      0x3c3 Middlewares/FreeRTOS/cmsis_os2.o
 .debug_abbrev  0x0000000000001f94      0x29e Middlewares/FreeRTOS/heap_4.o
 .debug_abbrev  0x0000000000002232      0x1cf Middlewares/FreeRTOS/list.o
 .debug_abbrev  0x0000000000002401      0x210 Middlewares/FreeRTOS/port.o
 .debug_abbrev  0x0000000000002611      0x336 Middlewares/FreeRTOS/queue.o
 .debug_abbrev  0x0000000000002947      0x350 Middlewares/FreeRTOS/tasks.o
 .debug_abbrev  0x0000000000002c97      0x2d7 Middlewares/FreeRTOS/timers.o

.debug_aranges  0x0000000000000000     0x1528
 .debug_aranges
                0x0000000000000000       0x50 Core/Src/main.o
 .debug_aranges
                0x0000000000000050       0x30 Core/Src/stm32l4xx_hal_msp.o
 .debug_aranges
                0x0000000000000080       0x30 Core/Src/stm32l4xx_hal_timebase_tim.o
 .debug_aranges
                0x00000000000000b0       0x50 Core/Src/stm32l4xx_it.o
 .debug_aranges
                0x0000000000000100       0x28 Core/Src/system_stm32l4xx.o
 .debug_aranges
                0x0000000000000128       0x28 Core/Startup/startup_stm32l476vgtx.o
 .debug_aranges
                0x0000000000000150      0x130 Drivers/STM32L4xx_HAL_Driver/stm32l4xx_hal.o
 .debug_aranges
                0x0000000000000280      0x118 Drivers/STM32L4xx_HAL_Driver/stm32l4xx_hal_cortex.o
 .debug_aranges
                0x0000000000000398       0x58 Drivers/STM32L4xx_HAL_Driver/stm32l4xx_hal_gpio.o
 .debug_aranges
                0x00000000000003f0      0x150 Drivers/STM32L4xx_HAL_Driver/stm32l4xx_hal_pwr_ex.o
 .debug_aranges
                0x0000000000000540       0x88 Drivers/STM32L4xx_HAL_Driver/stm32l4xx_hal_rcc.o
 .debug_aranges
                0x00000000000005c8       0xc0 Drivers/STM32L4xx_HAL_Driver/stm32l4xx_hal_rcc_ex.o
 .debug_aranges
                0x0000000000000688      0x3b8 Drivers/STM32L4xx_HAL_Driver/stm32l4xx_hal_tim.o
 .debug_aranges
                0x0000000000000a40      0x168 Drivers/STM32L4xx_HAL_Driver/stm32l4xx_hal_tim_ex.o
 .debug_aranges
                0x0000000000000ba8      0x210 Drivers/STM32L4xx_HAL_Driver/stm32l4xx_hal_uart.o
 .debug_aranges
                0x0000000000000db8      0x228 Middlewares/FreeRTOS/cmsis_os2.o
 .debug_aranges
                0x0000000000000fe0       0x50 Middlewares/FreeRTOS/heap_4.o
 .debug_aranges
                0x0000000000001030       0x40 Middlewares/FreeRTOS/list.o
 .debug_aranges
                0x0000000000001070       0x80 Middlewares/FreeRTOS/port.o
 .debug_aranges
                0x00000000000010f0      0x158 Middlewares/FreeRTOS/queue.o
 .debug_aranges
                0x0000000000001248      0x1f8 Middlewares/FreeRTOS/tasks.o
 .debug_aranges
                0x0000000000001440       0xe8 Middlewares/FreeRTOS/timers.o

.debug_ranges   0x0000000000000000     0x13d0
 .debug_ranges  0x0000000000000000       0x40 Core/Src/main.o
 .debug_ranges  0x0000000000000040       0x20 Core/Src/stm32l4xx_hal_msp.o
 .debug_ranges  0x0000000000000060       0x20 Core/Src/stm32l4xx_hal_timebase_tim.o
 .debug_ranges  0x0000000000000080       0x40 Core/Src/stm32l4xx_it.o
 .debug_ranges  0x00000000000000c0       0x18 Core/Src/system_stm32l4xx.o
 .debug_ranges  0x00000000000000d8       0x20 Core/Startup/startup_stm32l476vgtx.o
 .debug_ranges  0x00000000000000f8      0x120 Drivers/STM32L4xx_HAL_Driver/stm32l4xx_hal.o
 .debug_ranges  0x0000000000000218      0x108 Drivers/STM32L4xx_HAL_Driver/stm32l4xx_hal_cortex.o
 .debug_ranges  0x0000000000000320       0x48 Drivers/STM32L4xx_HAL_Driver/stm32l4xx_hal_gpio.o
 .debug_ranges  0x0000000000000368      0x140 Drivers/STM32L4xx_HAL_Driver/stm32l4xx_hal_pwr_ex.o
 .debug_ranges  0x00000000000004a8       0x78 Drivers/STM32L4xx_HAL_Driver/stm32l4xx_hal_rcc.o
 .debug_ranges  0x0000000000000520       0xb0 Drivers/STM32L4xx_HAL_Driver/stm32l4xx_hal_rcc_ex.o
 .debug_ranges  0x00000000000005d0      0x3a8 Drivers/STM32L4xx_HAL_Driver/stm32l4xx_hal_tim.o
 .debug_ranges  0x0000000000000978      0x158 Drivers/STM32L4xx_HAL_Driver/stm32l4xx_hal_tim_ex.o
 .debug_ranges  0x0000000000000ad0      0x200 Drivers/STM32L4xx_HAL_Driver/stm32l4xx_hal_uart.o
 .debug_ranges  0x0000000000000cd0      0x218 Middlewares/FreeRTOS/cmsis_os2.o
 .debug_ranges  0x0000000000000ee8       0x40 Middlewares/FreeRTOS/heap_4.o
 .debug_ranges  0x0000000000000f28       0x30 Middlewares/FreeRTOS/list.o
 .debug_ranges  0x0000000000000f58       0x70 Middlewares/FreeRTOS/port.o
 .debug_ranges  0x0000000000000fc8      0x148 Middlewares/FreeRTOS/queue.o
 .debug_ranges  0x0000000000001110      0x1e8 Middlewares/FreeRTOS/tasks.o
 .debug_ranges  0x00000000000012f8       0xd8 Middlewares/FreeRTOS/timers.o

.debug_macro    0x0000000000000000     0x3d54
 .debug_macro   0x0000000000000000      0x409 Core/Src/main.o
 .debug_macro   0x0000000000000409      0x137 Core/Src/main.o
 .debug_macro   0x0000000000000540       0x66 Core/Src/main.o
 .debug_macro   0x00000000000005a6       0x74 Core/Src/main.o
 .debug_macro   0x000000000000061a       0xdd Core/Src/main.o
 .debug_macro   0x00000000000006f7       0x46 Core/Src/main.o
 .debug_macro   0x000000000000073d       0x18 Core/Src/main.o
 .debug_macro   0x0000000000000755       0x3c Core/Src/main.o
 .debug_macro   0x0000000000000791       0x34 Core/Src/main.o
 .debug_macro   0x00000000000007c5       0x16 Core/Src/main.o
 .debug_macro   0x00000000000007db       0x35 Core/Src/main.o
 .debug_macro   0x0000000000000810      0x32a Core/Src/main.o
 .debug_macro   0x0000000000000b3a       0x10 Core/Src/main.o
 .debug_macro   0x0000000000000b4a       0x52 Core/Src/main.o
 .debug_macro   0x0000000000000b9c       0x1f Core/Src/main.o
 .debug_macro   0x0000000000000bbb       0x43 Core/Src/main.o
 .debug_macro   0x0000000000000bfe       0x20 Core/Src/main.o
 .debug_macro   0x0000000000000c1e      0x1a3 Core/Src/main.o
 .debug_macro   0x0000000000000dc1       0x10 Core/Src/main.o
 .debug_macro   0x0000000000000dd1       0x1c Core/Src/main.o
 .debug_macro   0x0000000000000ded       0x52 Core/Src/main.o
 .debug_macro   0x0000000000000e3f       0x40 Core/Src/main.o
 .debug_macro   0x0000000000000e7f       0x10 Core/Src/main.o
 .debug_macro   0x0000000000000e8f       0x40 Core/Src/main.o
 .debug_macro   0x0000000000000ecf       0xd7 Core/Src/main.o
 .debug_macro   0x0000000000000fa6       0x1c Core/Src/main.o
 .debug_macro   0x0000000000000fc2       0x3d Core/Src/main.o
 .debug_macro   0x0000000000000fff       0x16 Core/Src/main.o
 .debug_macro   0x0000000000001015      0x145 Core/Src/main.o
 .debug_macro   0x000000000000115a       0x16 Core/Src/main.o
 .debug_macro   0x0000000000001170       0x20 Core/Src/main.o
 .debug_macro   0x0000000000001190      0x1f3 Core/Src/stm32l4xx_hal_msp.o
 .debug_macro   0x0000000000001383      0x1e9 Core/Src/stm32l4xx_hal_timebase_tim.o
 .debug_macro   0x000000000000156c      0x265 Core/Src/stm32l4xx_it.o
 .debug_macro   0x00000000000017d1      0x1ef Core/Src/system_stm32l4xx.o
 .debug_macro   0x00000000000019c0      0x237 Drivers/STM32L4xx_HAL_Driver/stm32l4xx_hal.o
 .debug_macro   0x0000000000001bf7      0x1e9 Drivers/STM32L4xx_HAL_Driver/stm32l4xx_hal_cortex.o
 .debug_macro   0x0000000000001de0      0x228 Drivers/STM32L4xx_HAL_Driver/stm32l4xx_hal_gpio.o
 .debug_macro   0x0000000000002008      0x20d Drivers/STM32L4xx_HAL_Driver/stm32l4xx_hal_pwr_ex.o
 .debug_macro   0x0000000000002215      0x22b Drivers/STM32L4xx_HAL_Driver/stm32l4xx_hal_rcc.o
 .debug_macro   0x0000000000002440      0x21f Drivers/STM32L4xx_HAL_Driver/stm32l4xx_hal_rcc_ex.o
 .debug_macro   0x000000000000265f      0x1ea Drivers/STM32L4xx_HAL_Driver/stm32l4xx_hal_tim.o
 .debug_macro   0x0000000000002849      0x1e9 Drivers/STM32L4xx_HAL_Driver/stm32l4xx_hal_tim_ex.o
 .debug_macro   0x0000000000002a32      0x214 Drivers/STM32L4xx_HAL_Driver/stm32l4xx_hal_uart.o
 .debug_macro   0x0000000000002c46      0x23a Middlewares/FreeRTOS/cmsis_os2.o
 .debug_macro   0x0000000000002e80       0x10 Middlewares/FreeRTOS/cmsis_os2.o
 .debug_macro   0x0000000000002e90       0x10 Middlewares/FreeRTOS/cmsis_os2.o
 .debug_macro   0x0000000000002ea0       0xd3 Middlewares/FreeRTOS/cmsis_os2.o
 .debug_macro   0x0000000000002f73       0x91 Middlewares/FreeRTOS/cmsis_os2.o
 .debug_macro   0x0000000000003004       0x8d Middlewares/FreeRTOS/cmsis_os2.o
 .debug_macro   0x0000000000003091       0x9a Middlewares/FreeRTOS/cmsis_os2.o
 .debug_macro   0x000000000000312b      0x1a1 Middlewares/FreeRTOS/heap_4.o
 .debug_macro   0x00000000000032cc      0x17a Middlewares/FreeRTOS/list.o
 .debug_macro   0x0000000000003446      0x196 Middlewares/FreeRTOS/port.o
 .debug_macro   0x00000000000035dc      0x209 Middlewares/FreeRTOS/queue.o
 .debug_macro   0x00000000000037e5       0x87 Middlewares/FreeRTOS/queue.o
 .debug_macro   0x000000000000386c      0x272 Middlewares/FreeRTOS/tasks.o
 .debug_macro   0x0000000000003ade       0x10 Middlewares/FreeRTOS/tasks.o
 .debug_macro   0x0000000000003aee      0x1cf Middlewares/FreeRTOS/timers.o
 .debug_macro   0x0000000000003cbd       0x97 Middlewares/FreeRTOS/timers.o

.debug_line     0x0000000000000000    0x11776
 .debug_line    0x0000000000000000      0xc68 Core/Src/main.o
 .debug_line    0x0000000000000c68      0x7f9 Core/Src/stm32l4xx_hal_msp.o
 .debug_line    0x0000000000001461      0x7fd Core/Src/stm32l4xx_hal_timebase_tim.o
 .debug_line    0x0000000000001c5e      0x9be Core/Src/stm32l4xx_it.o
 .debug_line    0x000000000000261c      0x7f4 Core/Src/system_stm32l4xx.o
 .debug_line    0x0000000000002e10       0x85 Core/Startup/startup_stm32l476vgtx.o
 .debug_line    0x0000000000002e95      0xa9f Drivers/STM32L4xx_HAL_Driver/stm32l4xx_hal.o
 .debug_line    0x0000000000003934      0xb28 Drivers/STM32L4xx_HAL_Driver/stm32l4xx_hal_cortex.o
 .debug_line    0x000000000000445c      0x9bf Drivers/STM32L4xx_HAL_Driver/stm32l4xx_hal_gpio.o
 .debug_line    0x0000000000004e1b      0xbb6 Drivers/STM32L4xx_HAL_Driver/stm32l4xx_hal_pwr_ex.o
 .debug_line    0x00000000000059d1      0xb19 Drivers/STM32L4xx_HAL_Driver/stm32l4xx_hal_rcc.o
 .debug_line    0x00000000000064ea      0xdaf Drivers/STM32L4xx_HAL_Driver/stm32l4xx_hal_rcc_ex.o
 .debug_line    0x0000000000007299     0x1c9c Drivers/STM32L4xx_HAL_Driver/stm32l4xx_hal_tim.o
 .debug_line    0x0000000000008f35      0xf10 Drivers/STM32L4xx_HAL_Driver/stm32l4xx_hal_tim_ex.o
 .debug_line    0x0000000000009e45     0x13c1 Drivers/STM32L4xx_HAL_Driver/stm32l4xx_hal_uart.o
 .debug_line    0x000000000000b206     0x1ed3 Middlewares/FreeRTOS/cmsis_os2.o
 .debug_line    0x000000000000d0d9      0x7cd Middlewares/FreeRTOS/heap_4.o
 .debug_line    0x000000000000d8a6      0x6e7 Middlewares/FreeRTOS/list.o
 .debug_line    0x000000000000df8d      0x6ef Middlewares/FreeRTOS/port.o
 .debug_line    0x000000000000e67c     0x117c Middlewares/FreeRTOS/queue.o
 .debug_line    0x000000000000f7f8     0x1484 Middlewares/FreeRTOS/tasks.o
 .debug_line    0x0000000000010c7c      0xafa Middlewares/FreeRTOS/timers.o

.debug_str      0x0000000000000000    0xfcc22
 .debug_str     0x0000000000000000    0xf374b Core/Src/main.o
                                      0xf3b91 (size before relaxing)
 .debug_str     0x00000000000f374b      0x502 Core/Src/stm32l4xx_hal_msp.o
                                      0xeacc6 (size before relaxing)
 .debug_str     0x00000000000f3c4d       0xaa Core/Src/stm32l4xx_hal_timebase_tim.o
                                      0xead4c (size before relaxing)
 .debug_str     0x00000000000f3cf7       0xab Core/Src/stm32l4xx_it.o
                                      0xee2fd (size before relaxing)
 .debug_str     0x00000000000f3da2       0xcd Core/Src/system_stm32l4xx.o
                                      0xea44c (size before relaxing)
 .debug_str     0x00000000000f3e6f       0x36 Core/Startup/startup_stm32l476vgtx.o
                                         0x74 (size before relaxing)
 .debug_str     0x00000000000f3ea5      0x5a0 Drivers/STM32L4xx_HAL_Driver/stm32l4xx_hal.o
                                      0xeaf5b (size before relaxing)
 .debug_str     0x00000000000f4445      0x3c1 Drivers/STM32L4xx_HAL_Driver/stm32l4xx_hal_cortex.o
                                      0xeacd7 (size before relaxing)
 .debug_str     0x00000000000f4806      0x28a Drivers/STM32L4xx_HAL_Driver/stm32l4xx_hal_gpio.o
                                      0xea703 (size before relaxing)
 .debug_str     0x00000000000f4a90      0x4ec Drivers/STM32L4xx_HAL_Driver/stm32l4xx_hal_pwr_ex.o
                                      0xea99f (size before relaxing)
 .debug_str     0x00000000000f4f7c      0x3e3 Drivers/STM32L4xx_HAL_Driver/stm32l4xx_hal_rcc.o
                                      0xeaa46 (size before relaxing)
 .debug_str     0x00000000000f535f      0x3de Drivers/STM32L4xx_HAL_Driver/stm32l4xx_hal_rcc_ex.o
                                      0xeabd7 (size before relaxing)
 .debug_str     0x00000000000f573d      0xdcb Drivers/STM32L4xx_HAL_Driver/stm32l4xx_hal_tim.o
                                      0xeb4fe (size before relaxing)
 .debug_str     0x00000000000f6508      0x647 Drivers/STM32L4xx_HAL_Driver/stm32l4xx_hal_tim_ex.o
                                      0xeae1f (size before relaxing)
 .debug_str     0x00000000000f6b4f      0x88b Drivers/STM32L4xx_HAL_Driver/stm32l4xx_hal_uart.o
                                      0xeb04e (size before relaxing)
 .debug_str     0x00000000000f73da     0x28e9 Middlewares/FreeRTOS/cmsis_os2.o
                                       0xe38e (size before relaxing)
 .debug_str     0x00000000000f9cc3      0x3e4 Middlewares/FreeRTOS/heap_4.o
                                       0xaea2 (size before relaxing)
 .debug_str     0x00000000000fa0a7      0x15a Middlewares/FreeRTOS/list.o
                                       0xa6af (size before relaxing)
 .debug_str     0x00000000000fa201      0x855 Middlewares/FreeRTOS/port.o
                                       0x8478 (size before relaxing)
 .debug_str     0x00000000000faa56      0x90b Middlewares/FreeRTOS/queue.o
                                       0xc00e (size before relaxing)
 .debug_str     0x00000000000fb361     0x1287 Middlewares/FreeRTOS/tasks.o
                                       0xcb45 (size before relaxing)
 .debug_str     0x00000000000fc5e8      0x63a Middlewares/FreeRTOS/timers.o
                                       0xc58b (size before relaxing)

.comment        0x0000000000000000       0x7b
 .comment       0x0000000000000000       0x7b Core/Src/main.o
                                         0x7c (size before relaxing)
 .comment       0x000000000000007b       0x7c Core/Src/stm32l4xx_hal_msp.o
 .comment       0x000000000000007b       0x7c Core/Src/stm32l4xx_hal_timebase_tim.o
 .comment       0x000000000000007b       0x7c Core/Src/stm32l4xx_it.o
 .comment       0x000000000000007b       0x7c Core/Src/system_stm32l4xx.o
 .comment       0x000000000000007b       0x7c Drivers/STM32L4xx_HAL_Driver/stm32l4xx_hal.o
 .comment       0x000000000000007b       0x7c Drivers/STM32L4xx_HAL_Driver/stm32l4xx_hal_cortex.o
 .comment       0x000000000000007b       0x7c Drivers/STM32L4xx_HAL_Driver/stm32l4xx_hal_gpio.o
 .comment       0x000000000000007b       0x7c Drivers/STM32L4xx_HAL_Driver/stm32l4xx_hal_pwr_ex.o
 .comment       0x000000000000007b       0x7c Drivers/STM32L4xx_HAL_Driver/stm32l4xx_hal_rcc.o
 .comment       0x000000000000007b       0x7c Drivers/STM32L4xx_HAL_Driver/stm32l4xx_hal_rcc_ex.o
 .comment       0x000000000000007b       0x7c Drivers/STM32L4xx_HAL_Driver/stm32l4xx_hal_tim.o
 .comment       0x000000000000007b       0x7c Drivers/STM32L4xx_HAL_Driver/stm32l4xx_hal_tim_ex.o
 .comment       0x000000000000007b       0x7c Drivers/STM32L4xx_HAL_Driver/stm32l4xx_hal_uart.o
 .comment       0x000000000000007b       0x7c Middlewares/FreeRTOS/cmsis_os2.o
 .comment       0x000000000000007b       0x7c Middlewares/FreeRTOS/heap_4.o
 .comment       0x000000000000007b       0x7c Middlewares/FreeRTOS/list.o
 .comment       0x000000000000007b       0x7c Middlewares/FreeRTOS/port.o
 .comment       0x000000000000007b       0x7c Middlewares/FreeRTOS/queue.o
 .comment       0x000000000000007b       0x7c Middlewares/FreeRTOS/tasks.o
 .comment       0x000000000000007b       0x7c Middlewares/FreeRTOS/timers.o

.debug_frame    0x0000000000000000     0x58f8
 .debug_frame   0x0000000000000000       0xfc Core/Src/main.o
 .debug_frame   0x00000000000000fc       0x7c Core/Src/stm32l4xx_hal_msp.o
 .debug_frame   0x0000000000000178       0x74 Core/Src/stm32l4xx_hal_timebase_tim.o
 .debug_frame   0x00000000000001ec       0xcc Core/Src/stm32l4xx_it.o
 .debug_frame   0x00000000000002b8       0x58 Core/Src/system_stm32l4xx.o
 .debug_frame   0x0000000000000310      0x498 Drivers/STM32L4xx_HAL_Driver/stm32l4xx_hal.o
 .debug_frame   0x00000000000007a8      0x498 Drivers/STM32L4xx_HAL_Driver/stm32l4xx_hal_cortex.o
 .debug_frame   0x0000000000000c40      0x14c Drivers/STM32L4xx_HAL_Driver/stm32l4xx_hal_gpio.o
 .debug_frame   0x0000000000000d8c      0x544 Drivers/STM32L4xx_HAL_Driver/stm32l4xx_hal_pwr_ex.o
 .debug_frame   0x00000000000012d0      0x1f4 Drivers/STM32L4xx_HAL_Driver/stm32l4xx_hal_rcc.o
 .debug_frame   0x00000000000014c4      0x2fc Drivers/STM32L4xx_HAL_Driver/stm32l4xx_hal_rcc_ex.o
 .debug_frame   0x00000000000017c0     0x1148 Drivers/STM32L4xx_HAL_Driver/stm32l4xx_hal_tim.o
 .debug_frame   0x0000000000002908      0x638 Drivers/STM32L4xx_HAL_Driver/stm32l4xx_hal_tim_ex.o
 .debug_frame   0x0000000000002f40      0x974 Drivers/STM32L4xx_HAL_Driver/stm32l4xx_hal_uart.o
 .debug_frame   0x00000000000038b4      0x978 Middlewares/FreeRTOS/cmsis_os2.o
 .debug_frame   0x000000000000422c      0x108 Middlewares/FreeRTOS/heap_4.o
 .debug_frame   0x0000000000004334       0xd8 Middlewares/FreeRTOS/list.o
 .debug_frame   0x000000000000440c      0x1a8 Middlewares/FreeRTOS/port.o
 .debug_frame   0x00000000000045b4      0x5ec Middlewares/FreeRTOS/queue.o
 .debug_frame   0x0000000000004ba0      0x8a8 Middlewares/FreeRTOS/tasks.o
 .debug_frame   0x0000000000005448      0x3dc Middlewares/FreeRTOS/timers.o
 .debug_frame   0x0000000000005824       0x2c /opt/st/stm32cubeide_1.3.0/plugins/com.st.stm32cube.ide.mcu.externaltools.gnu-tools-for-stm32.7-2018-q2-update.linux64_1.0.0.201904181610/tools/bin/../lib/gcc/arm-none-eabi/7.3.1/../../../../arm-none-eabi/lib/thumb/v7e-m/fpv4-sp/hard/libc_nano.a(lib_a-init.o)
 .debug_frame   0x0000000000005850       0x28 /opt/st/stm32cubeide_1.3.0/plugins/com.st.stm32cube.ide.mcu.externaltools.gnu-tools-for-stm32.7-2018-q2-update.linux64_1.0.0.201904181610/tools/bin/../lib/gcc/arm-none-eabi/7.3.1/../../../../arm-none-eabi/lib/thumb/v7e-m/fpv4-sp/hard/libc_nano.a(lib_a-memcpy-stub.o)
 .debug_frame   0x0000000000005878       0x20 /opt/st/stm32cubeide_1.3.0/plugins/com.st.stm32cube.ide.mcu.externaltools.gnu-tools-for-stm32.7-2018-q2-update.linux64_1.0.0.201904181610/tools/bin/../lib/gcc/arm-none-eabi/7.3.1/../../../../arm-none-eabi/lib/thumb/v7e-m/fpv4-sp/hard/libc_nano.a(lib_a-memset.o)
 .debug_frame   0x0000000000005898       0x2c /opt/st/stm32cubeide_1.3.0/plugins/com.st.stm32cube.ide.mcu.externaltools.gnu-tools-for-stm32.7-2018-q2-update.linux64_1.0.0.201904181610/tools/bin/../lib/gcc/arm-none-eabi/7.3.1/thumb/v7e-m/fpv4-sp/hard/libgcc.a(_aeabi_uldivmod.o)
 .debug_frame   0x00000000000058c4       0x34 /opt/st/stm32cubeide_1.3.0/plugins/com.st.stm32cube.ide.mcu.externaltools.gnu-tools-for-stm32.7-2018-q2-update.linux64_1.0.0.201904181610/tools/bin/../lib/gcc/arm-none-eabi/7.3.1/thumb/v7e-m/fpv4-sp/hard/libgcc.a(_udivmoddi4.o)
