17:33:04 **** Incremental Build of configuration Debug for project project5_game ****
make -j16 all 
arm-none-eabi-gcc "../Core/Src/main.c" -mcpu=cortex-m4 -std=gnu11 -g3 -DUSE_HAL_DRIVER -DSTM32L476xx -DDEBUG -c -I/home/jasonau/STM32Cube/Repository/STM32Cube_FW_L4_V1.15.1/Drivers/CMSIS/Device/ST/STM32L4xx/Include -I../Core/Inc -I/home/jasonau/STM32Cube/Repository/STM32Cube_FW_L4_V1.15.1/Drivers/STM32L4xx_HAL_Driver/Inc -I/home/jasonau/STM32Cube/Repository/STM32Cube_FW_L4_V1.15.1/Drivers/STM32L4xx_HAL_Driver/Inc/Legacy -I/home/jasonau/STM32Cube/Repository/STM32Cube_FW_L4_V1.15.1/Drivers/CMSIS/Include -O0 -ffunction-sections -fdata-sections -Wall -fstack-usage -MMD -MP -MF"Core/Src/main.d" -MT"Core/Src/main.o" --specs=nano.specs -mfpu=fpv4-sp-d16 -mfloat-abi=hard -mthumb -o "Core/Src/main.o"
../Core/Src/main.c: In function 'main':
../Core/Src/main.c:99:12: warning: pointer targets in passing argument 1 of 'sprintf' differ in signedness [-Wpointer-sign]
    sprintf(buffer," Hello World");
            ^~~~~~
In file included from ../Core/Src/main.c:26:0:
/opt/st/stm32cubeide_1.3.0/plugins/com.st.stm32cube.ide.mcu.externaltools.gnu-tools-for-stm32.7-2018-q2-update.linux64_1.0.0.201904181610/tools/arm-none-eabi/include/stdio.h:244:5: note: expected 'char * restrict' but argument is of type 'uint8_t * {aka unsigned char *}'
 int sprintf (char *__restrict, const char *__restrict, ...)
     ^~~~~~~
../Core/Src/main.c:100:4: warning: implicit declaration of function 'HAL_UART_Transmit'; did you mean 'HAL_PWR_DeInit'? [-Wimplicit-function-declaration]
    HAL_UART_Transmit(&huart2, strlen((char*)buffer), HAL_MAX_DELAY);
    ^~~~~~~~~~~~~~~~~
    HAL_PWR_DeInit
../Core/Src/main.c:100:23: error: 'huart2' undeclared (first use in this function)
    HAL_UART_Transmit(&huart2, strlen((char*)buffer), HAL_MAX_DELAY);
                       ^~~~~~
../Core/Src/main.c:100:23: note: each undeclared identifier is reported only once for each function it appears in
make: *** [Core/Src/subdir.mk:33: Core/Src/main.o] Error 1
"make -j16 all" terminated with exit code 2. Build might be incomplete.
17:35:12 **** Incremental Build of configuration Debug for project project5_game ****
make -j16 all 
arm-none-eabi-gcc "/home/jasonau/STM32Cube/Repository/STM32Cube_FW_L4_V1.15.1/Drivers/STM32L4xx_HAL_Driver/Src/stm32l4xx_hal.c" -mcpu=cortex-m4 -std=gnu11 -g3 -DUSE_HAL_DRIVER -DSTM32L476xx -DDEBUG -c -I/home/jasonau/STM32Cube/Repository/STM32Cube_FW_L4_V1.15.1/Drivers/CMSIS/Device/ST/STM32L4xx/Include -I../Core/Inc -I/home/jasonau/STM32Cube/Repository/STM32Cube_FW_L4_V1.15.1/Drivers/STM32L4xx_HAL_Driver/Inc -I/home/jasonau/STM32Cube/Repository/STM32Cube_FW_L4_V1.15.1/Drivers/STM32L4xx_HAL_Driver/Inc/Legacy -I/home/jasonau/STM32Cube/Repository/STM32Cube_FW_L4_V1.15.1/Drivers/CMSIS/Include -O0 -ffunction-sections -fdata-sections -Wall -fstack-usage -MMD -MP -MF"Drivers/STM32L4xx_HAL_Driver/stm32l4xx_hal.d" -MT"Drivers/STM32L4xx_HAL_Driver/stm32l4xx_hal.o" --specs=nano.specs -mfpu=fpv4-sp-d16 -mfloat-abi=hard -mthumb -o "Drivers/STM32L4xx_HAL_Driver/stm32l4xx_hal.o"
arm-none-eabi-gcc "/home/jasonau/STM32Cube/Repository/STM32Cube_FW_L4_V1.15.1/Drivers/STM32L4xx_HAL_Driver/Src/stm32l4xx_hal_cortex.c" -mcpu=cortex-m4 -std=gnu11 -g3 -DUSE_HAL_DRIVER -DSTM32L476xx -DDEBUG -c -I/home/jasonau/STM32Cube/Repository/STM32Cube_FW_L4_V1.15.1/Drivers/CMSIS/Device/ST/STM32L4xx/Include -I../Core/Inc -I/home/jasonau/STM32Cube/Repository/STM32Cube_FW_L4_V1.15.1/Drivers/STM32L4xx_HAL_Driver/Inc -I/home/jasonau/STM32Cube/Repository/STM32Cube_FW_L4_V1.15.1/Drivers/STM32L4xx_HAL_Driver/Inc/Legacy -I/home/jasonau/STM32Cube/Repository/STM32Cube_FW_L4_V1.15.1/Drivers/CMSIS/Include -O0 -ffunction-sections -fdata-sections -Wall -fstack-usage -MMD -MP -MF"Drivers/STM32L4xx_HAL_Driver/stm32l4xx_hal_cortex.d" -MT"Drivers/STM32L4xx_HAL_Driver/stm32l4xx_hal_cortex.o" --specs=nano.specs -mfpu=fpv4-sp-d16 -mfloat-abi=hard -mthumb -o "Drivers/STM32L4xx_HAL_Driver/stm32l4xx_hal_cortex.o"
arm-none-eabi-gcc "/home/jasonau/STM32Cube/Repository/STM32Cube_FW_L4_V1.15.1/Drivers/STM32L4xx_HAL_Driver/Src/stm32l4xx_hal_dma.c" -mcpu=cortex-m4 -std=gnu11 -g3 -DUSE_HAL_DRIVER -DSTM32L476xx -DDEBUG -c -I/home/jasonau/STM32Cube/Repository/STM32Cube_FW_L4_V1.15.1/Drivers/CMSIS/Device/ST/STM32L4xx/Include -I../Core/Inc -I/home/jasonau/STM32Cube/Repository/STM32Cube_FW_L4_V1.15.1/Drivers/STM32L4xx_HAL_Driver/Inc -I/home/jasonau/STM32Cube/Repository/STM32Cube_FW_L4_V1.15.1/Drivers/STM32L4xx_HAL_Driver/Inc/Legacy -I/home/jasonau/STM32Cube/Repository/STM32Cube_FW_L4_V1.15.1/Drivers/CMSIS/Include -O0 -ffunction-sections -fdata-sections -Wall -fstack-usage -MMD -MP -MF"Drivers/STM32L4xx_HAL_Driver/stm32l4xx_hal_dma.d" -MT"Drivers/STM32L4xx_HAL_Driver/stm32l4xx_hal_dma.o" --specs=nano.specs -mfpu=fpv4-sp-d16 -mfloat-abi=hard -mthumb -o "Drivers/STM32L4xx_HAL_Driver/stm32l4xx_hal_dma.o"
arm-none-eabi-gcc "/home/jasonau/STM32Cube/Repository/STM32Cube_FW_L4_V1.15.1/Drivers/STM32L4xx_HAL_Driver/Src/stm32l4xx_hal_dma_ex.c" -mcpu=cortex-m4 -std=gnu11 -g3 -DUSE_HAL_DRIVER -DSTM32L476xx -DDEBUG -c -I/home/jasonau/STM32Cube/Repository/STM32Cube_FW_L4_V1.15.1/Drivers/CMSIS/Device/ST/STM32L4xx/Include -I../Core/Inc -I/home/jasonau/STM32Cube/Repository/STM32Cube_FW_L4_V1.15.1/Drivers/STM32L4xx_HAL_Driver/Inc -I/home/jasonau/STM32Cube/Repository/STM32Cube_FW_L4_V1.15.1/Drivers/STM32L4xx_HAL_Driver/Inc/Legacy -I/home/jasonau/STM32Cube/Repository/STM32Cube_FW_L4_V1.15.1/Drivers/CMSIS/Include -O0 -ffunction-sections -fdata-sections -Wall -fstack-usage -MMD -MP -MF"Drivers/STM32L4xx_HAL_Driver/stm32l4xx_hal_dma_ex.d" -MT"Drivers/STM32L4xx_HAL_Driver/stm32l4xx_hal_dma_ex.o" --specs=nano.specs -mfpu=fpv4-sp-d16 -mfloat-abi=hard -mthumb -o "Drivers/STM32L4xx_HAL_Driver/stm32l4xx_hal_dma_ex.o"
arm-none-eabi-gcc "/home/jasonau/STM32Cube/Repository/STM32Cube_FW_L4_V1.15.1/Drivers/STM32L4xx_HAL_Driver/Src/stm32l4xx_hal_exti.c" -mcpu=cortex-m4 -std=gnu11 -g3 -DUSE_HAL_DRIVER -DSTM32L476xx -DDEBUG -c -I/home/jasonau/STM32Cube/Repository/STM32Cube_FW_L4_V1.15.1/Drivers/CMSIS/Device/ST/STM32L4xx/Include -I../Core/Inc -I/home/jasonau/STM32Cube/Repository/STM32Cube_FW_L4_V1.15.1/Drivers/STM32L4xx_HAL_Driver/Inc -I/home/jasonau/STM32Cube/Repository/STM32Cube_FW_L4_V1.15.1/Drivers/STM32L4xx_HAL_Driver/Inc/Legacy -I/home/jasonau/STM32Cube/Repository/STM32Cube_FW_L4_V1.15.1/Drivers/CMSIS/Include -O0 -ffunction-sections -fdata-sections -Wall -fstack-usage -MMD -MP -MF"Drivers/STM32L4xx_HAL_Driver/stm32l4xx_hal_exti.d" -MT"Drivers/STM32L4xx_HAL_Driver/stm32l4xx_hal_exti.o" --specs=nano.specs -mfpu=fpv4-sp-d16 -mfloat-abi=hard -mthumb -o "Drivers/STM32L4xx_HAL_Driver/stm32l4xx_hal_exti.o"
arm-none-eabi-gcc "/home/jasonau/STM32Cube/Repository/STM32Cube_FW_L4_V1.15.1/Drivers/STM32L4xx_HAL_Driver/Src/stm32l4xx_hal_flash.c" -mcpu=cortex-m4 -std=gnu11 -g3 -DUSE_HAL_DRIVER -DSTM32L476xx -DDEBUG -c -I/home/jasonau/STM32Cube/Repository/STM32Cube_FW_L4_V1.15.1/Drivers/CMSIS/Device/ST/STM32L4xx/Include -I../Core/Inc -I/home/jasonau/STM32Cube/Repository/STM32Cube_FW_L4_V1.15.1/Drivers/STM32L4xx_HAL_Driver/Inc -I/home/jasonau/STM32Cube/Repository/STM32Cube_FW_L4_V1.15.1/Drivers/STM32L4xx_HAL_Driver/Inc/Legacy -I/home/jasonau/STM32Cube/Repository/STM32Cube_FW_L4_V1.15.1/Drivers/CMSIS/Include -O0 -ffunction-sections -fdata-sections -Wall -fstack-usage -MMD -MP -MF"Drivers/STM32L4xx_HAL_Driver/stm32l4xx_hal_flash.d" -MT"Drivers/STM32L4xx_HAL_Driver/stm32l4xx_hal_flash.o" --specs=nano.specs -mfpu=fpv4-sp-d16 -mfloat-abi=hard -mthumb -o "Drivers/STM32L4xx_HAL_Driver/stm32l4xx_hal_flash.o"
arm-none-eabi-gcc "/home/jasonau/STM32Cube/Repository/STM32Cube_FW_L4_V1.15.1/Drivers/STM32L4xx_HAL_Driver/Src/stm32l4xx_hal_flash_ex.c" -mcpu=cortex-m4 -std=gnu11 -g3 -DUSE_HAL_DRIVER -DSTM32L476xx -DDEBUG -c -I/home/jasonau/STM32Cube/Repository/STM32Cube_FW_L4_V1.15.1/Drivers/CMSIS/Device/ST/STM32L4xx/Include -I../Core/Inc -I/home/jasonau/STM32Cube/Repository/STM32Cube_FW_L4_V1.15.1/Drivers/STM32L4xx_HAL_Driver/Inc -I/home/jasonau/STM32Cube/Repository/STM32Cube_FW_L4_V1.15.1/Drivers/STM32L4xx_HAL_Driver/Inc/Legacy -I/home/jasonau/STM32Cube/Repository/STM32Cube_FW_L4_V1.15.1/Drivers/CMSIS/Include -O0 -ffunction-sections -fdata-sections -Wall -fstack-usage -MMD -MP -MF"Drivers/STM32L4xx_HAL_Driver/stm32l4xx_hal_flash_ex.d" -MT"Drivers/STM32L4xx_HAL_Driver/stm32l4xx_hal_flash_ex.o" --specs=nano.specs -mfpu=fpv4-sp-d16 -mfloat-abi=hard -mthumb -o "Drivers/STM32L4xx_HAL_Driver/stm32l4xx_hal_flash_ex.o"
arm-none-eabi-gcc "/home/jasonau/STM32Cube/Repository/STM32Cube_FW_L4_V1.15.1/Drivers/STM32L4xx_HAL_Driver/Src/stm32l4xx_hal_flash_ramfunc.c" -mcpu=cortex-m4 -std=gnu11 -g3 -DUSE_HAL_DRIVER -DSTM32L476xx -DDEBUG -c -I/home/jasonau/STM32Cube/Repository/STM32Cube_FW_L4_V1.15.1/Drivers/CMSIS/Device/ST/STM32L4xx/Include -I../Core/Inc -I/home/jasonau/STM32Cube/Repository/STM32Cube_FW_L4_V1.15.1/Drivers/STM32L4xx_HAL_Driver/Inc -I/home/jasonau/STM32Cube/Repository/STM32Cube_FW_L4_V1.15.1/Drivers/STM32L4xx_HAL_Driver/Inc/Legacy -I/home/jasonau/STM32Cube/Repository/STM32Cube_FW_L4_V1.15.1/Drivers/CMSIS/Include -O0 -ffunction-sections -fdata-sections -Wall -fstack-usage -MMD -MP -MF"Drivers/STM32L4xx_HAL_Driver/stm32l4xx_hal_flash_ramfunc.d" -MT"Drivers/STM32L4xx_HAL_Driver/stm32l4xx_hal_flash_ramfunc.o" --specs=nano.specs -mfpu=fpv4-sp-d16 -mfloat-abi=hard -mthumb -o "Drivers/STM32L4xx_HAL_Driver/stm32l4xx_hal_flash_ramfunc.o"
arm-none-eabi-gcc "/home/jasonau/STM32Cube/Repository/STM32Cube_FW_L4_V1.15.1/Drivers/STM32L4xx_HAL_Driver/Src/stm32l4xx_hal_gpio.c" -mcpu=cortex-m4 -std=gnu11 -g3 -DUSE_HAL_DRIVER -DSTM32L476xx -DDEBUG -c -I/home/jasonau/STM32Cube/Repository/STM32Cube_FW_L4_V1.15.1/Drivers/CMSIS/Device/ST/STM32L4xx/Include -I../Core/Inc -I/home/jasonau/STM32Cube/Repository/STM32Cube_FW_L4_V1.15.1/Drivers/STM32L4xx_HAL_Driver/Inc -I/home/jasonau/STM32Cube/Repository/STM32Cube_FW_L4_V1.15.1/Drivers/STM32L4xx_HAL_Driver/Inc/Legacy -I/home/jasonau/STM32Cube/Repository/STM32Cube_FW_L4_V1.15.1/Drivers/CMSIS/Include -O0 -ffunction-sections -fdata-sections -Wall -fstack-usage -MMD -MP -MF"Drivers/STM32L4xx_HAL_Driver/stm32l4xx_hal_gpio.d" -MT"Drivers/STM32L4xx_HAL_Driver/stm32l4xx_hal_gpio.o" --specs=nano.specs -mfpu=fpv4-sp-d16 -mfloat-abi=hard -mthumb -o "Drivers/STM32L4xx_HAL_Driver/stm32l4xx_hal_gpio.o"
arm-none-eabi-gcc "/home/jasonau/STM32Cube/Repository/STM32Cube_FW_L4_V1.15.1/Drivers/STM32L4xx_HAL_Driver/Src/stm32l4xx_hal_i2c.c" -mcpu=cortex-m4 -std=gnu11 -g3 -DUSE_HAL_DRIVER -DSTM32L476xx -DDEBUG -c -I/home/jasonau/STM32Cube/Repository/STM32Cube_FW_L4_V1.15.1/Drivers/CMSIS/Device/ST/STM32L4xx/Include -I../Core/Inc -I/home/jasonau/STM32Cube/Repository/STM32Cube_FW_L4_V1.15.1/Drivers/STM32L4xx_HAL_Driver/Inc -I/home/jasonau/STM32Cube/Repository/STM32Cube_FW_L4_V1.15.1/Drivers/STM32L4xx_HAL_Driver/Inc/Legacy -I/home/jasonau/STM32Cube/Repository/STM32Cube_FW_L4_V1.15.1/Drivers/CMSIS/Include -O0 -ffunction-sections -fdata-sections -Wall -fstack-usage -MMD -MP -MF"Drivers/STM32L4xx_HAL_Driver/stm32l4xx_hal_i2c.d" -MT"Drivers/STM32L4xx_HAL_Driver/stm32l4xx_hal_i2c.o" --specs=nano.specs -mfpu=fpv4-sp-d16 -mfloat-abi=hard -mthumb -o "Drivers/STM32L4xx_HAL_Driver/stm32l4xx_hal_i2c.o"
arm-none-eabi-gcc "/home/jasonau/STM32Cube/Repository/STM32Cube_FW_L4_V1.15.1/Drivers/STM32L4xx_HAL_Driver/Src/stm32l4xx_hal_i2c_ex.c" -mcpu=cortex-m4 -std=gnu11 -g3 -DUSE_HAL_DRIVER -DSTM32L476xx -DDEBUG -c -I/home/jasonau/STM32Cube/Repository/STM32Cube_FW_L4_V1.15.1/Drivers/CMSIS/Device/ST/STM32L4xx/Include -I../Core/Inc -I/home/jasonau/STM32Cube/Repository/STM32Cube_FW_L4_V1.15.1/Drivers/STM32L4xx_HAL_Driver/Inc -I/home/jasonau/STM32Cube/Repository/STM32Cube_FW_L4_V1.15.1/Drivers/STM32L4xx_HAL_Driver/Inc/Legacy -I/home/jasonau/STM32Cube/Repository/STM32Cube_FW_L4_V1.15.1/Drivers/CMSIS/Include -O0 -ffunction-sections -fdata-sections -Wall -fstack-usage -MMD -MP -MF"Drivers/STM32L4xx_HAL_Driver/stm32l4xx_hal_i2c_ex.d" -MT"Drivers/STM32L4xx_HAL_Driver/stm32l4xx_hal_i2c_ex.o" --specs=nano.specs -mfpu=fpv4-sp-d16 -mfloat-abi=hard -mthumb -o "Drivers/STM32L4xx_HAL_Driver/stm32l4xx_hal_i2c_ex.o"
arm-none-eabi-gcc "/home/jasonau/STM32Cube/Repository/STM32Cube_FW_L4_V1.15.1/Drivers/STM32L4xx_HAL_Driver/Src/stm32l4xx_hal_pwr.c" -mcpu=cortex-m4 -std=gnu11 -g3 -DUSE_HAL_DRIVER -DSTM32L476xx -DDEBUG -c -I/home/jasonau/STM32Cube/Repository/STM32Cube_FW_L4_V1.15.1/Drivers/CMSIS/Device/ST/STM32L4xx/Include -I../Core/Inc -I/home/jasonau/STM32Cube/Repository/STM32Cube_FW_L4_V1.15.1/Drivers/STM32L4xx_HAL_Driver/Inc -I/home/jasonau/STM32Cube/Repository/STM32Cube_FW_L4_V1.15.1/Drivers/STM32L4xx_HAL_Driver/Inc/Legacy -I/home/jasonau/STM32Cube/Repository/STM32Cube_FW_L4_V1.15.1/Drivers/CMSIS/Include -O0 -ffunction-sections -fdata-sections -Wall -fstack-usage -MMD -MP -MF"Drivers/STM32L4xx_HAL_Driver/stm32l4xx_hal_pwr.d" -MT"Drivers/STM32L4xx_HAL_Driver/stm32l4xx_hal_pwr.o" --specs=nano.specs -mfpu=fpv4-sp-d16 -mfloat-abi=hard -mthumb -o "Drivers/STM32L4xx_HAL_Driver/stm32l4xx_hal_pwr.o"
arm-none-eabi-gcc "/home/jasonau/STM32Cube/Repository/STM32Cube_FW_L4_V1.15.1/Drivers/STM32L4xx_HAL_Driver/Src/stm32l4xx_hal_pwr_ex.c" -mcpu=cortex-m4 -std=gnu11 -g3 -DUSE_HAL_DRIVER -DSTM32L476xx -DDEBUG -c -I/home/jasonau/STM32Cube/Repository/STM32Cube_FW_L4_V1.15.1/Drivers/CMSIS/Device/ST/STM32L4xx/Include -I../Core/Inc -I/home/jasonau/STM32Cube/Repository/STM32Cube_FW_L4_V1.15.1/Drivers/STM32L4xx_HAL_Driver/Inc -I/home/jasonau/STM32Cube/Repository/STM32Cube_FW_L4_V1.15.1/Drivers/STM32L4xx_HAL_Driver/Inc/Legacy -I/home/jasonau/STM32Cube/Repository/STM32Cube_FW_L4_V1.15.1/Drivers/CMSIS/Include -O0 -ffunction-sections -fdata-sections -Wall -fstack-usage -MMD -MP -MF"Drivers/STM32L4xx_HAL_Driver/stm32l4xx_hal_pwr_ex.d" -MT"Drivers/STM32L4xx_HAL_Driver/stm32l4xx_hal_pwr_ex.o" --specs=nano.specs -mfpu=fpv4-sp-d16 -mfloat-abi=hard -mthumb -o "Drivers/STM32L4xx_HAL_Driver/stm32l4xx_hal_pwr_ex.o"
arm-none-eabi-gcc "/home/jasonau/STM32Cube/Repository/STM32Cube_FW_L4_V1.15.1/Drivers/STM32L4xx_HAL_Driver/Src/stm32l4xx_hal_rcc.c" -mcpu=cortex-m4 -std=gnu11 -g3 -DUSE_HAL_DRIVER -DSTM32L476xx -DDEBUG -c -I/home/jasonau/STM32Cube/Repository/STM32Cube_FW_L4_V1.15.1/Drivers/CMSIS/Device/ST/STM32L4xx/Include -I../Core/Inc -I/home/jasonau/STM32Cube/Repository/STM32Cube_FW_L4_V1.15.1/Drivers/STM32L4xx_HAL_Driver/Inc -I/home/jasonau/STM32Cube/Repository/STM32Cube_FW_L4_V1.15.1/Drivers/STM32L4xx_HAL_Driver/Inc/Legacy -I/home/jasonau/STM32Cube/Repository/STM32Cube_FW_L4_V1.15.1/Drivers/CMSIS/Include -O0 -ffunction-sections -fdata-sections -Wall -fstack-usage -MMD -MP -MF"Drivers/STM32L4xx_HAL_Driver/stm32l4xx_hal_rcc.d" -MT"Drivers/STM32L4xx_HAL_Driver/stm32l4xx_hal_rcc.o" --specs=nano.specs -mfpu=fpv4-sp-d16 -mfloat-abi=hard -mthumb -o "Drivers/STM32L4xx_HAL_Driver/stm32l4xx_hal_rcc.o"
arm-none-eabi-gcc "/home/jasonau/STM32Cube/Repository/STM32Cube_FW_L4_V1.15.1/Drivers/STM32L4xx_HAL_Driver/Src/stm32l4xx_hal_rcc_ex.c" -mcpu=cortex-m4 -std=gnu11 -g3 -DUSE_HAL_DRIVER -DSTM32L476xx -DDEBUG -c -I/home/jasonau/STM32Cube/Repository/STM32Cube_FW_L4_V1.15.1/Drivers/CMSIS/Device/ST/STM32L4xx/Include -I../Core/Inc -I/home/jasonau/STM32Cube/Repository/STM32Cube_FW_L4_V1.15.1/Drivers/STM32L4xx_HAL_Driver/Inc -I/home/jasonau/STM32Cube/Repository/STM32Cube_FW_L4_V1.15.1/Drivers/STM32L4xx_HAL_Driver/Inc/Legacy -I/home/jasonau/STM32Cube/Repository/STM32Cube_FW_L4_V1.15.1/Drivers/CMSIS/Include -O0 -ffunction-sections -fdata-sections -Wall -fstack-usage -MMD -MP -MF"Drivers/STM32L4xx_HAL_Driver/stm32l4xx_hal_rcc_ex.d" -MT"Drivers/STM32L4xx_HAL_Driver/stm32l4xx_hal_rcc_ex.o" --specs=nano.specs -mfpu=fpv4-sp-d16 -mfloat-abi=hard -mthumb -o "Drivers/STM32L4xx_HAL_Driver/stm32l4xx_hal_rcc_ex.o"
arm-none-eabi-gcc "/home/jasonau/STM32Cube/Repository/STM32Cube_FW_L4_V1.15.1/Drivers/STM32L4xx_HAL_Driver/Src/stm32l4xx_hal_tim.c" -mcpu=cortex-m4 -std=gnu11 -g3 -DUSE_HAL_DRIVER -DSTM32L476xx -DDEBUG -c -I/home/jasonau/STM32Cube/Repository/STM32Cube_FW_L4_V1.15.1/Drivers/CMSIS/Device/ST/STM32L4xx/Include -I../Core/Inc -I/home/jasonau/STM32Cube/Repository/STM32Cube_FW_L4_V1.15.1/Drivers/STM32L4xx_HAL_Driver/Inc -I/home/jasonau/STM32Cube/Repository/STM32Cube_FW_L4_V1.15.1/Drivers/STM32L4xx_HAL_Driver/Inc/Legacy -I/home/jasonau/STM32Cube/Repository/STM32Cube_FW_L4_V1.15.1/Drivers/CMSIS/Include -O0 -ffunction-sections -fdata-sections -Wall -fstack-usage -MMD -MP -MF"Drivers/STM32L4xx_HAL_Driver/stm32l4xx_hal_tim.d" -MT"Drivers/STM32L4xx_HAL_Driver/stm32l4xx_hal_tim.o" --specs=nano.specs -mfpu=fpv4-sp-d16 -mfloat-abi=hard -mthumb -o "Drivers/STM32L4xx_HAL_Driver/stm32l4xx_hal_tim.o"
arm-none-eabi-gcc "/home/jasonau/STM32Cube/Repository/STM32Cube_FW_L4_V1.15.1/Drivers/STM32L4xx_HAL_Driver/Src/stm32l4xx_hal_tim_ex.c" -mcpu=cortex-m4 -std=gnu11 -g3 -DUSE_HAL_DRIVER -DSTM32L476xx -DDEBUG -c -I/home/jasonau/STM32Cube/Repository/STM32Cube_FW_L4_V1.15.1/Drivers/CMSIS/Device/ST/STM32L4xx/Include -I../Core/Inc -I/home/jasonau/STM32Cube/Repository/STM32Cube_FW_L4_V1.15.1/Drivers/STM32L4xx_HAL_Driver/Inc -I/home/jasonau/STM32Cube/Repository/STM32Cube_FW_L4_V1.15.1/Drivers/STM32L4xx_HAL_Driver/Inc/Legacy -I/home/jasonau/STM32Cube/Repository/STM32Cube_FW_L4_V1.15.1/Drivers/CMSIS/Include -O0 -ffunction-sections -fdata-sections -Wall -fstack-usage -MMD -MP -MF"Drivers/STM32L4xx_HAL_Driver/stm32l4xx_hal_tim_ex.d" -MT"Drivers/STM32L4xx_HAL_Driver/stm32l4xx_hal_tim_ex.o" --specs=nano.specs -mfpu=fpv4-sp-d16 -mfloat-abi=hard -mthumb -o "Drivers/STM32L4xx_HAL_Driver/stm32l4xx_hal_tim_ex.o"
arm-none-eabi-gcc "/home/jasonau/STM32Cube/Repository/STM32Cube_FW_L4_V1.15.1/Drivers/STM32L4xx_HAL_Driver/Src/stm32l4xx_hal_uart.c" -mcpu=cortex-m4 -std=gnu11 -g3 -DUSE_HAL_DRIVER -DSTM32L476xx -DDEBUG -c -I/home/jasonau/STM32Cube/Repository/STM32Cube_FW_L4_V1.15.1/Drivers/CMSIS/Device/ST/STM32L4xx/Include -I../Core/Inc -I/home/jasonau/STM32Cube/Repository/STM32Cube_FW_L4_V1.15.1/Drivers/STM32L4xx_HAL_Driver/Inc -I/home/jasonau/STM32Cube/Repository/STM32Cube_FW_L4_V1.15.1/Drivers/STM32L4xx_HAL_Driver/Inc/Legacy -I/home/jasonau/STM32Cube/Repository/STM32Cube_FW_L4_V1.15.1/Drivers/CMSIS/Include -O0 -ffunction-sections -fdata-sections -Wall -fstack-usage -MMD -MP -MF"Drivers/STM32L4xx_HAL_Driver/stm32l4xx_hal_uart.d" -MT"Drivers/STM32L4xx_HAL_Driver/stm32l4xx_hal_uart.o" --specs=nano.specs -mfpu=fpv4-sp-d16 -mfloat-abi=hard -mthumb -o "Drivers/STM32L4xx_HAL_Driver/stm32l4xx_hal_uart.o"
arm-none-eabi-gcc "/home/jasonau/STM32Cube/Repository/STM32Cube_FW_L4_V1.15.1/Drivers/STM32L4xx_HAL_Driver/Src/stm32l4xx_hal_uart_ex.c" -mcpu=cortex-m4 -std=gnu11 -g3 -DUSE_HAL_DRIVER -DSTM32L476xx -DDEBUG -c -I/home/jasonau/STM32Cube/Repository/STM32Cube_FW_L4_V1.15.1/Drivers/CMSIS/Device/ST/STM32L4xx/Include -I../Core/Inc -I/home/jasonau/STM32Cube/Repository/STM32Cube_FW_L4_V1.15.1/Drivers/STM32L4xx_HAL_Driver/Inc -I/home/jasonau/STM32Cube/Repository/STM32Cube_FW_L4_V1.15.1/Drivers/STM32L4xx_HAL_Driver/Inc/Legacy -I/home/jasonau/STM32Cube/Repository/STM32Cube_FW_L4_V1.15.1/Drivers/CMSIS/Include -O0 -ffunction-sections -fdata-sections -Wall -fstack-usage -MMD -MP -MF"Drivers/STM32L4xx_HAL_Driver/stm32l4xx_hal_uart_ex.d" -MT"Drivers/STM32L4xx_HAL_Driver/stm32l4xx_hal_uart_ex.o" --specs=nano.specs -mfpu=fpv4-sp-d16 -mfloat-abi=hard -mthumb -o "Drivers/STM32L4xx_HAL_Driver/stm32l4xx_hal_uart_ex.o"
arm-none-eabi-gcc "../Core/Src/main.c" -mcpu=cortex-m4 -std=gnu11 -g3 -DUSE_HAL_DRIVER -DSTM32L476xx -DDEBUG -c -I/home/jasonau/STM32Cube/Repository/STM32Cube_FW_L4_V1.15.1/Drivers/CMSIS/Device/ST/STM32L4xx/Include -I../Core/Inc -I/home/jasonau/STM32Cube/Repository/STM32Cube_FW_L4_V1.15.1/Drivers/STM32L4xx_HAL_Driver/Inc -I/home/jasonau/STM32Cube/Repository/STM32Cube_FW_L4_V1.15.1/Drivers/STM32L4xx_HAL_Driver/Inc/Legacy -I/home/jasonau/STM32Cube/Repository/STM32Cube_FW_L4_V1.15.1/Drivers/CMSIS/Include -O0 -ffunction-sections -fdata-sections -Wall -fstack-usage -MMD -MP -MF"Core/Src/main.d" -MT"Core/Src/main.o" --specs=nano.specs -mfpu=fpv4-sp-d16 -mfloat-abi=hard -mthumb -o "Core/Src/main.o"
arm-none-eabi-gcc "../Core/Src/stm32l4xx_hal_msp.c" -mcpu=cortex-m4 -std=gnu11 -g3 -DUSE_HAL_DRIVER -DSTM32L476xx -DDEBUG -c -I/home/jasonau/STM32Cube/Repository/STM32Cube_FW_L4_V1.15.1/Drivers/CMSIS/Device/ST/STM32L4xx/Include -I../Core/Inc -I/home/jasonau/STM32Cube/Repository/STM32Cube_FW_L4_V1.15.1/Drivers/STM32L4xx_HAL_Driver/Inc -I/home/jasonau/STM32Cube/Repository/STM32Cube_FW_L4_V1.15.1/Drivers/STM32L4xx_HAL_Driver/Inc/Legacy -I/home/jasonau/STM32Cube/Repository/STM32Cube_FW_L4_V1.15.1/Drivers/CMSIS/Include -O0 -ffunction-sections -fdata-sections -Wall -fstack-usage -MMD -MP -MF"Core/Src/stm32l4xx_hal_msp.d" -MT"Core/Src/stm32l4xx_hal_msp.o" --specs=nano.specs -mfpu=fpv4-sp-d16 -mfloat-abi=hard -mthumb -o "Core/Src/stm32l4xx_hal_msp.o"
arm-none-eabi-gcc "../Core/Src/stm32l4xx_it.c" -mcpu=cortex-m4 -std=gnu11 -g3 -DUSE_HAL_DRIVER -DSTM32L476xx -DDEBUG -c -I/home/jasonau/STM32Cube/Repository/STM32Cube_FW_L4_V1.15.1/Drivers/CMSIS/Device/ST/STM32L4xx/Include -I../Core/Inc -I/home/jasonau/STM32Cube/Repository/STM32Cube_FW_L4_V1.15.1/Drivers/STM32L4xx_HAL_Driver/Inc -I/home/jasonau/STM32Cube/Repository/STM32Cube_FW_L4_V1.15.1/Drivers/STM32L4xx_HAL_Driver/Inc/Legacy -I/home/jasonau/STM32Cube/Repository/STM32Cube_FW_L4_V1.15.1/Drivers/CMSIS/Include -O0 -ffunction-sections -fdata-sections -Wall -fstack-usage -MMD -MP -MF"Core/Src/stm32l4xx_it.d" -MT"Core/Src/stm32l4xx_it.o" --specs=nano.specs -mfpu=fpv4-sp-d16 -mfloat-abi=hard -mthumb -o "Core/Src/stm32l4xx_it.o"
arm-none-eabi-gcc "../Core/Src/system_stm32l4xx.c" -mcpu=cortex-m4 -std=gnu11 -g3 -DUSE_HAL_DRIVER -DSTM32L476xx -DDEBUG -c -I/home/jasonau/STM32Cube/Repository/STM32Cube_FW_L4_V1.15.1/Drivers/CMSIS/Device/ST/STM32L4xx/Include -I../Core/Inc -I/home/jasonau/STM32Cube/Repository/STM32Cube_FW_L4_V1.15.1/Drivers/STM32L4xx_HAL_Driver/Inc -I/home/jasonau/STM32Cube/Repository/STM32Cube_FW_L4_V1.15.1/Drivers/STM32L4xx_HAL_Driver/Inc/Legacy -I/home/jasonau/STM32Cube/Repository/STM32Cube_FW_L4_V1.15.1/Drivers/CMSIS/Include -O0 -ffunction-sections -fdata-sections -Wall -fstack-usage -MMD -MP -MF"Core/Src/system_stm32l4xx.d" -MT"Core/Src/system_stm32l4xx.o" --specs=nano.specs -mfpu=fpv4-sp-d16 -mfloat-abi=hard -mthumb -o "Core/Src/system_stm32l4xx.o"
../Core/Src/main.c: In function 'main':
../Core/Src/main.c:73:10: warning: unused variable 'buffer' [-Wunused-variable]
  uint8_t buffer[64];
          ^~~~~~
arm-none-eabi-gcc -o "project5_game.elf" @"objects.list"   -mcpu=cortex-m4 -T"/home/jasonau/Courses/rtes/project_5_game/project5_game/STM32L476VGTX_FLASH.ld" --specs=nosys.specs -Wl,-Map="project5_game.map" -Wl,--gc-sections -static --specs=nano.specs -mfpu=fpv4-sp-d16 -mfloat-abi=hard -mthumb -Wl,--start-group -lc -lm -Wl,--end-group
Finished building target: project5_game.elf
 
arm-none-eabi-size   project5_game.elf 
arm-none-eabi-objdump -h -S  project5_game.elf  > "project5_game.list"
arm-none-eabi-objcopy  -O binary  project5_game.elf  "project5_game.bin"
   text	   data	    bss	    dec	    hex	filename
  12080	     20	   1700	  13800	   35e8	project5_game.elf
Finished building: default.size.stdout
 
Finished building: project5_game.bin
 
Finished building: project5_game.list
 
17:35:50 **** Incremental Build of configuration Debug for project project5_game ****
make -j16 all 
arm-none-eabi-size   project5_game.elf 
   text	   data	    bss	    dec	    hex	filename
  12080	     20	   1700	  13800	   35e8	project5_game.elf
Finished building: default.size.stdout
 
17:36:43 **** Incremental Build of configuration Debug for project project5_game ****
make -j16 all 
arm-none-eabi-size   project5_game.elf 
   text	   data	    bss	    dec	    hex	filename
  12080	     20	   1700	  13800	   35e8	project5_game.elf
Finished building: default.size.stdout
 
17:38:25 **** Incremental Build of configuration Debug for project project5_game ****
make -j16 all 
arm-none-eabi-gcc "../Core/Src/main.c" -mcpu=cortex-m4 -std=gnu11 -g3 -DUSE_HAL_DRIVER -DSTM32L476xx -DDEBUG -c -I/home/jasonau/STM32Cube/Repository/STM32Cube_FW_L4_V1.15.1/Drivers/CMSIS/Device/ST/STM32L4xx/Include -I../Core/Inc -I/home/jasonau/STM32Cube/Repository/STM32Cube_FW_L4_V1.15.1/Drivers/STM32L4xx_HAL_Driver/Inc -I/home/jasonau/STM32Cube/Repository/STM32Cube_FW_L4_V1.15.1/Drivers/STM32L4xx_HAL_Driver/Inc/Legacy -I/home/jasonau/STM32Cube/Repository/STM32Cube_FW_L4_V1.15.1/Drivers/CMSIS/Include -O0 -ffunction-sections -fdata-sections -Wall -fstack-usage -MMD -MP -MF"Core/Src/main.d" -MT"Core/Src/main.o" --specs=nano.specs -mfpu=fpv4-sp-d16 -mfloat-abi=hard -mthumb -o "Core/Src/main.o"
../Core/Src/main.c: In function 'main':
../Core/Src/main.c:104:12: warning: pointer targets in passing argument 1 of 'sprintf' differ in signedness [-Wpointer-sign]
    sprintf(buffer,"Hello World");
            ^~~~~~
In file included from ../Core/Src/main.c:26:0:
/opt/st/stm32cubeide_1.3.0/plugins/com.st.stm32cube.ide.mcu.externaltools.gnu-tools-for-stm32.7-2018-q2-update.linux64_1.0.0.201904181610/tools/arm-none-eabi/include/stdio.h:244:5: note: expected 'char * restrict' but argument is of type 'uint8_t * {aka unsigned char *}'
 int sprintf (char *__restrict, const char *__restrict, ...)
     ^~~~~~~
../Core/Src/main.c:105:4: warning: implicit declaration of function 'HAL_UART_TRANSMIT'; did you mean 'HAL_UART_Abort_IT'? [-Wimplicit-function-declaration]
    HAL_UART_TRANSMIT(&huart2, buffer, strlen((char*)buffer), HAL_MAX_DELAY);
    ^~~~~~~~~~~~~~~~~
    HAL_UART_Abort_IT
arm-none-eabi-gcc -o "project5_game.elf" @"objects.list"   -mcpu=cortex-m4 -T"/home/jasonau/Courses/rtes/project_5_game/project5_game/STM32L476VGTX_FLASH.ld" --specs=nosys.specs -Wl,-Map="project5_game.map" -Wl,--gc-sections -static --specs=nano.specs -mfpu=fpv4-sp-d16 -mfloat-abi=hard -mthumb -Wl,--start-group -lc -lm -Wl,--end-group
Core/Src/main.o: In function `main':
/home/jasonau/Courses/rtes/project_5_game/project5_game/Debug/../Core/Src/main.c:105: undefined reference to `HAL_UART_TRANSMIT'
collect2: error: ld returned 1 exit status
make: *** [makefile:44: project5_game.elf] Error 1
"make -j16 all" terminated with exit code 2. Build might be incomplete.
17:38:53 **** Incremental Build of configuration Debug for project project5_game ****
make -j16 all 
arm-none-eabi-gcc "../Core/Src/main.c" -mcpu=cortex-m4 -std=gnu11 -g3 -DUSE_HAL_DRIVER -DSTM32L476xx -DDEBUG -c -I/home/jasonau/STM32Cube/Repository/STM32Cube_FW_L4_V1.15.1/Drivers/CMSIS/Device/ST/STM32L4xx/Include -I../Core/Inc -I/home/jasonau/STM32Cube/Repository/STM32Cube_FW_L4_V1.15.1/Drivers/STM32L4xx_HAL_Driver/Inc -I/home/jasonau/STM32Cube/Repository/STM32Cube_FW_L4_V1.15.1/Drivers/STM32L4xx_HAL_Driver/Inc/Legacy -I/home/jasonau/STM32Cube/Repository/STM32Cube_FW_L4_V1.15.1/Drivers/CMSIS/Include -O0 -ffunction-sections -fdata-sections -Wall -fstack-usage -MMD -MP -MF"Core/Src/main.d" -MT"Core/Src/main.o" --specs=nano.specs -mfpu=fpv4-sp-d16 -mfloat-abi=hard -mthumb -o "Core/Src/main.o"
../Core/Src/main.c: In function 'main':
../Core/Src/main.c:104:12: warning: pointer targets in passing argument 1 of 'sprintf' differ in signedness [-Wpointer-sign]
    sprintf(buffer,"Hello World\r\n");
            ^~~~~~
In file included from ../Core/Src/main.c:26:0:
/opt/st/stm32cubeide_1.3.0/plugins/com.st.stm32cube.ide.mcu.externaltools.gnu-tools-for-stm32.7-2018-q2-update.linux64_1.0.0.201904181610/tools/arm-none-eabi/include/stdio.h:244:5: note: expected 'char * restrict' but argument is of type 'uint8_t * {aka unsigned char *}'
 int sprintf (char *__restrict, const char *__restrict, ...)
     ^~~~~~~
../Core/Src/main.c:105:4: warning: implicit declaration of function 'HAL_UART_TRANSMIT'; did you mean 'HAL_UART_Abort_IT'? [-Wimplicit-function-declaration]
    HAL_UART_TRANSMIT(&huart2, buffer, strlen((char*)buffer), HAL_MAX_DELAY);
    ^~~~~~~~~~~~~~~~~
    HAL_UART_Abort_IT
arm-none-eabi-gcc -o "project5_game.elf" @"objects.list"   -mcpu=cortex-m4 -T"/home/jasonau/Courses/rtes/project_5_game/project5_game/STM32L476VGTX_FLASH.ld" --specs=nosys.specs -Wl,-Map="project5_game.map" -Wl,--gc-sections -static --specs=nano.specs -mfpu=fpv4-sp-d16 -mfloat-abi=hard -mthumb -Wl,--start-group -lc -lm -Wl,--end-group
Core/Src/main.o: In function `main':
/home/jasonau/Courses/rtes/project_5_game/project5_game/Debug/../Core/Src/main.c:105: undefined reference to `HAL_UART_TRANSMIT'
collect2: error: ld returned 1 exit status
make: *** [makefile:44: project5_game.elf] Error 1
"make -j16 all" terminated with exit code 2. Build might be incomplete.
17:51:14 **** Clean-only build of configuration Debug for project project5_game ****
make -j16 clean 
rm -rf *
 
17:51:14 **** Incremental Build of configuration Debug for project project5_game ****
make -j16 all 
arm-none-eabi-gcc "/home/jasonau/STM32Cube/Repository/STM32Cube_FW_L4_V1.15.1/Middlewares/Third_Party/FreeRTOS/Source/CMSIS_RTOS_V2/cmsis_os2.c" -mcpu=cortex-m4 -std=gnu11 -g3 -DUSE_HAL_DRIVER -DSTM32L476xx -DDEBUG -c -I/home/jasonau/STM32Cube/Repository/STM32Cube_FW_L4_V1.15.1/Drivers/CMSIS/Device/ST/STM32L4xx/Include -I../Core/Inc -I/home/jasonau/STM32Cube/Repository/STM32Cube_FW_L4_V1.15.1/Middlewares/Third_Party/FreeRTOS/Source/include -I/home/jasonau/STM32Cube/Repository/STM32Cube_FW_L4_V1.15.1/Middlewares/Third_Party/FreeRTOS/Source/CMSIS_RTOS_V2 -I/home/jasonau/STM32Cube/Repository/STM32Cube_FW_L4_V1.15.1/Drivers/STM32L4xx_HAL_Driver/Inc -I/home/jasonau/STM32Cube/Repository/STM32Cube_FW_L4_V1.15.1/Drivers/STM32L4xx_HAL_Driver/Inc/Legacy -I/home/jasonau/STM32Cube/Repository/STM32Cube_FW_L4_V1.15.1/Middlewares/Third_Party/FreeRTOS/Source/portable/GCC/ARM_CM4F -I/home/jasonau/STM32Cube/Repository/STM32Cube_FW_L4_V1.15.1/Drivers/CMSIS/Include -O0 -ffunction-sections -fdata-sections -Wall -fstack-usage -MMD -MP -MF"Middlewares/FreeRTOS/cmsis_os2.d" -MT"Middlewares/FreeRTOS/cmsis_os2.o" --specs=nano.specs -mfpu=fpv4-sp-d16 -mfloat-abi=hard -mthumb -o "Middlewares/FreeRTOS/cmsis_os2.o"
arm-none-eabi-gcc "/home/jasonau/STM32Cube/Repository/STM32Cube_FW_L4_V1.15.1/Middlewares/Third_Party/FreeRTOS/Source/croutine.c" -mcpu=cortex-m4 -std=gnu11 -g3 -DUSE_HAL_DRIVER -DSTM32L476xx -DDEBUG -c -I/home/jasonau/STM32Cube/Repository/STM32Cube_FW_L4_V1.15.1/Drivers/CMSIS/Device/ST/STM32L4xx/Include -I../Core/Inc -I/home/jasonau/STM32Cube/Repository/STM32Cube_FW_L4_V1.15.1/Middlewares/Third_Party/FreeRTOS/Source/include -I/home/jasonau/STM32Cube/Repository/STM32Cube_FW_L4_V1.15.1/Middlewares/Third_Party/FreeRTOS/Source/CMSIS_RTOS_V2 -I/home/jasonau/STM32Cube/Repository/STM32Cube_FW_L4_V1.15.1/Drivers/STM32L4xx_HAL_Driver/Inc -I/home/jasonau/STM32Cube/Repository/STM32Cube_FW_L4_V1.15.1/Drivers/STM32L4xx_HAL_Driver/Inc/Legacy -I/home/jasonau/STM32Cube/Repository/STM32Cube_FW_L4_V1.15.1/Middlewares/Third_Party/FreeRTOS/Source/portable/GCC/ARM_CM4F -I/home/jasonau/STM32Cube/Repository/STM32Cube_FW_L4_V1.15.1/Drivers/CMSIS/Include -O0 -ffunction-sections -fdata-sections -Wall -fstack-usage -MMD -MP -MF"Middlewares/FreeRTOS/croutine.d" -MT"Middlewares/FreeRTOS/croutine.o" --specs=nano.specs -mfpu=fpv4-sp-d16 -mfloat-abi=hard -mthumb -o "Middlewares/FreeRTOS/croutine.o"
arm-none-eabi-gcc "/home/jasonau/STM32Cube/Repository/STM32Cube_FW_L4_V1.15.1/Middlewares/Third_Party/FreeRTOS/Source/event_groups.c" -mcpu=cortex-m4 -std=gnu11 -g3 -DUSE_HAL_DRIVER -DSTM32L476xx -DDEBUG -c -I/home/jasonau/STM32Cube/Repository/STM32Cube_FW_L4_V1.15.1/Drivers/CMSIS/Device/ST/STM32L4xx/Include -I../Core/Inc -I/home/jasonau/STM32Cube/Repository/STM32Cube_FW_L4_V1.15.1/Middlewares/Third_Party/FreeRTOS/Source/include -I/home/jasonau/STM32Cube/Repository/STM32Cube_FW_L4_V1.15.1/Middlewares/Third_Party/FreeRTOS/Source/CMSIS_RTOS_V2 -I/home/jasonau/STM32Cube/Repository/STM32Cube_FW_L4_V1.15.1/Drivers/STM32L4xx_HAL_Driver/Inc -I/home/jasonau/STM32Cube/Repository/STM32Cube_FW_L4_V1.15.1/Drivers/STM32L4xx_HAL_Driver/Inc/Legacy -I/home/jasonau/STM32Cube/Repository/STM32Cube_FW_L4_V1.15.1/Middlewares/Third_Party/FreeRTOS/Source/portable/GCC/ARM_CM4F -I/home/jasonau/STM32Cube/Repository/STM32Cube_FW_L4_V1.15.1/Drivers/CMSIS/Include -O0 -ffunction-sections -fdata-sections -Wall -fstack-usage -MMD -MP -MF"Middlewares/FreeRTOS/event_groups.d" -MT"Middlewares/FreeRTOS/event_groups.o" --specs=nano.specs -mfpu=fpv4-sp-d16 -mfloat-abi=hard -mthumb -o "Middlewares/FreeRTOS/event_groups.o"
arm-none-eabi-gcc "/home/jasonau/STM32Cube/Repository/STM32Cube_FW_L4_V1.15.1/Middlewares/Third_Party/FreeRTOS/Source/portable/MemMang/heap_4.c" -mcpu=cortex-m4 -std=gnu11 -g3 -DUSE_HAL_DRIVER -DSTM32L476xx -DDEBUG -c -I/home/jasonau/STM32Cube/Repository/STM32Cube_FW_L4_V1.15.1/Drivers/CMSIS/Device/ST/STM32L4xx/Include -I../Core/Inc -I/home/jasonau/STM32Cube/Repository/STM32Cube_FW_L4_V1.15.1/Middlewares/Third_Party/FreeRTOS/Source/include -I/home/jasonau/STM32Cube/Repository/STM32Cube_FW_L4_V1.15.1/Middlewares/Third_Party/FreeRTOS/Source/CMSIS_RTOS_V2 -I/home/jasonau/STM32Cube/Repository/STM32Cube_FW_L4_V1.15.1/Drivers/STM32L4xx_HAL_Driver/Inc -I/home/jasonau/STM32Cube/Repository/STM32Cube_FW_L4_V1.15.1/Drivers/STM32L4xx_HAL_Driver/Inc/Legacy -I/home/jasonau/STM32Cube/Repository/STM32Cube_FW_L4_V1.15.1/Middlewares/Third_Party/FreeRTOS/Source/portable/GCC/ARM_CM4F -I/home/jasonau/STM32Cube/Repository/STM32Cube_FW_L4_V1.15.1/Drivers/CMSIS/Include -O0 -ffunction-sections -fdata-sections -Wall -fstack-usage -MMD -MP -MF"Middlewares/FreeRTOS/heap_4.d" -MT"Middlewares/FreeRTOS/heap_4.o" --specs=nano.specs -mfpu=fpv4-sp-d16 -mfloat-abi=hard -mthumb -o "Middlewares/FreeRTOS/heap_4.o"
arm-none-eabi-gcc "/home/jasonau/STM32Cube/Repository/STM32Cube_FW_L4_V1.15.1/Middlewares/Third_Party/FreeRTOS/Source/list.c" -mcpu=cortex-m4 -std=gnu11 -g3 -DUSE_HAL_DRIVER -DSTM32L476xx -DDEBUG -c -I/home/jasonau/STM32Cube/Repository/STM32Cube_FW_L4_V1.15.1/Drivers/CMSIS/Device/ST/STM32L4xx/Include -I../Core/Inc -I/home/jasonau/STM32Cube/Repository/STM32Cube_FW_L4_V1.15.1/Middlewares/Third_Party/FreeRTOS/Source/include -I/home/jasonau/STM32Cube/Repository/STM32Cube_FW_L4_V1.15.1/Middlewares/Third_Party/FreeRTOS/Source/CMSIS_RTOS_V2 -I/home/jasonau/STM32Cube/Repository/STM32Cube_FW_L4_V1.15.1/Drivers/STM32L4xx_HAL_Driver/Inc -I/home/jasonau/STM32Cube/Repository/STM32Cube_FW_L4_V1.15.1/Drivers/STM32L4xx_HAL_Driver/Inc/Legacy -I/home/jasonau/STM32Cube/Repository/STM32Cube_FW_L4_V1.15.1/Middlewares/Third_Party/FreeRTOS/Source/portable/GCC/ARM_CM4F -I/home/jasonau/STM32Cube/Repository/STM32Cube_FW_L4_V1.15.1/Drivers/CMSIS/Include -O0 -ffunction-sections -fdata-sections -Wall -fstack-usage -MMD -MP -MF"Middlewares/FreeRTOS/list.d" -MT"Middlewares/FreeRTOS/list.o" --specs=nano.specs -mfpu=fpv4-sp-d16 -mfloat-abi=hard -mthumb -o "Middlewares/FreeRTOS/list.o"
arm-none-eabi-gcc "/home/jasonau/STM32Cube/Repository/STM32Cube_FW_L4_V1.15.1/Middlewares/Third_Party/FreeRTOS/Source/portable/GCC/ARM_CM4F/port.c" -mcpu=cortex-m4 -std=gnu11 -g3 -DUSE_HAL_DRIVER -DSTM32L476xx -DDEBUG -c -I/home/jasonau/STM32Cube/Repository/STM32Cube_FW_L4_V1.15.1/Drivers/CMSIS/Device/ST/STM32L4xx/Include -I../Core/Inc -I/home/jasonau/STM32Cube/Repository/STM32Cube_FW_L4_V1.15.1/Middlewares/Third_Party/FreeRTOS/Source/include -I/home/jasonau/STM32Cube/Repository/STM32Cube_FW_L4_V1.15.1/Middlewares/Third_Party/FreeRTOS/Source/CMSIS_RTOS_V2 -I/home/jasonau/STM32Cube/Repository/STM32Cube_FW_L4_V1.15.1/Drivers/STM32L4xx_HAL_Driver/Inc -I/home/jasonau/STM32Cube/Repository/STM32Cube_FW_L4_V1.15.1/Drivers/STM32L4xx_HAL_Driver/Inc/Legacy -I/home/jasonau/STM32Cube/Repository/STM32Cube_FW_L4_V1.15.1/Middlewares/Third_Party/FreeRTOS/Source/portable/GCC/ARM_CM4F -I/home/jasonau/STM32Cube/Repository/STM32Cube_FW_L4_V1.15.1/Drivers/CMSIS/Include -O0 -ffunction-sections -fdata-sections -Wall -fstack-usage -MMD -MP -MF"Middlewares/FreeRTOS/port.d" -MT"Middlewares/FreeRTOS/port.o" --specs=nano.specs -mfpu=fpv4-sp-d16 -mfloat-abi=hard -mthumb -o "Middlewares/FreeRTOS/port.o"
arm-none-eabi-gcc "/home/jasonau/STM32Cube/Repository/STM32Cube_FW_L4_V1.15.1/Middlewares/Third_Party/FreeRTOS/Source/queue.c" -mcpu=cortex-m4 -std=gnu11 -g3 -DUSE_HAL_DRIVER -DSTM32L476xx -DDEBUG -c -I/home/jasonau/STM32Cube/Repository/STM32Cube_FW_L4_V1.15.1/Drivers/CMSIS/Device/ST/STM32L4xx/Include -I../Core/Inc -I/home/jasonau/STM32Cube/Repository/STM32Cube_FW_L4_V1.15.1/Middlewares/Third_Party/FreeRTOS/Source/include -I/home/jasonau/STM32Cube/Repository/STM32Cube_FW_L4_V1.15.1/Middlewares/Third_Party/FreeRTOS/Source/CMSIS_RTOS_V2 -I/home/jasonau/STM32Cube/Repository/STM32Cube_FW_L4_V1.15.1/Drivers/STM32L4xx_HAL_Driver/Inc -I/home/jasonau/STM32Cube/Repository/STM32Cube_FW_L4_V1.15.1/Drivers/STM32L4xx_HAL_Driver/Inc/Legacy -I/home/jasonau/STM32Cube/Repository/STM32Cube_FW_L4_V1.15.1/Middlewares/Third_Party/FreeRTOS/Source/portable/GCC/ARM_CM4F -I/home/jasonau/STM32Cube/Repository/STM32Cube_FW_L4_V1.15.1/Drivers/CMSIS/Include -O0 -ffunction-sections -fdata-sections -Wall -fstack-usage -MMD -MP -MF"Middlewares/FreeRTOS/queue.d" -MT"Middlewares/FreeRTOS/queue.o" --specs=nano.specs -mfpu=fpv4-sp-d16 -mfloat-abi=hard -mthumb -o "Middlewares/FreeRTOS/queue.o"
arm-none-eabi-gcc "/home/jasonau/STM32Cube/Repository/STM32Cube_FW_L4_V1.15.1/Middlewares/Third_Party/FreeRTOS/Source/stream_buffer.c" -mcpu=cortex-m4 -std=gnu11 -g3 -DUSE_HAL_DRIVER -DSTM32L476xx -DDEBUG -c -I/home/jasonau/STM32Cube/Repository/STM32Cube_FW_L4_V1.15.1/Drivers/CMSIS/Device/ST/STM32L4xx/Include -I../Core/Inc -I/home/jasonau/STM32Cube/Repository/STM32Cube_FW_L4_V1.15.1/Middlewares/Third_Party/FreeRTOS/Source/include -I/home/jasonau/STM32Cube/Repository/STM32Cube_FW_L4_V1.15.1/Middlewares/Third_Party/FreeRTOS/Source/CMSIS_RTOS_V2 -I/home/jasonau/STM32Cube/Repository/STM32Cube_FW_L4_V1.15.1/Drivers/STM32L4xx_HAL_Driver/Inc -I/home/jasonau/STM32Cube/Repository/STM32Cube_FW_L4_V1.15.1/Drivers/STM32L4xx_HAL_Driver/Inc/Legacy -I/home/jasonau/STM32Cube/Repository/STM32Cube_FW_L4_V1.15.1/Middlewares/Third_Party/FreeRTOS/Source/portable/GCC/ARM_CM4F -I/home/jasonau/STM32Cube/Repository/STM32Cube_FW_L4_V1.15.1/Drivers/CMSIS/Include -O0 -ffunction-sections -fdata-sections -Wall -fstack-usage -MMD -MP -MF"Middlewares/FreeRTOS/stream_buffer.d" -MT"Middlewares/FreeRTOS/stream_buffer.o" --specs=nano.specs -mfpu=fpv4-sp-d16 -mfloat-abi=hard -mthumb -o "Middlewares/FreeRTOS/stream_buffer.o"
arm-none-eabi-gcc "/home/jasonau/STM32Cube/Repository/STM32Cube_FW_L4_V1.15.1/Middlewares/Third_Party/FreeRTOS/Source/tasks.c" -mcpu=cortex-m4 -std=gnu11 -g3 -DUSE_HAL_DRIVER -DSTM32L476xx -DDEBUG -c -I/home/jasonau/STM32Cube/Repository/STM32Cube_FW_L4_V1.15.1/Drivers/CMSIS/Device/ST/STM32L4xx/Include -I../Core/Inc -I/home/jasonau/STM32Cube/Repository/STM32Cube_FW_L4_V1.15.1/Middlewares/Third_Party/FreeRTOS/Source/include -I/home/jasonau/STM32Cube/Repository/STM32Cube_FW_L4_V1.15.1/Middlewares/Third_Party/FreeRTOS/Source/CMSIS_RTOS_V2 -I/home/jasonau/STM32Cube/Repository/STM32Cube_FW_L4_V1.15.1/Drivers/STM32L4xx_HAL_Driver/Inc -I/home/jasonau/STM32Cube/Repository/STM32Cube_FW_L4_V1.15.1/Drivers/STM32L4xx_HAL_Driver/Inc/Legacy -I/home/jasonau/STM32Cube/Repository/STM32Cube_FW_L4_V1.15.1/Middlewares/Third_Party/FreeRTOS/Source/portable/GCC/ARM_CM4F -I/home/jasonau/STM32Cube/Repository/STM32Cube_FW_L4_V1.15.1/Drivers/CMSIS/Include -O0 -ffunction-sections -fdata-sections -Wall -fstack-usage -MMD -MP -MF"Middlewares/FreeRTOS/tasks.d" -MT"Middlewares/FreeRTOS/tasks.o" --specs=nano.specs -mfpu=fpv4-sp-d16 -mfloat-abi=hard -mthumb -o "Middlewares/FreeRTOS/tasks.o"
arm-none-eabi-gcc "/home/jasonau/STM32Cube/Repository/STM32Cube_FW_L4_V1.15.1/Middlewares/Third_Party/FreeRTOS/Source/timers.c" -mcpu=cortex-m4 -std=gnu11 -g3 -DUSE_HAL_DRIVER -DSTM32L476xx -DDEBUG -c -I/home/jasonau/STM32Cube/Repository/STM32Cube_FW_L4_V1.15.1/Drivers/CMSIS/Device/ST/STM32L4xx/Include -I../Core/Inc -I/home/jasonau/STM32Cube/Repository/STM32Cube_FW_L4_V1.15.1/Middlewares/Third_Party/FreeRTOS/Source/include -I/home/jasonau/STM32Cube/Repository/STM32Cube_FW_L4_V1.15.1/Middlewares/Third_Party/FreeRTOS/Source/CMSIS_RTOS_V2 -I/home/jasonau/STM32Cube/Repository/STM32Cube_FW_L4_V1.15.1/Drivers/STM32L4xx_HAL_Driver/Inc -I/home/jasonau/STM32Cube/Repository/STM32Cube_FW_L4_V1.15.1/Drivers/STM32L4xx_HAL_Driver/Inc/Legacy -I/home/jasonau/STM32Cube/Repository/STM32Cube_FW_L4_V1.15.1/Middlewares/Third_Party/FreeRTOS/Source/portable/GCC/ARM_CM4F -I/home/jasonau/STM32Cube/Repository/STM32Cube_FW_L4_V1.15.1/Drivers/CMSIS/Include -O0 -ffunction-sections -fdata-sections -Wall -fstack-usage -MMD -MP -MF"Middlewares/FreeRTOS/timers.d" -MT"Middlewares/FreeRTOS/timers.o" --specs=nano.specs -mfpu=fpv4-sp-d16 -mfloat-abi=hard -mthumb -o "Middlewares/FreeRTOS/timers.o"
arm-none-eabi-gcc "/home/jasonau/STM32Cube/Repository/STM32Cube_FW_L4_V1.15.1/Drivers/STM32L4xx_HAL_Driver/Src/stm32l4xx_hal.c" -mcpu=cortex-m4 -std=gnu11 -g3 -DUSE_HAL_DRIVER -DSTM32L476xx -DDEBUG -c -I/home/jasonau/STM32Cube/Repository/STM32Cube_FW_L4_V1.15.1/Drivers/CMSIS/Device/ST/STM32L4xx/Include -I../Core/Inc -I/home/jasonau/STM32Cube/Repository/STM32Cube_FW_L4_V1.15.1/Middlewares/Third_Party/FreeRTOS/Source/include -I/home/jasonau/STM32Cube/Repository/STM32Cube_FW_L4_V1.15.1/Middlewares/Third_Party/FreeRTOS/Source/CMSIS_RTOS_V2 -I/home/jasonau/STM32Cube/Repository/STM32Cube_FW_L4_V1.15.1/Drivers/STM32L4xx_HAL_Driver/Inc -I/home/jasonau/STM32Cube/Repository/STM32Cube_FW_L4_V1.15.1/Drivers/STM32L4xx_HAL_Driver/Inc/Legacy -I/home/jasonau/STM32Cube/Repository/STM32Cube_FW_L4_V1.15.1/Middlewares/Third_Party/FreeRTOS/Source/portable/GCC/ARM_CM4F -I/home/jasonau/STM32Cube/Repository/STM32Cube_FW_L4_V1.15.1/Drivers/CMSIS/Include -O0 -ffunction-sections -fdata-sections -Wall -fstack-usage -MMD -MP -MF"Drivers/STM32L4xx_HAL_Driver/stm32l4xx_hal.d" -MT"Drivers/STM32L4xx_HAL_Driver/stm32l4xx_hal.o" --specs=nano.specs -mfpu=fpv4-sp-d16 -mfloat-abi=hard -mthumb -o "Drivers/STM32L4xx_HAL_Driver/stm32l4xx_hal.o"
arm-none-eabi-gcc "/home/jasonau/STM32Cube/Repository/STM32Cube_FW_L4_V1.15.1/Drivers/STM32L4xx_HAL_Driver/Src/stm32l4xx_hal_cortex.c" -mcpu=cortex-m4 -std=gnu11 -g3 -DUSE_HAL_DRIVER -DSTM32L476xx -DDEBUG -c -I/home/jasonau/STM32Cube/Repository/STM32Cube_FW_L4_V1.15.1/Drivers/CMSIS/Device/ST/STM32L4xx/Include -I../Core/Inc -I/home/jasonau/STM32Cube/Repository/STM32Cube_FW_L4_V1.15.1/Middlewares/Third_Party/FreeRTOS/Source/include -I/home/jasonau/STM32Cube/Repository/STM32Cube_FW_L4_V1.15.1/Middlewares/Third_Party/FreeRTOS/Source/CMSIS_RTOS_V2 -I/home/jasonau/STM32Cube/Repository/STM32Cube_FW_L4_V1.15.1/Drivers/STM32L4xx_HAL_Driver/Inc -I/home/jasonau/STM32Cube/Repository/STM32Cube_FW_L4_V1.15.1/Drivers/STM32L4xx_HAL_Driver/Inc/Legacy -I/home/jasonau/STM32Cube/Repository/STM32Cube_FW_L4_V1.15.1/Middlewares/Third_Party/FreeRTOS/Source/portable/GCC/ARM_CM4F -I/home/jasonau/STM32Cube/Repository/STM32Cube_FW_L4_V1.15.1/Drivers/CMSIS/Include -O0 -ffunction-sections -fdata-sections -Wall -fstack-usage -MMD -MP -MF"Drivers/STM32L4xx_HAL_Driver/stm32l4xx_hal_cortex.d" -MT"Drivers/STM32L4xx_HAL_Driver/stm32l4xx_hal_cortex.o" --specs=nano.specs -mfpu=fpv4-sp-d16 -mfloat-abi=hard -mthumb -o "Drivers/STM32L4xx_HAL_Driver/stm32l4xx_hal_cortex.o"
arm-none-eabi-gcc "/home/jasonau/STM32Cube/Repository/STM32Cube_FW_L4_V1.15.1/Drivers/STM32L4xx_HAL_Driver/Src/stm32l4xx_hal_dma.c" -mcpu=cortex-m4 -std=gnu11 -g3 -DUSE_HAL_DRIVER -DSTM32L476xx -DDEBUG -c -I/home/jasonau/STM32Cube/Repository/STM32Cube_FW_L4_V1.15.1/Drivers/CMSIS/Device/ST/STM32L4xx/Include -I../Core/Inc -I/home/jasonau/STM32Cube/Repository/STM32Cube_FW_L4_V1.15.1/Middlewares/Third_Party/FreeRTOS/Source/include -I/home/jasonau/STM32Cube/Repository/STM32Cube_FW_L4_V1.15.1/Middlewares/Third_Party/FreeRTOS/Source/CMSIS_RTOS_V2 -I/home/jasonau/STM32Cube/Repository/STM32Cube_FW_L4_V1.15.1/Drivers/STM32L4xx_HAL_Driver/Inc -I/home/jasonau/STM32Cube/Repository/STM32Cube_FW_L4_V1.15.1/Drivers/STM32L4xx_HAL_Driver/Inc/Legacy -I/home/jasonau/STM32Cube/Repository/STM32Cube_FW_L4_V1.15.1/Middlewares/Third_Party/FreeRTOS/Source/portable/GCC/ARM_CM4F -I/home/jasonau/STM32Cube/Repository/STM32Cube_FW_L4_V1.15.1/Drivers/CMSIS/Include -O0 -ffunction-sections -fdata-sections -Wall -fstack-usage -MMD -MP -MF"Drivers/STM32L4xx_HAL_Driver/stm32l4xx_hal_dma.d" -MT"Drivers/STM32L4xx_HAL_Driver/stm32l4xx_hal_dma.o" --specs=nano.specs -mfpu=fpv4-sp-d16 -mfloat-abi=hard -mthumb -o "Drivers/STM32L4xx_HAL_Driver/stm32l4xx_hal_dma.o"
arm-none-eabi-gcc "/home/jasonau/STM32Cube/Repository/STM32Cube_FW_L4_V1.15.1/Drivers/STM32L4xx_HAL_Driver/Src/stm32l4xx_hal_dma_ex.c" -mcpu=cortex-m4 -std=gnu11 -g3 -DUSE_HAL_DRIVER -DSTM32L476xx -DDEBUG -c -I/home/jasonau/STM32Cube/Repository/STM32Cube_FW_L4_V1.15.1/Drivers/CMSIS/Device/ST/STM32L4xx/Include -I../Core/Inc -I/home/jasonau/STM32Cube/Repository/STM32Cube_FW_L4_V1.15.1/Middlewares/Third_Party/FreeRTOS/Source/include -I/home/jasonau/STM32Cube/Repository/STM32Cube_FW_L4_V1.15.1/Middlewares/Third_Party/FreeRTOS/Source/CMSIS_RTOS_V2 -I/home/jasonau/STM32Cube/Repository/STM32Cube_FW_L4_V1.15.1/Drivers/STM32L4xx_HAL_Driver/Inc -I/home/jasonau/STM32Cube/Repository/STM32Cube_FW_L4_V1.15.1/Drivers/STM32L4xx_HAL_Driver/Inc/Legacy -I/home/jasonau/STM32Cube/Repository/STM32Cube_FW_L4_V1.15.1/Middlewares/Third_Party/FreeRTOS/Source/portable/GCC/ARM_CM4F -I/home/jasonau/STM32Cube/Repository/STM32Cube_FW_L4_V1.15.1/Drivers/CMSIS/Include -O0 -ffunction-sections -fdata-sections -Wall -fstack-usage -MMD -MP -MF"Drivers/STM32L4xx_HAL_Driver/stm32l4xx_hal_dma_ex.d" -MT"Drivers/STM32L4xx_HAL_Driver/stm32l4xx_hal_dma_ex.o" --specs=nano.specs -mfpu=fpv4-sp-d16 -mfloat-abi=hard -mthumb -o "Drivers/STM32L4xx_HAL_Driver/stm32l4xx_hal_dma_ex.o"
arm-none-eabi-gcc "/home/jasonau/STM32Cube/Repository/STM32Cube_FW_L4_V1.15.1/Drivers/STM32L4xx_HAL_Driver/Src/stm32l4xx_hal_exti.c" -mcpu=cortex-m4 -std=gnu11 -g3 -DUSE_HAL_DRIVER -DSTM32L476xx -DDEBUG -c -I/home/jasonau/STM32Cube/Repository/STM32Cube_FW_L4_V1.15.1/Drivers/CMSIS/Device/ST/STM32L4xx/Include -I../Core/Inc -I/home/jasonau/STM32Cube/Repository/STM32Cube_FW_L4_V1.15.1/Middlewares/Third_Party/FreeRTOS/Source/include -I/home/jasonau/STM32Cube/Repository/STM32Cube_FW_L4_V1.15.1/Middlewares/Third_Party/FreeRTOS/Source/CMSIS_RTOS_V2 -I/home/jasonau/STM32Cube/Repository/STM32Cube_FW_L4_V1.15.1/Drivers/STM32L4xx_HAL_Driver/Inc -I/home/jasonau/STM32Cube/Repository/STM32Cube_FW_L4_V1.15.1/Drivers/STM32L4xx_HAL_Driver/Inc/Legacy -I/home/jasonau/STM32Cube/Repository/STM32Cube_FW_L4_V1.15.1/Middlewares/Third_Party/FreeRTOS/Source/portable/GCC/ARM_CM4F -I/home/jasonau/STM32Cube/Repository/STM32Cube_FW_L4_V1.15.1/Drivers/CMSIS/Include -O0 -ffunction-sections -fdata-sections -Wall -fstack-usage -MMD -MP -MF"Drivers/STM32L4xx_HAL_Driver/stm32l4xx_hal_exti.d" -MT"Drivers/STM32L4xx_HAL_Driver/stm32l4xx_hal_exti.o" --specs=nano.specs -mfpu=fpv4-sp-d16 -mfloat-abi=hard -mthumb -o "Drivers/STM32L4xx_HAL_Driver/stm32l4xx_hal_exti.o"
arm-none-eabi-gcc "/home/jasonau/STM32Cube/Repository/STM32Cube_FW_L4_V1.15.1/Drivers/STM32L4xx_HAL_Driver/Src/stm32l4xx_hal_flash.c" -mcpu=cortex-m4 -std=gnu11 -g3 -DUSE_HAL_DRIVER -DSTM32L476xx -DDEBUG -c -I/home/jasonau/STM32Cube/Repository/STM32Cube_FW_L4_V1.15.1/Drivers/CMSIS/Device/ST/STM32L4xx/Include -I../Core/Inc -I/home/jasonau/STM32Cube/Repository/STM32Cube_FW_L4_V1.15.1/Middlewares/Third_Party/FreeRTOS/Source/include -I/home/jasonau/STM32Cube/Repository/STM32Cube_FW_L4_V1.15.1/Middlewares/Third_Party/FreeRTOS/Source/CMSIS_RTOS_V2 -I/home/jasonau/STM32Cube/Repository/STM32Cube_FW_L4_V1.15.1/Drivers/STM32L4xx_HAL_Driver/Inc -I/home/jasonau/STM32Cube/Repository/STM32Cube_FW_L4_V1.15.1/Drivers/STM32L4xx_HAL_Driver/Inc/Legacy -I/home/jasonau/STM32Cube/Repository/STM32Cube_FW_L4_V1.15.1/Middlewares/Third_Party/FreeRTOS/Source/portable/GCC/ARM_CM4F -I/home/jasonau/STM32Cube/Repository/STM32Cube_FW_L4_V1.15.1/Drivers/CMSIS/Include -O0 -ffunction-sections -fdata-sections -Wall -fstack-usage -MMD -MP -MF"Drivers/STM32L4xx_HAL_Driver/stm32l4xx_hal_flash.d" -MT"Drivers/STM32L4xx_HAL_Driver/stm32l4xx_hal_flash.o" --specs=nano.specs -mfpu=fpv4-sp-d16 -mfloat-abi=hard -mthumb -o "Drivers/STM32L4xx_HAL_Driver/stm32l4xx_hal_flash.o"
arm-none-eabi-gcc "/home/jasonau/STM32Cube/Repository/STM32Cube_FW_L4_V1.15.1/Drivers/STM32L4xx_HAL_Driver/Src/stm32l4xx_hal_flash_ex.c" -mcpu=cortex-m4 -std=gnu11 -g3 -DUSE_HAL_DRIVER -DSTM32L476xx -DDEBUG -c -I/home/jasonau/STM32Cube/Repository/STM32Cube_FW_L4_V1.15.1/Drivers/CMSIS/Device/ST/STM32L4xx/Include -I../Core/Inc -I/home/jasonau/STM32Cube/Repository/STM32Cube_FW_L4_V1.15.1/Middlewares/Third_Party/FreeRTOS/Source/include -I/home/jasonau/STM32Cube/Repository/STM32Cube_FW_L4_V1.15.1/Middlewares/Third_Party/FreeRTOS/Source/CMSIS_RTOS_V2 -I/home/jasonau/STM32Cube/Repository/STM32Cube_FW_L4_V1.15.1/Drivers/STM32L4xx_HAL_Driver/Inc -I/home/jasonau/STM32Cube/Repository/STM32Cube_FW_L4_V1.15.1/Drivers/STM32L4xx_HAL_Driver/Inc/Legacy -I/home/jasonau/STM32Cube/Repository/STM32Cube_FW_L4_V1.15.1/Middlewares/Third_Party/FreeRTOS/Source/portable/GCC/ARM_CM4F -I/home/jasonau/STM32Cube/Repository/STM32Cube_FW_L4_V1.15.1/Drivers/CMSIS/Include -O0 -ffunction-sections -fdata-sections -Wall -fstack-usage -MMD -MP -MF"Drivers/STM32L4xx_HAL_Driver/stm32l4xx_hal_flash_ex.d" -MT"Drivers/STM32L4xx_HAL_Driver/stm32l4xx_hal_flash_ex.o" --specs=nano.specs -mfpu=fpv4-sp-d16 -mfloat-abi=hard -mthumb -o "Drivers/STM32L4xx_HAL_Driver/stm32l4xx_hal_flash_ex.o"
arm-none-eabi-gcc "/home/jasonau/STM32Cube/Repository/STM32Cube_FW_L4_V1.15.1/Drivers/STM32L4xx_HAL_Driver/Src/stm32l4xx_hal_flash_ramfunc.c" -mcpu=cortex-m4 -std=gnu11 -g3 -DUSE_HAL_DRIVER -DSTM32L476xx -DDEBUG -c -I/home/jasonau/STM32Cube/Repository/STM32Cube_FW_L4_V1.15.1/Drivers/CMSIS/Device/ST/STM32L4xx/Include -I../Core/Inc -I/home/jasonau/STM32Cube/Repository/STM32Cube_FW_L4_V1.15.1/Middlewares/Third_Party/FreeRTOS/Source/include -I/home/jasonau/STM32Cube/Repository/STM32Cube_FW_L4_V1.15.1/Middlewares/Third_Party/FreeRTOS/Source/CMSIS_RTOS_V2 -I/home/jasonau/STM32Cube/Repository/STM32Cube_FW_L4_V1.15.1/Drivers/STM32L4xx_HAL_Driver/Inc -I/home/jasonau/STM32Cube/Repository/STM32Cube_FW_L4_V1.15.1/Drivers/STM32L4xx_HAL_Driver/Inc/Legacy -I/home/jasonau/STM32Cube/Repository/STM32Cube_FW_L4_V1.15.1/Middlewares/Third_Party/FreeRTOS/Source/portable/GCC/ARM_CM4F -I/home/jasonau/STM32Cube/Repository/STM32Cube_FW_L4_V1.15.1/Drivers/CMSIS/Include -O0 -ffunction-sections -fdata-sections -Wall -fstack-usage -MMD -MP -MF"Drivers/STM32L4xx_HAL_Driver/stm32l4xx_hal_flash_ramfunc.d" -MT"Drivers/STM32L4xx_HAL_Driver/stm32l4xx_hal_flash_ramfunc.o" --specs=nano.specs -mfpu=fpv4-sp-d16 -mfloat-abi=hard -mthumb -o "Drivers/STM32L4xx_HAL_Driver/stm32l4xx_hal_flash_ramfunc.o"
arm-none-eabi-gcc "/home/jasonau/STM32Cube/Repository/STM32Cube_FW_L4_V1.15.1/Drivers/STM32L4xx_HAL_Driver/Src/stm32l4xx_hal_gpio.c" -mcpu=cortex-m4 -std=gnu11 -g3 -DUSE_HAL_DRIVER -DSTM32L476xx -DDEBUG -c -I/home/jasonau/STM32Cube/Repository/STM32Cube_FW_L4_V1.15.1/Drivers/CMSIS/Device/ST/STM32L4xx/Include -I../Core/Inc -I/home/jasonau/STM32Cube/Repository/STM32Cube_FW_L4_V1.15.1/Middlewares/Third_Party/FreeRTOS/Source/include -I/home/jasonau/STM32Cube/Repository/STM32Cube_FW_L4_V1.15.1/Middlewares/Third_Party/FreeRTOS/Source/CMSIS_RTOS_V2 -I/home/jasonau/STM32Cube/Repository/STM32Cube_FW_L4_V1.15.1/Drivers/STM32L4xx_HAL_Driver/Inc -I/home/jasonau/STM32Cube/Repository/STM32Cube_FW_L4_V1.15.1/Drivers/STM32L4xx_HAL_Driver/Inc/Legacy -I/home/jasonau/STM32Cube/Repository/STM32Cube_FW_L4_V1.15.1/Middlewares/Third_Party/FreeRTOS/Source/portable/GCC/ARM_CM4F -I/home/jasonau/STM32Cube/Repository/STM32Cube_FW_L4_V1.15.1/Drivers/CMSIS/Include -O0 -ffunction-sections -fdata-sections -Wall -fstack-usage -MMD -MP -MF"Drivers/STM32L4xx_HAL_Driver/stm32l4xx_hal_gpio.d" -MT"Drivers/STM32L4xx_HAL_Driver/stm32l4xx_hal_gpio.o" --specs=nano.specs -mfpu=fpv4-sp-d16 -mfloat-abi=hard -mthumb -o "Drivers/STM32L4xx_HAL_Driver/stm32l4xx_hal_gpio.o"
arm-none-eabi-gcc "/home/jasonau/STM32Cube/Repository/STM32Cube_FW_L4_V1.15.1/Drivers/STM32L4xx_HAL_Driver/Src/stm32l4xx_hal_i2c.c" -mcpu=cortex-m4 -std=gnu11 -g3 -DUSE_HAL_DRIVER -DSTM32L476xx -DDEBUG -c -I/home/jasonau/STM32Cube/Repository/STM32Cube_FW_L4_V1.15.1/Drivers/CMSIS/Device/ST/STM32L4xx/Include -I../Core/Inc -I/home/jasonau/STM32Cube/Repository/STM32Cube_FW_L4_V1.15.1/Middlewares/Third_Party/FreeRTOS/Source/include -I/home/jasonau/STM32Cube/Repository/STM32Cube_FW_L4_V1.15.1/Middlewares/Third_Party/FreeRTOS/Source/CMSIS_RTOS_V2 -I/home/jasonau/STM32Cube/Repository/STM32Cube_FW_L4_V1.15.1/Drivers/STM32L4xx_HAL_Driver/Inc -I/home/jasonau/STM32Cube/Repository/STM32Cube_FW_L4_V1.15.1/Drivers/STM32L4xx_HAL_Driver/Inc/Legacy -I/home/jasonau/STM32Cube/Repository/STM32Cube_FW_L4_V1.15.1/Middlewares/Third_Party/FreeRTOS/Source/portable/GCC/ARM_CM4F -I/home/jasonau/STM32Cube/Repository/STM32Cube_FW_L4_V1.15.1/Drivers/CMSIS/Include -O0 -ffunction-sections -fdata-sections -Wall -fstack-usage -MMD -MP -MF"Drivers/STM32L4xx_HAL_Driver/stm32l4xx_hal_i2c.d" -MT"Drivers/STM32L4xx_HAL_Driver/stm32l4xx_hal_i2c.o" --specs=nano.specs -mfpu=fpv4-sp-d16 -mfloat-abi=hard -mthumb -o "Drivers/STM32L4xx_HAL_Driver/stm32l4xx_hal_i2c.o"
arm-none-eabi-gcc "/home/jasonau/STM32Cube/Repository/STM32Cube_FW_L4_V1.15.1/Drivers/STM32L4xx_HAL_Driver/Src/stm32l4xx_hal_i2c_ex.c" -mcpu=cortex-m4 -std=gnu11 -g3 -DUSE_HAL_DRIVER -DSTM32L476xx -DDEBUG -c -I/home/jasonau/STM32Cube/Repository/STM32Cube_FW_L4_V1.15.1/Drivers/CMSIS/Device/ST/STM32L4xx/Include -I../Core/Inc -I/home/jasonau/STM32Cube/Repository/STM32Cube_FW_L4_V1.15.1/Middlewares/Third_Party/FreeRTOS/Source/include -I/home/jasonau/STM32Cube/Repository/STM32Cube_FW_L4_V1.15.1/Middlewares/Third_Party/FreeRTOS/Source/CMSIS_RTOS_V2 -I/home/jasonau/STM32Cube/Repository/STM32Cube_FW_L4_V1.15.1/Drivers/STM32L4xx_HAL_Driver/Inc -I/home/jasonau/STM32Cube/Repository/STM32Cube_FW_L4_V1.15.1/Drivers/STM32L4xx_HAL_Driver/Inc/Legacy -I/home/jasonau/STM32Cube/Repository/STM32Cube_FW_L4_V1.15.1/Middlewares/Third_Party/FreeRTOS/Source/portable/GCC/ARM_CM4F -I/home/jasonau/STM32Cube/Repository/STM32Cube_FW_L4_V1.15.1/Drivers/CMSIS/Include -O0 -ffunction-sections -fdata-sections -Wall -fstack-usage -MMD -MP -MF"Drivers/STM32L4xx_HAL_Driver/stm32l4xx_hal_i2c_ex.d" -MT"Drivers/STM32L4xx_HAL_Driver/stm32l4xx_hal_i2c_ex.o" --specs=nano.specs -mfpu=fpv4-sp-d16 -mfloat-abi=hard -mthumb -o "Drivers/STM32L4xx_HAL_Driver/stm32l4xx_hal_i2c_ex.o"
arm-none-eabi-gcc "/home/jasonau/STM32Cube/Repository/STM32Cube_FW_L4_V1.15.1/Drivers/STM32L4xx_HAL_Driver/Src/stm32l4xx_hal_pwr.c" -mcpu=cortex-m4 -std=gnu11 -g3 -DUSE_HAL_DRIVER -DSTM32L476xx -DDEBUG -c -I/home/jasonau/STM32Cube/Repository/STM32Cube_FW_L4_V1.15.1/Drivers/CMSIS/Device/ST/STM32L4xx/Include -I../Core/Inc -I/home/jasonau/STM32Cube/Repository/STM32Cube_FW_L4_V1.15.1/Middlewares/Third_Party/FreeRTOS/Source/include -I/home/jasonau/STM32Cube/Repository/STM32Cube_FW_L4_V1.15.1/Middlewares/Third_Party/FreeRTOS/Source/CMSIS_RTOS_V2 -I/home/jasonau/STM32Cube/Repository/STM32Cube_FW_L4_V1.15.1/Drivers/STM32L4xx_HAL_Driver/Inc -I/home/jasonau/STM32Cube/Repository/STM32Cube_FW_L4_V1.15.1/Drivers/STM32L4xx_HAL_Driver/Inc/Legacy -I/home/jasonau/STM32Cube/Repository/STM32Cube_FW_L4_V1.15.1/Middlewares/Third_Party/FreeRTOS/Source/portable/GCC/ARM_CM4F -I/home/jasonau/STM32Cube/Repository/STM32Cube_FW_L4_V1.15.1/Drivers/CMSIS/Include -O0 -ffunction-sections -fdata-sections -Wall -fstack-usage -MMD -MP -MF"Drivers/STM32L4xx_HAL_Driver/stm32l4xx_hal_pwr.d" -MT"Drivers/STM32L4xx_HAL_Driver/stm32l4xx_hal_pwr.o" --specs=nano.specs -mfpu=fpv4-sp-d16 -mfloat-abi=hard -mthumb -o "Drivers/STM32L4xx_HAL_Driver/stm32l4xx_hal_pwr.o"
arm-none-eabi-gcc "/home/jasonau/STM32Cube/Repository/STM32Cube_FW_L4_V1.15.1/Drivers/STM32L4xx_HAL_Driver/Src/stm32l4xx_hal_pwr_ex.c" -mcpu=cortex-m4 -std=gnu11 -g3 -DUSE_HAL_DRIVER -DSTM32L476xx -DDEBUG -c -I/home/jasonau/STM32Cube/Repository/STM32Cube_FW_L4_V1.15.1/Drivers/CMSIS/Device/ST/STM32L4xx/Include -I../Core/Inc -I/home/jasonau/STM32Cube/Repository/STM32Cube_FW_L4_V1.15.1/Middlewares/Third_Party/FreeRTOS/Source/include -I/home/jasonau/STM32Cube/Repository/STM32Cube_FW_L4_V1.15.1/Middlewares/Third_Party/FreeRTOS/Source/CMSIS_RTOS_V2 -I/home/jasonau/STM32Cube/Repository/STM32Cube_FW_L4_V1.15.1/Drivers/STM32L4xx_HAL_Driver/Inc -I/home/jasonau/STM32Cube/Repository/STM32Cube_FW_L4_V1.15.1/Drivers/STM32L4xx_HAL_Driver/Inc/Legacy -I/home/jasonau/STM32Cube/Repository/STM32Cube_FW_L4_V1.15.1/Middlewares/Third_Party/FreeRTOS/Source/portable/GCC/ARM_CM4F -I/home/jasonau/STM32Cube/Repository/STM32Cube_FW_L4_V1.15.1/Drivers/CMSIS/Include -O0 -ffunction-sections -fdata-sections -Wall -fstack-usage -MMD -MP -MF"Drivers/STM32L4xx_HAL_Driver/stm32l4xx_hal_pwr_ex.d" -MT"Drivers/STM32L4xx_HAL_Driver/stm32l4xx_hal_pwr_ex.o" --specs=nano.specs -mfpu=fpv4-sp-d16 -mfloat-abi=hard -mthumb -o "Drivers/STM32L4xx_HAL_Driver/stm32l4xx_hal_pwr_ex.o"
arm-none-eabi-gcc "/home/jasonau/STM32Cube/Repository/STM32Cube_FW_L4_V1.15.1/Drivers/STM32L4xx_HAL_Driver/Src/stm32l4xx_hal_rcc.c" -mcpu=cortex-m4 -std=gnu11 -g3 -DUSE_HAL_DRIVER -DSTM32L476xx -DDEBUG -c -I/home/jasonau/STM32Cube/Repository/STM32Cube_FW_L4_V1.15.1/Drivers/CMSIS/Device/ST/STM32L4xx/Include -I../Core/Inc -I/home/jasonau/STM32Cube/Repository/STM32Cube_FW_L4_V1.15.1/Middlewares/Third_Party/FreeRTOS/Source/include -I/home/jasonau/STM32Cube/Repository/STM32Cube_FW_L4_V1.15.1/Middlewares/Third_Party/FreeRTOS/Source/CMSIS_RTOS_V2 -I/home/jasonau/STM32Cube/Repository/STM32Cube_FW_L4_V1.15.1/Drivers/STM32L4xx_HAL_Driver/Inc -I/home/jasonau/STM32Cube/Repository/STM32Cube_FW_L4_V1.15.1/Drivers/STM32L4xx_HAL_Driver/Inc/Legacy -I/home/jasonau/STM32Cube/Repository/STM32Cube_FW_L4_V1.15.1/Middlewares/Third_Party/FreeRTOS/Source/portable/GCC/ARM_CM4F -I/home/jasonau/STM32Cube/Repository/STM32Cube_FW_L4_V1.15.1/Drivers/CMSIS/Include -O0 -ffunction-sections -fdata-sections -Wall -fstack-usage -MMD -MP -MF"Drivers/STM32L4xx_HAL_Driver/stm32l4xx_hal_rcc.d" -MT"Drivers/STM32L4xx_HAL_Driver/stm32l4xx_hal_rcc.o" --specs=nano.specs -mfpu=fpv4-sp-d16 -mfloat-abi=hard -mthumb -o "Drivers/STM32L4xx_HAL_Driver/stm32l4xx_hal_rcc.o"
arm-none-eabi-gcc "/home/jasonau/STM32Cube/Repository/STM32Cube_FW_L4_V1.15.1/Drivers/STM32L4xx_HAL_Driver/Src/stm32l4xx_hal_rcc_ex.c" -mcpu=cortex-m4 -std=gnu11 -g3 -DUSE_HAL_DRIVER -DSTM32L476xx -DDEBUG -c -I/home/jasonau/STM32Cube/Repository/STM32Cube_FW_L4_V1.15.1/Drivers/CMSIS/Device/ST/STM32L4xx/Include -I../Core/Inc -I/home/jasonau/STM32Cube/Repository/STM32Cube_FW_L4_V1.15.1/Middlewares/Third_Party/FreeRTOS/Source/include -I/home/jasonau/STM32Cube/Repository/STM32Cube_FW_L4_V1.15.1/Middlewares/Third_Party/FreeRTOS/Source/CMSIS_RTOS_V2 -I/home/jasonau/STM32Cube/Repository/STM32Cube_FW_L4_V1.15.1/Drivers/STM32L4xx_HAL_Driver/Inc -I/home/jasonau/STM32Cube/Repository/STM32Cube_FW_L4_V1.15.1/Drivers/STM32L4xx_HAL_Driver/Inc/Legacy -I/home/jasonau/STM32Cube/Repository/STM32Cube_FW_L4_V1.15.1/Middlewares/Third_Party/FreeRTOS/Source/portable/GCC/ARM_CM4F -I/home/jasonau/STM32Cube/Repository/STM32Cube_FW_L4_V1.15.1/Drivers/CMSIS/Include -O0 -ffunction-sections -fdata-sections -Wall -fstack-usage -MMD -MP -MF"Drivers/STM32L4xx_HAL_Driver/stm32l4xx_hal_rcc_ex.d" -MT"Drivers/STM32L4xx_HAL_Driver/stm32l4xx_hal_rcc_ex.o" --specs=nano.specs -mfpu=fpv4-sp-d16 -mfloat-abi=hard -mthumb -o "Drivers/STM32L4xx_HAL_Driver/stm32l4xx_hal_rcc_ex.o"
arm-none-eabi-gcc "/home/jasonau/STM32Cube/Repository/STM32Cube_FW_L4_V1.15.1/Drivers/STM32L4xx_HAL_Driver/Src/stm32l4xx_hal_tim.c" -mcpu=cortex-m4 -std=gnu11 -g3 -DUSE_HAL_DRIVER -DSTM32L476xx -DDEBUG -c -I/home/jasonau/STM32Cube/Repository/STM32Cube_FW_L4_V1.15.1/Drivers/CMSIS/Device/ST/STM32L4xx/Include -I../Core/Inc -I/home/jasonau/STM32Cube/Repository/STM32Cube_FW_L4_V1.15.1/Middlewares/Third_Party/FreeRTOS/Source/include -I/home/jasonau/STM32Cube/Repository/STM32Cube_FW_L4_V1.15.1/Middlewares/Third_Party/FreeRTOS/Source/CMSIS_RTOS_V2 -I/home/jasonau/STM32Cube/Repository/STM32Cube_FW_L4_V1.15.1/Drivers/STM32L4xx_HAL_Driver/Inc -I/home/jasonau/STM32Cube/Repository/STM32Cube_FW_L4_V1.15.1/Drivers/STM32L4xx_HAL_Driver/Inc/Legacy -I/home/jasonau/STM32Cube/Repository/STM32Cube_FW_L4_V1.15.1/Middlewares/Third_Party/FreeRTOS/Source/portable/GCC/ARM_CM4F -I/home/jasonau/STM32Cube/Repository/STM32Cube_FW_L4_V1.15.1/Drivers/CMSIS/Include -O0 -ffunction-sections -fdata-sections -Wall -fstack-usage -MMD -MP -MF"Drivers/STM32L4xx_HAL_Driver/stm32l4xx_hal_tim.d" -MT"Drivers/STM32L4xx_HAL_Driver/stm32l4xx_hal_tim.o" --specs=nano.specs -mfpu=fpv4-sp-d16 -mfloat-abi=hard -mthumb -o "Drivers/STM32L4xx_HAL_Driver/stm32l4xx_hal_tim.o"
arm-none-eabi-gcc "/home/jasonau/STM32Cube/Repository/STM32Cube_FW_L4_V1.15.1/Drivers/STM32L4xx_HAL_Driver/Src/stm32l4xx_hal_tim_ex.c" -mcpu=cortex-m4 -std=gnu11 -g3 -DUSE_HAL_DRIVER -DSTM32L476xx -DDEBUG -c -I/home/jasonau/STM32Cube/Repository/STM32Cube_FW_L4_V1.15.1/Drivers/CMSIS/Device/ST/STM32L4xx/Include -I../Core/Inc -I/home/jasonau/STM32Cube/Repository/STM32Cube_FW_L4_V1.15.1/Middlewares/Third_Party/FreeRTOS/Source/include -I/home/jasonau/STM32Cube/Repository/STM32Cube_FW_L4_V1.15.1/Middlewares/Third_Party/FreeRTOS/Source/CMSIS_RTOS_V2 -I/home/jasonau/STM32Cube/Repository/STM32Cube_FW_L4_V1.15.1/Drivers/STM32L4xx_HAL_Driver/Inc -I/home/jasonau/STM32Cube/Repository/STM32Cube_FW_L4_V1.15.1/Drivers/STM32L4xx_HAL_Driver/Inc/Legacy -I/home/jasonau/STM32Cube/Repository/STM32Cube_FW_L4_V1.15.1/Middlewares/Third_Party/FreeRTOS/Source/portable/GCC/ARM_CM4F -I/home/jasonau/STM32Cube/Repository/STM32Cube_FW_L4_V1.15.1/Drivers/CMSIS/Include -O0 -ffunction-sections -fdata-sections -Wall -fstack-usage -MMD -MP -MF"Drivers/STM32L4xx_HAL_Driver/stm32l4xx_hal_tim_ex.d" -MT"Drivers/STM32L4xx_HAL_Driver/stm32l4xx_hal_tim_ex.o" --specs=nano.specs -mfpu=fpv4-sp-d16 -mfloat-abi=hard -mthumb -o "Drivers/STM32L4xx_HAL_Driver/stm32l4xx_hal_tim_ex.o"
arm-none-eabi-gcc "/home/jasonau/STM32Cube/Repository/STM32Cube_FW_L4_V1.15.1/Drivers/STM32L4xx_HAL_Driver/Src/stm32l4xx_hal_uart.c" -mcpu=cortex-m4 -std=gnu11 -g3 -DUSE_HAL_DRIVER -DSTM32L476xx -DDEBUG -c -I/home/jasonau/STM32Cube/Repository/STM32Cube_FW_L4_V1.15.1/Drivers/CMSIS/Device/ST/STM32L4xx/Include -I../Core/Inc -I/home/jasonau/STM32Cube/Repository/STM32Cube_FW_L4_V1.15.1/Middlewares/Third_Party/FreeRTOS/Source/include -I/home/jasonau/STM32Cube/Repository/STM32Cube_FW_L4_V1.15.1/Middlewares/Third_Party/FreeRTOS/Source/CMSIS_RTOS_V2 -I/home/jasonau/STM32Cube/Repository/STM32Cube_FW_L4_V1.15.1/Drivers/STM32L4xx_HAL_Driver/Inc -I/home/jasonau/STM32Cube/Repository/STM32Cube_FW_L4_V1.15.1/Drivers/STM32L4xx_HAL_Driver/Inc/Legacy -I/home/jasonau/STM32Cube/Repository/STM32Cube_FW_L4_V1.15.1/Middlewares/Third_Party/FreeRTOS/Source/portable/GCC/ARM_CM4F -I/home/jasonau/STM32Cube/Repository/STM32Cube_FW_L4_V1.15.1/Drivers/CMSIS/Include -O0 -ffunction-sections -fdata-sections -Wall -fstack-usage -MMD -MP -MF"Drivers/STM32L4xx_HAL_Driver/stm32l4xx_hal_uart.d" -MT"Drivers/STM32L4xx_HAL_Driver/stm32l4xx_hal_uart.o" --specs=nano.specs -mfpu=fpv4-sp-d16 -mfloat-abi=hard -mthumb -o "Drivers/STM32L4xx_HAL_Driver/stm32l4xx_hal_uart.o"
arm-none-eabi-gcc "/home/jasonau/STM32Cube/Repository/STM32Cube_FW_L4_V1.15.1/Drivers/STM32L4xx_HAL_Driver/Src/stm32l4xx_hal_uart_ex.c" -mcpu=cortex-m4 -std=gnu11 -g3 -DUSE_HAL_DRIVER -DSTM32L476xx -DDEBUG -c -I/home/jasonau/STM32Cube/Repository/STM32Cube_FW_L4_V1.15.1/Drivers/CMSIS/Device/ST/STM32L4xx/Include -I../Core/Inc -I/home/jasonau/STM32Cube/Repository/STM32Cube_FW_L4_V1.15.1/Middlewares/Third_Party/FreeRTOS/Source/include -I/home/jasonau/STM32Cube/Repository/STM32Cube_FW_L4_V1.15.1/Middlewares/Third_Party/FreeRTOS/Source/CMSIS_RTOS_V2 -I/home/jasonau/STM32Cube/Repository/STM32Cube_FW_L4_V1.15.1/Drivers/STM32L4xx_HAL_Driver/Inc -I/home/jasonau/STM32Cube/Repository/STM32Cube_FW_L4_V1.15.1/Drivers/STM32L4xx_HAL_Driver/Inc/Legacy -I/home/jasonau/STM32Cube/Repository/STM32Cube_FW_L4_V1.15.1/Middlewares/Third_Party/FreeRTOS/Source/portable/GCC/ARM_CM4F -I/home/jasonau/STM32Cube/Repository/STM32Cube_FW_L4_V1.15.1/Drivers/CMSIS/Include -O0 -ffunction-sections -fdata-sections -Wall -fstack-usage -MMD -MP -MF"Drivers/STM32L4xx_HAL_Driver/stm32l4xx_hal_uart_ex.d" -MT"Drivers/STM32L4xx_HAL_Driver/stm32l4xx_hal_uart_ex.o" --specs=nano.specs -mfpu=fpv4-sp-d16 -mfloat-abi=hard -mthumb -o "Drivers/STM32L4xx_HAL_Driver/stm32l4xx_hal_uart_ex.o"
arm-none-eabi-gcc -mcpu=cortex-m4 -g3 -c -x assembler-with-cpp --specs=nano.specs -mfpu=fpv4-sp-d16 -mfloat-abi=hard -mthumb -o "Core/Startup/startup_stm32l476vgtx.o" "../Core/Startup/startup_stm32l476vgtx.s"
arm-none-eabi-gcc "../Core/Src/freertos.c" -mcpu=cortex-m4 -std=gnu11 -g3 -DUSE_HAL_DRIVER -DSTM32L476xx -DDEBUG -c -I/home/jasonau/STM32Cube/Repository/STM32Cube_FW_L4_V1.15.1/Drivers/CMSIS/Device/ST/STM32L4xx/Include -I../Core/Inc -I/home/jasonau/STM32Cube/Repository/STM32Cube_FW_L4_V1.15.1/Middlewares/Third_Party/FreeRTOS/Source/include -I/home/jasonau/STM32Cube/Repository/STM32Cube_FW_L4_V1.15.1/Middlewares/Third_Party/FreeRTOS/Source/CMSIS_RTOS_V2 -I/home/jasonau/STM32Cube/Repository/STM32Cube_FW_L4_V1.15.1/Drivers/STM32L4xx_HAL_Driver/Inc -I/home/jasonau/STM32Cube/Repository/STM32Cube_FW_L4_V1.15.1/Drivers/STM32L4xx_HAL_Driver/Inc/Legacy -I/home/jasonau/STM32Cube/Repository/STM32Cube_FW_L4_V1.15.1/Middlewares/Third_Party/FreeRTOS/Source/portable/GCC/ARM_CM4F -I/home/jasonau/STM32Cube/Repository/STM32Cube_FW_L4_V1.15.1/Drivers/CMSIS/Include -O0 -ffunction-sections -fdata-sections -Wall -fstack-usage -MMD -MP -MF"Core/Src/freertos.d" -MT"Core/Src/freertos.o" --specs=nano.specs -mfpu=fpv4-sp-d16 -mfloat-abi=hard -mthumb -o "Core/Src/freertos.o"
arm-none-eabi-gcc "../Core/Src/main.c" -mcpu=cortex-m4 -std=gnu11 -g3 -DUSE_HAL_DRIVER -DSTM32L476xx -DDEBUG -c -I/home/jasonau/STM32Cube/Repository/STM32Cube_FW_L4_V1.15.1/Drivers/CMSIS/Device/ST/STM32L4xx/Include -I../Core/Inc -I/home/jasonau/STM32Cube/Repository/STM32Cube_FW_L4_V1.15.1/Middlewares/Third_Party/FreeRTOS/Source/include -I/home/jasonau/STM32Cube/Repository/STM32Cube_FW_L4_V1.15.1/Middlewares/Third_Party/FreeRTOS/Source/CMSIS_RTOS_V2 -I/home/jasonau/STM32Cube/Repository/STM32Cube_FW_L4_V1.15.1/Drivers/STM32L4xx_HAL_Driver/Inc -I/home/jasonau/STM32Cube/Repository/STM32Cube_FW_L4_V1.15.1/Drivers/STM32L4xx_HAL_Driver/Inc/Legacy -I/home/jasonau/STM32Cube/Repository/STM32Cube_FW_L4_V1.15.1/Middlewares/Third_Party/FreeRTOS/Source/portable/GCC/ARM_CM4F -I/home/jasonau/STM32Cube/Repository/STM32Cube_FW_L4_V1.15.1/Drivers/CMSIS/Include -O0 -ffunction-sections -fdata-sections -Wall -fstack-usage -MMD -MP -MF"Core/Src/main.d" -MT"Core/Src/main.o" --specs=nano.specs -mfpu=fpv4-sp-d16 -mfloat-abi=hard -mthumb -o "Core/Src/main.o"
arm-none-eabi-gcc "../Core/Src/stm32l4xx_hal_msp.c" -mcpu=cortex-m4 -std=gnu11 -g3 -DUSE_HAL_DRIVER -DSTM32L476xx -DDEBUG -c -I/home/jasonau/STM32Cube/Repository/STM32Cube_FW_L4_V1.15.1/Drivers/CMSIS/Device/ST/STM32L4xx/Include -I../Core/Inc -I/home/jasonau/STM32Cube/Repository/STM32Cube_FW_L4_V1.15.1/Middlewares/Third_Party/FreeRTOS/Source/include -I/home/jasonau/STM32Cube/Repository/STM32Cube_FW_L4_V1.15.1/Middlewares/Third_Party/FreeRTOS/Source/CMSIS_RTOS_V2 -I/home/jasonau/STM32Cube/Repository/STM32Cube_FW_L4_V1.15.1/Drivers/STM32L4xx_HAL_Driver/Inc -I/home/jasonau/STM32Cube/Repository/STM32Cube_FW_L4_V1.15.1/Drivers/STM32L4xx_HAL_Driver/Inc/Legacy -I/home/jasonau/STM32Cube/Repository/STM32Cube_FW_L4_V1.15.1/Middlewares/Third_Party/FreeRTOS/Source/portable/GCC/ARM_CM4F -I/home/jasonau/STM32Cube/Repository/STM32Cube_FW_L4_V1.15.1/Drivers/CMSIS/Include -O0 -ffunction-sections -fdata-sections -Wall -fstack-usage -MMD -MP -MF"Core/Src/stm32l4xx_hal_msp.d" -MT"Core/Src/stm32l4xx_hal_msp.o" --specs=nano.specs -mfpu=fpv4-sp-d16 -mfloat-abi=hard -mthumb -o "Core/Src/stm32l4xx_hal_msp.o"
arm-none-eabi-gcc "../Core/Src/stm32l4xx_hal_timebase_tim.c" -mcpu=cortex-m4 -std=gnu11 -g3 -DUSE_HAL_DRIVER -DSTM32L476xx -DDEBUG -c -I/home/jasonau/STM32Cube/Repository/STM32Cube_FW_L4_V1.15.1/Drivers/CMSIS/Device/ST/STM32L4xx/Include -I../Core/Inc -I/home/jasonau/STM32Cube/Repository/STM32Cube_FW_L4_V1.15.1/Middlewares/Third_Party/FreeRTOS/Source/include -I/home/jasonau/STM32Cube/Repository/STM32Cube_FW_L4_V1.15.1/Middlewares/Third_Party/FreeRTOS/Source/CMSIS_RTOS_V2 -I/home/jasonau/STM32Cube/Repository/STM32Cube_FW_L4_V1.15.1/Drivers/STM32L4xx_HAL_Driver/Inc -I/home/jasonau/STM32Cube/Repository/STM32Cube_FW_L4_V1.15.1/Drivers/STM32L4xx_HAL_Driver/Inc/Legacy -I/home/jasonau/STM32Cube/Repository/STM32Cube_FW_L4_V1.15.1/Middlewares/Third_Party/FreeRTOS/Source/portable/GCC/ARM_CM4F -I/home/jasonau/STM32Cube/Repository/STM32Cube_FW_L4_V1.15.1/Drivers/CMSIS/Include -O0 -ffunction-sections -fdata-sections -Wall -fstack-usage -MMD -MP -MF"Core/Src/stm32l4xx_hal_timebase_tim.d" -MT"Core/Src/stm32l4xx_hal_timebase_tim.o" --specs=nano.specs -mfpu=fpv4-sp-d16 -mfloat-abi=hard -mthumb -o "Core/Src/stm32l4xx_hal_timebase_tim.o"
arm-none-eabi-gcc "../Core/Src/stm32l4xx_it.c" -mcpu=cortex-m4 -std=gnu11 -g3 -DUSE_HAL_DRIVER -DSTM32L476xx -DDEBUG -c -I/home/jasonau/STM32Cube/Repository/STM32Cube_FW_L4_V1.15.1/Drivers/CMSIS/Device/ST/STM32L4xx/Include -I../Core/Inc -I/home/jasonau/STM32Cube/Repository/STM32Cube_FW_L4_V1.15.1/Middlewares/Third_Party/FreeRTOS/Source/include -I/home/jasonau/STM32Cube/Repository/STM32Cube_FW_L4_V1.15.1/Middlewares/Third_Party/FreeRTOS/Source/CMSIS_RTOS_V2 -I/home/jasonau/STM32Cube/Repository/STM32Cube_FW_L4_V1.15.1/Drivers/STM32L4xx_HAL_Driver/Inc -I/home/jasonau/STM32Cube/Repository/STM32Cube_FW_L4_V1.15.1/Drivers/STM32L4xx_HAL_Driver/Inc/Legacy -I/home/jasonau/STM32Cube/Repository/STM32Cube_FW_L4_V1.15.1/Middlewares/Third_Party/FreeRTOS/Source/portable/GCC/ARM_CM4F -I/home/jasonau/STM32Cube/Repository/STM32Cube_FW_L4_V1.15.1/Drivers/CMSIS/Include -O0 -ffunction-sections -fdata-sections -Wall -fstack-usage -MMD -MP -MF"Core/Src/stm32l4xx_it.d" -MT"Core/Src/stm32l4xx_it.o" --specs=nano.specs -mfpu=fpv4-sp-d16 -mfloat-abi=hard -mthumb -o "Core/Src/stm32l4xx_it.o"
arm-none-eabi-gcc "../Core/Src/syscalls.c" -mcpu=cortex-m4 -std=gnu11 -g3 -DUSE_HAL_DRIVER -DSTM32L476xx -DDEBUG -c -I/home/jasonau/STM32Cube/Repository/STM32Cube_FW_L4_V1.15.1/Drivers/CMSIS/Device/ST/STM32L4xx/Include -I../Core/Inc -I/home/jasonau/STM32Cube/Repository/STM32Cube_FW_L4_V1.15.1/Middlewares/Third_Party/FreeRTOS/Source/include -I/home/jasonau/STM32Cube/Repository/STM32Cube_FW_L4_V1.15.1/Middlewares/Third_Party/FreeRTOS/Source/CMSIS_RTOS_V2 -I/home/jasonau/STM32Cube/Repository/STM32Cube_FW_L4_V1.15.1/Drivers/STM32L4xx_HAL_Driver/Inc -I/home/jasonau/STM32Cube/Repository/STM32Cube_FW_L4_V1.15.1/Drivers/STM32L4xx_HAL_Driver/Inc/Legacy -I/home/jasonau/STM32Cube/Repository/STM32Cube_FW_L4_V1.15.1/Middlewares/Third_Party/FreeRTOS/Source/portable/GCC/ARM_CM4F -I/home/jasonau/STM32Cube/Repository/STM32Cube_FW_L4_V1.15.1/Drivers/CMSIS/Include -O0 -ffunction-sections -fdata-sections -Wall -fstack-usage -MMD -MP -MF"Core/Src/syscalls.d" -MT"Core/Src/syscalls.o" --specs=nano.specs -mfpu=fpv4-sp-d16 -mfloat-abi=hard -mthumb -o "Core/Src/syscalls.o"
arm-none-eabi-gcc "../Core/Src/sysmem.c" -mcpu=cortex-m4 -std=gnu11 -g3 -DUSE_HAL_DRIVER -DSTM32L476xx -DDEBUG -c -I/home/jasonau/STM32Cube/Repository/STM32Cube_FW_L4_V1.15.1/Drivers/CMSIS/Device/ST/STM32L4xx/Include -I../Core/Inc -I/home/jasonau/STM32Cube/Repository/STM32Cube_FW_L4_V1.15.1/Middlewares/Third_Party/FreeRTOS/Source/include -I/home/jasonau/STM32Cube/Repository/STM32Cube_FW_L4_V1.15.1/Middlewares/Third_Party/FreeRTOS/Source/CMSIS_RTOS_V2 -I/home/jasonau/STM32Cube/Repository/STM32Cube_FW_L4_V1.15.1/Drivers/STM32L4xx_HAL_Driver/Inc -I/home/jasonau/STM32Cube/Repository/STM32Cube_FW_L4_V1.15.1/Drivers/STM32L4xx_HAL_Driver/Inc/Legacy -I/home/jasonau/STM32Cube/Repository/STM32Cube_FW_L4_V1.15.1/Middlewares/Third_Party/FreeRTOS/Source/portable/GCC/ARM_CM4F -I/home/jasonau/STM32Cube/Repository/STM32Cube_FW_L4_V1.15.1/Drivers/CMSIS/Include -O0 -ffunction-sections -fdata-sections -Wall -fstack-usage -MMD -MP -MF"Core/Src/sysmem.d" -MT"Core/Src/sysmem.o" --specs=nano.specs -mfpu=fpv4-sp-d16 -mfloat-abi=hard -mthumb -o "Core/Src/sysmem.o"
arm-none-eabi-gcc "../Core/Src/system_stm32l4xx.c" -mcpu=cortex-m4 -std=gnu11 -g3 -DUSE_HAL_DRIVER -DSTM32L476xx -DDEBUG -c -I/home/jasonau/STM32Cube/Repository/STM32Cube_FW_L4_V1.15.1/Drivers/CMSIS/Device/ST/STM32L4xx/Include -I../Core/Inc -I/home/jasonau/STM32Cube/Repository/STM32Cube_FW_L4_V1.15.1/Middlewares/Third_Party/FreeRTOS/Source/include -I/home/jasonau/STM32Cube/Repository/STM32Cube_FW_L4_V1.15.1/Middlewares/Third_Party/FreeRTOS/Source/CMSIS_RTOS_V2 -I/home/jasonau/STM32Cube/Repository/STM32Cube_FW_L4_V1.15.1/Drivers/STM32L4xx_HAL_Driver/Inc -I/home/jasonau/STM32Cube/Repository/STM32Cube_FW_L4_V1.15.1/Drivers/STM32L4xx_HAL_Driver/Inc/Legacy -I/home/jasonau/STM32Cube/Repository/STM32Cube_FW_L4_V1.15.1/Middlewares/Third_Party/FreeRTOS/Source/portable/GCC/ARM_CM4F -I/home/jasonau/STM32Cube/Repository/STM32Cube_FW_L4_V1.15.1/Drivers/CMSIS/Include -O0 -ffunction-sections -fdata-sections -Wall -fstack-usage -MMD -MP -MF"Core/Src/system_stm32l4xx.d" -MT"Core/Src/system_stm32l4xx.o" --specs=nano.specs -mfpu=fpv4-sp-d16 -mfloat-abi=hard -mthumb -o "Core/Src/system_stm32l4xx.o"
../Core/Src/main.c: In function 'main':
../Core/Src/main.c:145:12: warning: pointer targets in passing argument 1 of 'sprintf' differ in signedness [-Wpointer-sign]
    sprintf(buffer,"Hello World\r\n");
            ^~~~~~
In file included from ../Core/Src/main.c:27:0:
/opt/st/stm32cubeide_1.3.0/plugins/com.st.stm32cube.ide.mcu.externaltools.gnu-tools-for-stm32.7-2018-q2-update.linux64_1.0.0.201904181610/tools/arm-none-eabi/include/stdio.h:244:5: note: expected 'char * restrict' but argument is of type 'uint8_t * {aka unsigned char *}'
 int sprintf (char *__restrict, const char *__restrict, ...)
     ^~~~~~~
../Core/Src/main.c:146:4: warning: implicit declaration of function 'HAL_UART_TRANSMIT'; did you mean 'HAL_UART_Abort_IT'? [-Wimplicit-function-declaration]
    HAL_UART_TRANSMIT(&huart2, buffer, strlen((char*)buffer), HAL_MAX_DELAY);
    ^~~~~~~~~~~~~~~~~
    HAL_UART_Abort_IT
arm-none-eabi-gcc -o "project5_game.elf" @"objects.list"   -mcpu=cortex-m4 -T"/home/jasonau/Courses/rtes/project_5_game/project5_game/STM32L476VGTX_FLASH.ld" --specs=nosys.specs -Wl,-Map="project5_game.map" -Wl,--gc-sections -static --specs=nano.specs -mfpu=fpv4-sp-d16 -mfloat-abi=hard -mthumb -Wl,--start-group -lc -lm -Wl,--end-group
Core/Src/main.o: In function `main':
/home/jasonau/Courses/rtes/project_5_game/project5_game/Debug/../Core/Src/main.c:146: undefined reference to `HAL_UART_TRANSMIT'
collect2: error: ld returned 1 exit status
make: *** [makefile:45: project5_game.elf] Error 1
"make -j16 all" terminated with exit code 2. Build might be incomplete.
18:08:05 **** Incremental Build of configuration Debug for project project5_game ****
make -j16 all 
arm-none-eabi-gcc "/home/jasonau/STM32Cube/Repository/STM32Cube_FW_L4_V1.15.1/Middlewares/Third_Party/FreeRTOS/Source/CMSIS_RTOS_V2/cmsis_os2.c" -mcpu=cortex-m4 -std=gnu11 -g3 -DUSE_HAL_DRIVER -DSTM32L476xx -DDEBUG -c -I/home/jasonau/STM32Cube/Repository/STM32Cube_FW_L4_V1.15.1/Drivers/CMSIS/Device/ST/STM32L4xx/Include -I../Core/Inc -I/home/jasonau/STM32Cube/Repository/STM32Cube_FW_L4_V1.15.1/Middlewares/Third_Party/FreeRTOS/Source/include -I/home/jasonau/STM32Cube/Repository/STM32Cube_FW_L4_V1.15.1/Middlewares/Third_Party/FreeRTOS/Source/CMSIS_RTOS_V2 -I/home/jasonau/STM32Cube/Repository/STM32Cube_FW_L4_V1.15.1/Drivers/STM32L4xx_HAL_Driver/Inc -I/home/jasonau/STM32Cube/Repository/STM32Cube_FW_L4_V1.15.1/Drivers/STM32L4xx_HAL_Driver/Inc/Legacy -I/home/jasonau/STM32Cube/Repository/STM32Cube_FW_L4_V1.15.1/Middlewares/Third_Party/FreeRTOS/Source/portable/GCC/ARM_CM4F -I/home/jasonau/STM32Cube/Repository/STM32Cube_FW_L4_V1.15.1/Drivers/CMSIS/Include -O0 -ffunction-sections -fdata-sections -Wall -fstack-usage -MMD -MP -MF"Middlewares/FreeRTOS/cmsis_os2.d" -MT"Middlewares/FreeRTOS/cmsis_os2.o" --specs=nano.specs -mfpu=fpv4-sp-d16 -mfloat-abi=hard -mthumb -o "Middlewares/FreeRTOS/cmsis_os2.o"
arm-none-eabi-gcc "/home/jasonau/STM32Cube/Repository/STM32Cube_FW_L4_V1.15.1/Middlewares/Third_Party/FreeRTOS/Source/croutine.c" -mcpu=cortex-m4 -std=gnu11 -g3 -DUSE_HAL_DRIVER -DSTM32L476xx -DDEBUG -c -I/home/jasonau/STM32Cube/Repository/STM32Cube_FW_L4_V1.15.1/Drivers/CMSIS/Device/ST/STM32L4xx/Include -I../Core/Inc -I/home/jasonau/STM32Cube/Repository/STM32Cube_FW_L4_V1.15.1/Middlewares/Third_Party/FreeRTOS/Source/include -I/home/jasonau/STM32Cube/Repository/STM32Cube_FW_L4_V1.15.1/Middlewares/Third_Party/FreeRTOS/Source/CMSIS_RTOS_V2 -I/home/jasonau/STM32Cube/Repository/STM32Cube_FW_L4_V1.15.1/Drivers/STM32L4xx_HAL_Driver/Inc -I/home/jasonau/STM32Cube/Repository/STM32Cube_FW_L4_V1.15.1/Drivers/STM32L4xx_HAL_Driver/Inc/Legacy -I/home/jasonau/STM32Cube/Repository/STM32Cube_FW_L4_V1.15.1/Middlewares/Third_Party/FreeRTOS/Source/portable/GCC/ARM_CM4F -I/home/jasonau/STM32Cube/Repository/STM32Cube_FW_L4_V1.15.1/Drivers/CMSIS/Include -O0 -ffunction-sections -fdata-sections -Wall -fstack-usage -MMD -MP -MF"Middlewares/FreeRTOS/croutine.d" -MT"Middlewares/FreeRTOS/croutine.o" --specs=nano.specs -mfpu=fpv4-sp-d16 -mfloat-abi=hard -mthumb -o "Middlewares/FreeRTOS/croutine.o"
arm-none-eabi-gcc "/home/jasonau/STM32Cube/Repository/STM32Cube_FW_L4_V1.15.1/Middlewares/Third_Party/FreeRTOS/Source/event_groups.c" -mcpu=cortex-m4 -std=gnu11 -g3 -DUSE_HAL_DRIVER -DSTM32L476xx -DDEBUG -c -I/home/jasonau/STM32Cube/Repository/STM32Cube_FW_L4_V1.15.1/Drivers/CMSIS/Device/ST/STM32L4xx/Include -I../Core/Inc -I/home/jasonau/STM32Cube/Repository/STM32Cube_FW_L4_V1.15.1/Middlewares/Third_Party/FreeRTOS/Source/include -I/home/jasonau/STM32Cube/Repository/STM32Cube_FW_L4_V1.15.1/Middlewares/Third_Party/FreeRTOS/Source/CMSIS_RTOS_V2 -I/home/jasonau/STM32Cube/Repository/STM32Cube_FW_L4_V1.15.1/Drivers/STM32L4xx_HAL_Driver/Inc -I/home/jasonau/STM32Cube/Repository/STM32Cube_FW_L4_V1.15.1/Drivers/STM32L4xx_HAL_Driver/Inc/Legacy -I/home/jasonau/STM32Cube/Repository/STM32Cube_FW_L4_V1.15.1/Middlewares/Third_Party/FreeRTOS/Source/portable/GCC/ARM_CM4F -I/home/jasonau/STM32Cube/Repository/STM32Cube_FW_L4_V1.15.1/Drivers/CMSIS/Include -O0 -ffunction-sections -fdata-sections -Wall -fstack-usage -MMD -MP -MF"Middlewares/FreeRTOS/event_groups.d" -MT"Middlewares/FreeRTOS/event_groups.o" --specs=nano.specs -mfpu=fpv4-sp-d16 -mfloat-abi=hard -mthumb -o "Middlewares/FreeRTOS/event_groups.o"
arm-none-eabi-gcc "/home/jasonau/STM32Cube/Repository/STM32Cube_FW_L4_V1.15.1/Middlewares/Third_Party/FreeRTOS/Source/portable/MemMang/heap_4.c" -mcpu=cortex-m4 -std=gnu11 -g3 -DUSE_HAL_DRIVER -DSTM32L476xx -DDEBUG -c -I/home/jasonau/STM32Cube/Repository/STM32Cube_FW_L4_V1.15.1/Drivers/CMSIS/Device/ST/STM32L4xx/Include -I../Core/Inc -I/home/jasonau/STM32Cube/Repository/STM32Cube_FW_L4_V1.15.1/Middlewares/Third_Party/FreeRTOS/Source/include -I/home/jasonau/STM32Cube/Repository/STM32Cube_FW_L4_V1.15.1/Middlewares/Third_Party/FreeRTOS/Source/CMSIS_RTOS_V2 -I/home/jasonau/STM32Cube/Repository/STM32Cube_FW_L4_V1.15.1/Drivers/STM32L4xx_HAL_Driver/Inc -I/home/jasonau/STM32Cube/Repository/STM32Cube_FW_L4_V1.15.1/Drivers/STM32L4xx_HAL_Driver/Inc/Legacy -I/home/jasonau/STM32Cube/Repository/STM32Cube_FW_L4_V1.15.1/Middlewares/Third_Party/FreeRTOS/Source/portable/GCC/ARM_CM4F -I/home/jasonau/STM32Cube/Repository/STM32Cube_FW_L4_V1.15.1/Drivers/CMSIS/Include -O0 -ffunction-sections -fdata-sections -Wall -fstack-usage -MMD -MP -MF"Middlewares/FreeRTOS/heap_4.d" -MT"Middlewares/FreeRTOS/heap_4.o" --specs=nano.specs -mfpu=fpv4-sp-d16 -mfloat-abi=hard -mthumb -o "Middlewares/FreeRTOS/heap_4.o"
[...]
arm-none-eabi-gcc "/home/jasonau/STM32Cube/Repository/STM32Cube_FW_L4_V1.15.1/Drivers/STM32L4xx_HAL_Driver/Src/stm32l4xx_hal_i2c_ex.c" -mcpu=cortex-m4 -std=gnu11 -g3 -DUSE_HAL_DRIVER -DSTM32L476xx -DDEBUG -c -I/home/jasonau/STM32Cube/Repository/STM32Cube_FW_L4_V1.15.1/Drivers/CMSIS/Device/ST/STM32L4xx/Include -I../Core/Inc -I/home/jasonau/STM32Cube/Repository/STM32Cube_FW_L4_V1.15.1/Middlewares/Third_Party/FreeRTOS/Source/include -I/home/jasonau/STM32Cube/Repository/STM32Cube_FW_L4_V1.15.1/Middlewares/Third_Party/FreeRTOS/Source/CMSIS_RTOS_V2 -I/home/jasonau/STM32Cube/Repository/STM32Cube_FW_L4_V1.15.1/Drivers/STM32L4xx_HAL_Driver/Inc -I/home/jasonau/STM32Cube/Repository/STM32Cube_FW_L4_V1.15.1/Drivers/STM32L4xx_HAL_Driver/Inc/Legacy -I/home/jasonau/STM32Cube/Repository/STM32Cube_FW_L4_V1.15.1/Middlewares/Third_Party/FreeRTOS/Source/portable/GCC/ARM_CM4F -I/home/jasonau/STM32Cube/Repository/STM32Cube_FW_L4_V1.15.1/Drivers/CMSIS/Include -O0 -ffunction-sections -fdata-sections -Wall -fstack-usage -MMD -MP -MF"Drivers/STM32L4xx_HAL_Driver/stm32l4xx_hal_i2c_ex.d" -MT"Drivers/STM32L4xx_HAL_Driver/stm32l4xx_hal_i2c_ex.o" --specs=nano.specs -mfpu=fpv4-sp-d16 -mfloat-abi=hard -mthumb -o "Drivers/STM32L4xx_HAL_Driver/stm32l4xx_hal_i2c_ex.o"
arm-none-eabi-gcc "/home/jasonau/STM32Cube/Repository/STM32Cube_FW_L4_V1.15.1/Drivers/STM32L4xx_HAL_Driver/Src/stm32l4xx_hal_pwr.c" -mcpu=cortex-m4 -std=gnu11 -g3 -DUSE_HAL_DRIVER -DSTM32L476xx -DDEBUG -c -I/home/jasonau/STM32Cube/Repository/STM32Cube_FW_L4_V1.15.1/Drivers/CMSIS/Device/ST/STM32L4xx/Include -I../Core/Inc -I/home/jasonau/STM32Cube/Repository/STM32Cube_FW_L4_V1.15.1/Middlewares/Third_Party/FreeRTOS/Source/include -I/home/jasonau/STM32Cube/Repository/STM32Cube_FW_L4_V1.15.1/Middlewares/Third_Party/FreeRTOS/Source/CMSIS_RTOS_V2 -I/home/jasonau/STM32Cube/Repository/STM32Cube_FW_L4_V1.15.1/Drivers/STM32L4xx_HAL_Driver/Inc -I/home/jasonau/STM32Cube/Repository/STM32Cube_FW_L4_V1.15.1/Drivers/STM32L4xx_HAL_Driver/Inc/Legacy -I/home/jasonau/STM32Cube/Repository/STM32Cube_FW_L4_V1.15.1/Middlewares/Third_Party/FreeRTOS/Source/portable/GCC/ARM_CM4F -I/home/jasonau/STM32Cube/Repository/STM32Cube_FW_L4_V1.15.1/Drivers/CMSIS/Include -O0 -ffunction-sections -fdata-sections -Wall -fstack-usage -MMD -MP -MF"Drivers/STM32L4xx_HAL_Driver/stm32l4xx_hal_pwr.d" -MT"Drivers/STM32L4xx_HAL_Driver/stm32l4xx_hal_pwr.o" --specs=nano.specs -mfpu=fpv4-sp-d16 -mfloat-abi=hard -mthumb -o "Drivers/STM32L4xx_HAL_Driver/stm32l4xx_hal_pwr.o"
arm-none-eabi-gcc "/home/jasonau/STM32Cube/Repository/STM32Cube_FW_L4_V1.15.1/Drivers/STM32L4xx_HAL_Driver/Src/stm32l4xx_hal_pwr_ex.c" -mcpu=cortex-m4 -std=gnu11 -g3 -DUSE_HAL_DRIVER -DSTM32L476xx -DDEBUG -c -I/home/jasonau/STM32Cube/Repository/STM32Cube_FW_L4_V1.15.1/Drivers/CMSIS/Device/ST/STM32L4xx/Include -I../Core/Inc -I/home/jasonau/STM32Cube/Repository/STM32Cube_FW_L4_V1.15.1/Middlewares/Third_Party/FreeRTOS/Source/include -I/home/jasonau/STM32Cube/Repository/STM32Cube_FW_L4_V1.15.1/Middlewares/Third_Party/FreeRTOS/Source/CMSIS_RTOS_V2 -I/home/jasonau/STM32Cube/Repository/STM32Cube_FW_L4_V1.15.1/Drivers/STM32L4xx_HAL_Driver/Inc -I/home/jasonau/STM32Cube/Repository/STM32Cube_FW_L4_V1.15.1/Drivers/STM32L4xx_HAL_Driver/Inc/Legacy -I/home/jasonau/STM32Cube/Repository/STM32Cube_FW_L4_V1.15.1/Middlewares/Third_Party/FreeRTOS/Source/portable/GCC/ARM_CM4F -I/home/jasonau/STM32Cube/Repository/STM32Cube_FW_L4_V1.15.1/Drivers/CMSIS/Include -O0 -ffunction-sections -fdata-sections -Wall -fstack-usage -MMD -MP -MF"Drivers/STM32L4xx_HAL_Driver/stm32l4xx_hal_pwr_ex.d" -MT"Drivers/STM32L4xx_HAL_Driver/stm32l4xx_hal_pwr_ex.o" --specs=nano.specs -mfpu=fpv4-sp-d16 -mfloat-abi=hard -mthumb -o "Drivers/STM32L4xx_HAL_Driver/stm32l4xx_hal_pwr_ex.o"
arm-none-eabi-gcc "/home/jasonau/STM32Cube/Repository/STM32Cube_FW_L4_V1.15.1/Drivers/STM32L4xx_HAL_Driver/Src/stm32l4xx_hal_rcc.c" -mcpu=cortex-m4 -std=gnu11 -g3 -DUSE_HAL_DRIVER -DSTM32L476xx -DDEBUG -c -I/home/jasonau/STM32Cube/Repository/STM32Cube_FW_L4_V1.15.1/Drivers/CMSIS/Device/ST/STM32L4xx/Include -I../Core/Inc -I/home/jasonau/STM32Cube/Repository/STM32Cube_FW_L4_V1.15.1/Middlewares/Third_Party/FreeRTOS/Source/include -I/home/jasonau/STM32Cube/Repository/STM32Cube_FW_L4_V1.15.1/Middlewares/Third_Party/FreeRTOS/Source/CMSIS_RTOS_V2 -I/home/jasonau/STM32Cube/Repository/STM32Cube_FW_L4_V1.15.1/Drivers/STM32L4xx_HAL_Driver/Inc -I/home/jasonau/STM32Cube/Repository/STM32Cube_FW_L4_V1.15.1/Drivers/STM32L4xx_HAL_Driver/Inc/Legacy -I/home/jasonau/STM32Cube/Repository/STM32Cube_FW_L4_V1.15.1/Middlewares/Third_Party/FreeRTOS/Source/portable/GCC/ARM_CM4F -I/home/jasonau/STM32Cube/Repository/STM32Cube_FW_L4_V1.15.1/Drivers/CMSIS/Include -O0 -ffunction-sections -fdata-sections -Wall -fstack-usage -MMD -MP -MF"Drivers/STM32L4xx_HAL_Driver/stm32l4xx_hal_rcc.d" -MT"Drivers/STM32L4xx_HAL_Driver/stm32l4xx_hal_rcc.o" --specs=nano.specs -mfpu=fpv4-sp-d16 -mfloat-abi=hard -mthumb -o "Drivers/STM32L4xx_HAL_Driver/stm32l4xx_hal_rcc.o"
arm-none-eabi-gcc "/home/jasonau/STM32Cube/Repository/STM32Cube_FW_L4_V1.15.1/Drivers/STM32L4xx_HAL_Driver/Src/stm32l4xx_hal_rcc_ex.c" -mcpu=cortex-m4 -std=gnu11 -g3 -DUSE_HAL_DRIVER -DSTM32L476xx -DDEBUG -c -I/home/jasonau/STM32Cube/Repository/STM32Cube_FW_L4_V1.15.1/Drivers/CMSIS/Device/ST/STM32L4xx/Include -I../Core/Inc -I/home/jasonau/STM32Cube/Repository/STM32Cube_FW_L4_V1.15.1/Middlewares/Third_Party/FreeRTOS/Source/include -I/home/jasonau/STM32Cube/Repository/STM32Cube_FW_L4_V1.15.1/Middlewares/Third_Party/FreeRTOS/Source/CMSIS_RTOS_V2 -I/home/jasonau/STM32Cube/Repository/STM32Cube_FW_L4_V1.15.1/Drivers/STM32L4xx_HAL_Driver/Inc -I/home/jasonau/STM32Cube/Repository/STM32Cube_FW_L4_V1.15.1/Drivers/STM32L4xx_HAL_Driver/Inc/Legacy -I/home/jasonau/STM32Cube/Repository/STM32Cube_FW_L4_V1.15.1/Middlewares/Third_Party/FreeRTOS/Source/portable/GCC/ARM_CM4F -I/home/jasonau/STM32Cube/Repository/STM32Cube_FW_L4_V1.15.1/Drivers/CMSIS/Include -O0 -ffunction-sections -fdata-sections -Wall -fstack-usage -MMD -MP -MF"Drivers/STM32L4xx_HAL_Driver/stm32l4xx_hal_rcc_ex.d" -MT"Drivers/STM32L4xx_HAL_Driver/stm32l4xx_hal_rcc_ex.o" --specs=nano.specs -mfpu=fpv4-sp-d16 -mfloat-abi=hard -mthumb -o "Drivers/STM32L4xx_HAL_Driver/stm32l4xx_hal_rcc_ex.o"
arm-none-eabi-gcc "/home/jasonau/STM32Cube/Repository/STM32Cube_FW_L4_V1.15.1/Drivers/STM32L4xx_HAL_Driver/Src/stm32l4xx_hal_tim.c" -mcpu=cortex-m4 -std=gnu11 -g3 -DUSE_HAL_DRIVER -DSTM32L476xx -DDEBUG -c -I/home/jasonau/STM32Cube/Repository/STM32Cube_FW_L4_V1.15.1/Drivers/CMSIS/Device/ST/STM32L4xx/Include -I../Core/Inc -I/home/jasonau/STM32Cube/Repository/STM32Cube_FW_L4_V1.15.1/Middlewares/Third_Party/FreeRTOS/Source/include -I/home/jasonau/STM32Cube/Repository/STM32Cube_FW_L4_V1.15.1/Middlewares/Third_Party/FreeRTOS/Source/CMSIS_RTOS_V2 -I/home/jasonau/STM32Cube/Repository/STM32Cube_FW_L4_V1.15.1/Drivers/STM32L4xx_HAL_Driver/Inc -I/home/jasonau/STM32Cube/Repository/STM32Cube_FW_L4_V1.15.1/Drivers/STM32L4xx_HAL_Driver/Inc/Legacy -I/home/jasonau/STM32Cube/Repository/STM32Cube_FW_L4_V1.15.1/Middlewares/Third_Party/FreeRTOS/Source/portable/GCC/ARM_CM4F -I/home/jasonau/STM32Cube/Repository/STM32Cube_FW_L4_V1.15.1/Drivers/CMSIS/Include -O0 -ffunction-sections -fdata-sections -Wall -fstack-usage -MMD -MP -MF"Drivers/STM32L4xx_HAL_Driver/stm32l4xx_hal_tim.d" -MT"Drivers/STM32L4xx_HAL_Driver/stm32l4xx_hal_tim.o" --specs=nano.specs -mfpu=fpv4-sp-d16 -mfloat-abi=hard -mthumb -o "Drivers/STM32L4xx_HAL_Driver/stm32l4xx_hal_tim.o"
arm-none-eabi-gcc "/home/jasonau/STM32Cube/Repository/STM32Cube_FW_L4_V1.15.1/Drivers/STM32L4xx_HAL_Driver/Src/stm32l4xx_hal_tim_ex.c" -mcpu=cortex-m4 -std=gnu11 -g3 -DUSE_HAL_DRIVER -DSTM32L476xx -DDEBUG -c -I/home/jasonau/STM32Cube/Repository/STM32Cube_FW_L4_V1.15.1/Drivers/CMSIS/Device/ST/STM32L4xx/Include -I../Core/Inc -I/home/jasonau/STM32Cube/Repository/STM32Cube_FW_L4_V1.15.1/Middlewares/Third_Party/FreeRTOS/Source/include -I/home/jasonau/STM32Cube/Repository/STM32Cube_FW_L4_V1.15.1/Middlewares/Third_Party/FreeRTOS/Source/CMSIS_RTOS_V2 -I/home/jasonau/STM32Cube/Repository/STM32Cube_FW_L4_V1.15.1/Drivers/STM32L4xx_HAL_Driver/Inc -I/home/jasonau/STM32Cube/Repository/STM32Cube_FW_L4_V1.15.1/Drivers/STM32L4xx_HAL_Driver/Inc/Legacy -I/home/jasonau/STM32Cube/Repository/STM32Cube_FW_L4_V1.15.1/Middlewares/Third_Party/FreeRTOS/Source/portable/GCC/ARM_CM4F -I/home/jasonau/STM32Cube/Repository/STM32Cube_FW_L4_V1.15.1/Drivers/CMSIS/Include -O0 -ffunction-sections -fdata-sections -Wall -fstack-usage -MMD -MP -MF"Drivers/STM32L4xx_HAL_Driver/stm32l4xx_hal_tim_ex.d" -MT"Drivers/STM32L4xx_HAL_Driver/stm32l4xx_hal_tim_ex.o" --specs=nano.specs -mfpu=fpv4-sp-d16 -mfloat-abi=hard -mthumb -o "Drivers/STM32L4xx_HAL_Driver/stm32l4xx_hal_tim_ex.o"
arm-none-eabi-gcc "/home/jasonau/STM32Cube/Repository/STM32Cube_FW_L4_V1.15.1/Drivers/STM32L4xx_HAL_Driver/Src/stm32l4xx_hal_uart.c" -mcpu=cortex-m4 -std=gnu11 -g3 -DUSE_HAL_DRIVER -DSTM32L476xx -DDEBUG -c -I/home/jasonau/STM32Cube/Repository/STM32Cube_FW_L4_V1.15.1/Drivers/CMSIS/Device/ST/STM32L4xx/Include -I../Core/Inc -I/home/jasonau/STM32Cube/Repository/STM32Cube_FW_L4_V1.15.1/Middlewares/Third_Party/FreeRTOS/Source/include -I/home/jasonau/STM32Cube/Repository/STM32Cube_FW_L4_V1.15.1/Middlewares/Third_Party/FreeRTOS/Source/CMSIS_RTOS_V2 -I/home/jasonau/STM32Cube/Repository/STM32Cube_FW_L4_V1.15.1/Drivers/STM32L4xx_HAL_Driver/Inc -I/home/jasonau/STM32Cube/Repository/STM32Cube_FW_L4_V1.15.1/Drivers/STM32L4xx_HAL_Driver/Inc/Legacy -I/home/jasonau/STM32Cube/Repository/STM32Cube_FW_L4_V1.15.1/Middlewares/Third_Party/FreeRTOS/Source/portable/GCC/ARM_CM4F -I/home/jasonau/STM32Cube/Repository/STM32Cube_FW_L4_V1.15.1/Drivers/CMSIS/Include -O0 -ffunction-sections -fdata-sections -Wall -fstack-usage -MMD -MP -MF"Drivers/STM32L4xx_HAL_Driver/stm32l4xx_hal_uart.d" -MT"Drivers/STM32L4xx_HAL_Driver/stm32l4xx_hal_uart.o" --specs=nano.specs -mfpu=fpv4-sp-d16 -mfloat-abi=hard -mthumb -o "Drivers/STM32L4xx_HAL_Driver/stm32l4xx_hal_uart.o"
arm-none-eabi-gcc "/home/jasonau/STM32Cube/Repository/STM32Cube_FW_L4_V1.15.1/Drivers/STM32L4xx_HAL_Driver/Src/stm32l4xx_hal_uart_ex.c" -mcpu=cortex-m4 -std=gnu11 -g3 -DUSE_HAL_DRIVER -DSTM32L476xx -DDEBUG -c -I/home/jasonau/STM32Cube/Repository/STM32Cube_FW_L4_V1.15.1/Drivers/CMSIS/Device/ST/STM32L4xx/Include -I../Core/Inc -I/home/jasonau/STM32Cube/Repository/STM32Cube_FW_L4_V1.15.1/Middlewares/Third_Party/FreeRTOS/Source/include -I/home/jasonau/STM32Cube/Repository/STM32Cube_FW_L4_V1.15.1/Middlewares/Third_Party/FreeRTOS/Source/CMSIS_RTOS_V2 -I/home/jasonau/STM32Cube/Repository/STM32Cube_FW_L4_V1.15.1/Drivers/STM32L4xx_HAL_Driver/Inc -I/home/jasonau/STM32Cube/Repository/STM32Cube_FW_L4_V1.15.1/Drivers/STM32L4xx_HAL_Driver/Inc/Legacy -I/home/jasonau/STM32Cube/Repository/STM32Cube_FW_L4_V1.15.1/Middlewares/Third_Party/FreeRTOS/Source/portable/GCC/ARM_CM4F -I/home/jasonau/STM32Cube/Repository/STM32Cube_FW_L4_V1.15.1/Drivers/CMSIS/Include -O0 -ffunction-sections -fdata-sections -Wall -fstack-usage -MMD -MP -MF"Drivers/STM32L4xx_HAL_Driver/stm32l4xx_hal_uart_ex.d" -MT"Drivers/STM32L4xx_HAL_Driver/stm32l4xx_hal_uart_ex.o" --specs=nano.specs -mfpu=fpv4-sp-d16 -mfloat-abi=hard -mthumb -o "Drivers/STM32L4xx_HAL_Driver/stm32l4xx_hal_uart_ex.o"
arm-none-eabi-gcc "../Core/Src/freertos.c" -mcpu=cortex-m4 -std=gnu11 -g3 -DUSE_HAL_DRIVER -DSTM32L476xx -DDEBUG -c -I/home/jasonau/STM32Cube/Repository/STM32Cube_FW_L4_V1.15.1/Drivers/CMSIS/Device/ST/STM32L4xx/Include -I../Core/Inc -I/home/jasonau/STM32Cube/Repository/STM32Cube_FW_L4_V1.15.1/Middlewares/Third_Party/FreeRTOS/Source/include -I/home/jasonau/STM32Cube/Repository/STM32Cube_FW_L4_V1.15.1/Middlewares/Third_Party/FreeRTOS/Source/CMSIS_RTOS_V2 -I/home/jasonau/STM32Cube/Repository/STM32Cube_FW_L4_V1.15.1/Drivers/STM32L4xx_HAL_Driver/Inc -I/home/jasonau/STM32Cube/Repository/STM32Cube_FW_L4_V1.15.1/Drivers/STM32L4xx_HAL_Driver/Inc/Legacy -I/home/jasonau/STM32Cube/Repository/STM32Cube_FW_L4_V1.15.1/Middlewares/Third_Party/FreeRTOS/Source/portable/GCC/ARM_CM4F -I/home/jasonau/STM32Cube/Repository/STM32Cube_FW_L4_V1.15.1/Drivers/CMSIS/Include -O0 -ffunction-sections -fdata-sections -Wall -fstack-usage -MMD -MP -MF"Core/Src/freertos.d" -MT"Core/Src/freertos.o" --specs=nano.specs -mfpu=fpv4-sp-d16 -mfloat-abi=hard -mthumb -o "Core/Src/freertos.o"
arm-none-eabi-gcc "../Core/Src/main.c" -mcpu=cortex-m4 -std=gnu11 -g3 -DUSE_HAL_DRIVER -DSTM32L476xx -DDEBUG -c -I/home/jasonau/STM32Cube/Repository/STM32Cube_FW_L4_V1.15.1/Drivers/CMSIS/Device/ST/STM32L4xx/Include -I../Core/Inc -I/home/jasonau/STM32Cube/Repository/STM32Cube_FW_L4_V1.15.1/Middlewares/Third_Party/FreeRTOS/Source/include -I/home/jasonau/STM32Cube/Repository/STM32Cube_FW_L4_V1.15.1/Middlewares/Third_Party/FreeRTOS/Source/CMSIS_RTOS_V2 -I/home/jasonau/STM32Cube/Repository/STM32Cube_FW_L4_V1.15.1/Drivers/STM32L4xx_HAL_Driver/Inc -I/home/jasonau/STM32Cube/Repository/STM32Cube_FW_L4_V1.15.1/Drivers/STM32L4xx_HAL_Driver/Inc/Legacy -I/home/jasonau/STM32Cube/Repository/STM32Cube_FW_L4_V1.15.1/Middlewares/Third_Party/FreeRTOS/Source/portable/GCC/ARM_CM4F -I/home/jasonau/STM32Cube/Repository/STM32Cube_FW_L4_V1.15.1/Drivers/CMSIS/Include -O0 -ffunction-sections -fdata-sections -Wall -fstack-usage -MMD -MP -MF"Core/Src/main.d" -MT"Core/Src/main.o" --specs=nano.specs -mfpu=fpv4-sp-d16 -mfloat-abi=hard -mthumb -o "Core/Src/main.o"
arm-none-eabi-gcc "../Core/Src/stm32l4xx_hal_msp.c" -mcpu=cortex-m4 -std=gnu11 -g3 -DUSE_HAL_DRIVER -DSTM32L476xx -DDEBUG -c -I/home/jasonau/STM32Cube/Repository/STM32Cube_FW_L4_V1.15.1/Drivers/CMSIS/Device/ST/STM32L4xx/Include -I../Core/Inc -I/home/jasonau/STM32Cube/Repository/STM32Cube_FW_L4_V1.15.1/Middlewares/Third_Party/FreeRTOS/Source/include -I/home/jasonau/STM32Cube/Repository/STM32Cube_FW_L4_V1.15.1/Middlewares/Third_Party/FreeRTOS/Source/CMSIS_RTOS_V2 -I/home/jasonau/STM32Cube/Repository/STM32Cube_FW_L4_V1.15.1/Drivers/STM32L4xx_HAL_Driver/Inc -I/home/jasonau/STM32Cube/Repository/STM32Cube_FW_L4_V1.15.1/Drivers/STM32L4xx_HAL_Driver/Inc/Legacy -I/home/jasonau/STM32Cube/Repository/STM32Cube_FW_L4_V1.15.1/Middlewares/Third_Party/FreeRTOS/Source/portable/GCC/ARM_CM4F -I/home/jasonau/STM32Cube/Repository/STM32Cube_FW_L4_V1.15.1/Drivers/CMSIS/Include -O0 -ffunction-sections -fdata-sections -Wall -fstack-usage -MMD -MP -MF"Core/Src/stm32l4xx_hal_msp.d" -MT"Core/Src/stm32l4xx_hal_msp.o" --specs=nano.specs -mfpu=fpv4-sp-d16 -mfloat-abi=hard -mthumb -o "Core/Src/stm32l4xx_hal_msp.o"
arm-none-eabi-gcc "../Core/Src/stm32l4xx_hal_timebase_tim.c" -mcpu=cortex-m4 -std=gnu11 -g3 -DUSE_HAL_DRIVER -DSTM32L476xx -DDEBUG -c -I/home/jasonau/STM32Cube/Repository/STM32Cube_FW_L4_V1.15.1/Drivers/CMSIS/Device/ST/STM32L4xx/Include -I../Core/Inc -I/home/jasonau/STM32Cube/Repository/STM32Cube_FW_L4_V1.15.1/Middlewares/Third_Party/FreeRTOS/Source/include -I/home/jasonau/STM32Cube/Repository/STM32Cube_FW_L4_V1.15.1/Middlewares/Third_Party/FreeRTOS/Source/CMSIS_RTOS_V2 -I/home/jasonau/STM32Cube/Repository/STM32Cube_FW_L4_V1.15.1/Drivers/STM32L4xx_HAL_Driver/Inc -I/home/jasonau/STM32Cube/Repository/STM32Cube_FW_L4_V1.15.1/Drivers/STM32L4xx_HAL_Driver/Inc/Legacy -I/home/jasonau/STM32Cube/Repository/STM32Cube_FW_L4_V1.15.1/Middlewares/Third_Party/FreeRTOS/Source/portable/GCC/ARM_CM4F -I/home/jasonau/STM32Cube/Repository/STM32Cube_FW_L4_V1.15.1/Drivers/CMSIS/Include -O0 -ffunction-sections -fdata-sections -Wall -fstack-usage -MMD -MP -MF"Core/Src/stm32l4xx_hal_timebase_tim.d" -MT"Core/Src/stm32l4xx_hal_timebase_tim.o" --specs=nano.specs -mfpu=fpv4-sp-d16 -mfloat-abi=hard -mthumb -o "Core/Src/stm32l4xx_hal_timebase_tim.o"
arm-none-eabi-gcc "../Core/Src/stm32l4xx_it.c" -mcpu=cortex-m4 -std=gnu11 -g3 -DUSE_HAL_DRIVER -DSTM32L476xx -DDEBUG -c -I/home/jasonau/STM32Cube/Repository/STM32Cube_FW_L4_V1.15.1/Drivers/CMSIS/Device/ST/STM32L4xx/Include -I../Core/Inc -I/home/jasonau/STM32Cube/Repository/STM32Cube_FW_L4_V1.15.1/Middlewares/Third_Party/FreeRTOS/Source/include -I/home/jasonau/STM32Cube/Repository/STM32Cube_FW_L4_V1.15.1/Middlewares/Third_Party/FreeRTOS/Source/CMSIS_RTOS_V2 -I/home/jasonau/STM32Cube/Repository/STM32Cube_FW_L4_V1.15.1/Drivers/STM32L4xx_HAL_Driver/Inc -I/home/jasonau/STM32Cube/Repository/STM32Cube_FW_L4_V1.15.1/Drivers/STM32L4xx_HAL_Driver/Inc/Legacy -I/home/jasonau/STM32Cube/Repository/STM32Cube_FW_L4_V1.15.1/Middlewares/Third_Party/FreeRTOS/Source/portable/GCC/ARM_CM4F -I/home/jasonau/STM32Cube/Repository/STM32Cube_FW_L4_V1.15.1/Drivers/CMSIS/Include -O0 -ffunction-sections -fdata-sections -Wall -fstack-usage -MMD -MP -MF"Core/Src/stm32l4xx_it.d" -MT"Core/Src/stm32l4xx_it.o" --specs=nano.specs -mfpu=fpv4-sp-d16 -mfloat-abi=hard -mthumb -o "Core/Src/stm32l4xx_it.o"
arm-none-eabi-gcc "../Core/Src/system_stm32l4xx.c" -mcpu=cortex-m4 -std=gnu11 -g3 -DUSE_HAL_DRIVER -DSTM32L476xx -DDEBUG -c -I/home/jasonau/STM32Cube/Repository/STM32Cube_FW_L4_V1.15.1/Drivers/CMSIS/Device/ST/STM32L4xx/Include -I../Core/Inc -I/home/jasonau/STM32Cube/Repository/STM32Cube_FW_L4_V1.15.1/Middlewares/Third_Party/FreeRTOS/Source/include -I/home/jasonau/STM32Cube/Repository/STM32Cube_FW_L4_V1.15.1/Middlewares/Third_Party/FreeRTOS/Source/CMSIS_RTOS_V2 -I/home/jasonau/STM32Cube/Repository/STM32Cube_FW_L4_V1.15.1/Drivers/STM32L4xx_HAL_Driver/Inc -I/home/jasonau/STM32Cube/Repository/STM32Cube_FW_L4_V1.15.1/Drivers/STM32L4xx_HAL_Driver/Inc/Legacy -I/home/jasonau/STM32Cube/Repository/STM32Cube_FW_L4_V1.15.1/Middlewares/Third_Party/FreeRTOS/Source/portable/GCC/ARM_CM4F -I/home/jasonau/STM32Cube/Repository/STM32Cube_FW_L4_V1.15.1/Drivers/CMSIS/Include -O0 -ffunction-sections -fdata-sections -Wall -fstack-usage -MMD -MP -MF"Core/Src/system_stm32l4xx.d" -MT"Core/Src/system_stm32l4xx.o" --specs=nano.specs -mfpu=fpv4-sp-d16 -mfloat-abi=hard -mthumb -o "Core/Src/system_stm32l4xx.o"
../Core/Src/main.c: In function 'StartDefaultTask':
../Core/Src/main.c:267:12: warning: pointer targets in passing argument 1 of 'sprintf' differ in signedness [-Wpointer-sign]
    sprintf(buffer,"Hello World\r\n");
            ^~~~~~
In file included from ../Core/Src/main.c:27:0:
/opt/st/stm32cubeide_1.3.0/plugins/com.st.stm32cube.ide.mcu.externaltools.gnu-tools-for-stm32.7-2018-q2-update.linux64_1.0.0.201904181610/tools/arm-none-eabi/include/stdio.h:244:5: note: expected 'char * restrict' but argument is of type 'uint8_t * {aka unsigned char *}'
 int sprintf (char *__restrict, const char *__restrict, ...)
     ^~~~~~~
arm-none-eabi-gcc -o "project5_game.elf" @"objects.list"   -mcpu=cortex-m4 -T"/home/jasonau/Courses/rtes/project_5_game/project5_game/STM32L476VGTX_FLASH.ld" --specs=nosys.specs -Wl,-Map="project5_game.map" -Wl,--gc-sections -static --specs=nano.specs -mfpu=fpv4-sp-d16 -mfloat-abi=hard -mthumb -Wl,--start-group -lc -lm -Wl,--end-group
Finished building target: project5_game.elf
 
arm-none-eabi-objdump -h -S  project5_game.elf  > "project5_game.list"
arm-none-eabi-objcopy  -O binary  project5_game.elf  "project5_game.bin"
arm-none-eabi-size   project5_game.elf 
   text	   data	    bss	    dec	    hex	filename
  24920	     24	   8168	  33112	   8158	project5_game.elf
Finished building: default.size.stdout
 
Finished building: project5_game.bin
 
Finished building: project5_game.list
 
